Build started 6/10/2025 2:46:59 PM.
     1>Project "/home/dylan/Documents/GitHub/CwLibNet/CwLibNet.sln" on node 1 (Restore target(s)).
     1>ValidateSolutionConfiguration:
         Building solution configuration "Debug|Any CPU".
       _GetAllRestoreProjectPathItems:
         Determining projects to restore...
       Restore:
         X.509 certificate chain validation will use the fallback certificate bundle at '/usr/lib/dotnet/sdk/8.0.116/trustedroots/codesignctl.pem'.
         X.509 certificate chain validation will use the fallback certificate bundle at '/usr/lib/dotnet/sdk/8.0.116/trustedroots/timestampctl.pem'.
         Assets file has not changed. Skipping assets file writing. Path: /home/dylan/Documents/GitHub/CwLibNet/CwLibNet_4_HUB/obj/project.assets.json
         Assets file has not changed. Skipping assets file writing. Path: /home/dylan/Documents/GitHub/CwLibNet/CwLibNetTests/obj/project.assets.json
         Assets file has not changed. Skipping assets file writing. Path: /home/dylan/Documents/GitHub/CwLibNet/CwLibNet/obj/project.assets.json
         Restored /home/dylan/Documents/GitHub/CwLibNet/CwLibNet_4_HUB/CwLibNet.csproj (in 25 ms).
         Restored /home/dylan/Documents/GitHub/CwLibNet/CwLibNet/CwLibNet.csproj (in 25 ms).
         Restored /home/dylan/Documents/GitHub/CwLibNet/CwLibNetTests/CwLibNetTests.csproj (in 25 ms).
         
         NuGet Config files used:
             /home/dylan/.nuget/NuGet/NuGet.Config
         
         Feeds used:
             https://api.nuget.org/v3/index.json
         All projects are up-to-date for restore.
     1>Done Building Project "/home/dylan/Documents/GitHub/CwLibNet/CwLibNet.sln" (Restore target(s)).
   1:2>Project "/home/dylan/Documents/GitHub/CwLibNet/CwLibNet.sln" on node 1 (VSTest target(s)).
     1>ValidateSolutionConfiguration:
         Building solution configuration "Debug|Any CPU".
   1:2>Project "/home/dylan/Documents/GitHub/CwLibNet/CwLibNet.sln" (1:2) is building "/home/dylan/Documents/GitHub/CwLibNet/CwLibNetTests/CwLibNetTests.csproj" (3:6) on node 1 (VSTest target(s)).
     3>BuildProject:
         Build started, please wait...
   3:6>Project "/home/dylan/Documents/GitHub/CwLibNet/CwLibNetTests/CwLibNetTests.csproj" (3:6) is building "/home/dylan/Documents/GitHub/CwLibNet/CwLibNetTests/CwLibNetTests.csproj" (3:7) on node 1 (default targets).
   3:7>Project "/home/dylan/Documents/GitHub/CwLibNet/CwLibNetTests/CwLibNetTests.csproj" (3:7) is building "/home/dylan/Documents/GitHub/CwLibNet/CwLibNet_4_HUB/CwLibNet.csproj" (4:6) on node 2 (default targets).
     4>_GenerateSourceLinkFile:
         Source Link file 'obj/Debug/netstandard2.1/CwLibNet.sourcelink.json' is up-to-date.
       CoreCompile:
       Skipping target "CoreCompile" because all output files are up-to-date with respect to the input files.
       GenerateBuildDependencyFile:
       Skipping target "GenerateBuildDependencyFile" because all output files are up-to-date with respect to the input files.
       CopyFilesToOutputDirectory:
         CwLibNet -> /home/dylan/Documents/GitHub/CwLibNet/CwLibNet_4_HUB/bin/Debug/netstandard2.1/CwLibNet.dll
     4>Done Building Project "/home/dylan/Documents/GitHub/CwLibNet/CwLibNet_4_HUB/CwLibNet.csproj" (default targets).
     3>GenerateTargetFrameworkMonikerAttribute:
       Skipping target "GenerateTargetFrameworkMonikerAttribute" because all output files are up-to-date with respect to the input files.
       CoreGenerateAssemblyInfo:
       Skipping target "CoreGenerateAssemblyInfo" because all output files are up-to-date with respect to the input files.
       _GenerateSourceLinkFile:
         Source Link file 'obj/Debug/net8.0/CwLibNetTests.sourcelink.json' is up-to-date.
       CoreCompile:
       Skipping target "CoreCompile" because all output files are up-to-date with respect to the input files.
       _CopyOutOfDateSourceItemsToOutputDirectory:
       Skipping target "_CopyOutOfDateSourceItemsToOutputDirectory" because all output files are up-to-date with respect to the input files.
       GenerateBuildDependencyFile:
       Skipping target "GenerateBuildDependencyFile" because all output files are up-to-date with respect to the input files.
       GenerateBuildRuntimeConfigurationFiles:
       Skipping target "GenerateBuildRuntimeConfigurationFiles" because all output files are up-to-date with respect to the input files.
       CopyFilesToOutputDirectory:
         CwLibNetTests -> /home/dylan/Documents/GitHub/CwLibNet/CwLibNetTests/bin/Debug/net8.0/CwLibNetTests.dll
     3>Done Building Project "/home/dylan/Documents/GitHub/CwLibNet/CwLibNetTests/CwLibNetTests.csproj" (default targets).
     3>BuildProject:
         Build completed.
         
Test run for /home/dylan/Documents/GitHub/CwLibNet/CwLibNetTests/bin/Debug/net8.0/CwLibNetTests.dll (.NETCoreApp,Version=v8.0)
Microsoft (R) Test Execution Command Line Tool Version 17.8.0 (x64)
Copyright (c) Microsoft Corporation.  All rights reserved.

Starting test execution, please wait...
A total of 1 test files matched the specified pattern.
[xUnit.net 00:00:00.00] xUnit.net VSTest Adapter v2.5.3.1+6b60a9e56a (64-bit .NET 8.0.16)
[xUnit.net 00:00:00.03]   Discovering: CwLibNetTests
[xUnit.net 00:00:00.06]   Discovered:  CwLibNetTests
[xUnit.net 00:00:00.06]   Starting:    CwLibNetTests
Resource Type: CwLibNet4Hub.Enums.ResourceType
Serialization Type: CwLibNet4Hub.Enums.SerializationType
Revision: Revision: (r880)
Compression Flags: 7
RMesh Debug - Revision head: 880, version: 880, subVersion: 0
RMesh Debug - FUZZ revision check: subVersion (0) >= FUZZ (363)? False
RMesh Debug - NumVerts: 11664, NumIndices: 19908, StreamCount: 2
RMesh Debug - AttributeCount: 3, MorphCount: 0
RMesh Debug - Stream position after basic fields: 13
RMesh Debug - About to read stream offsets. Current position: 51
RMesh Debug - Read offset 0: 0
RMesh Debug - Read offset 1: 0
RMesh Debug - Read offset 2: 0
RMesh Debug - Read final offset: 0. Current position: 55
RMesh Debug - Reading stream 0: 186624 bytes (NumVerts=11664 * 0x10)
RMesh Debug - After reading stream 0, position: 186679
RMesh Debug - Reading stream 1: 186624 bytes (NumVerts=11664 * 0x10)
RMesh Debug - After reading stream 1, position: 373303
🔍 Bytearray() - Size read: 116, Offset before I32: 373303, Offset after I32: 373305, Total length: 917507
RMesh Debug - Stream position after Attributes: 373421
RMesh Debug - Attributes length: 116
🔍 Bytearray() - Size read: 0, Offset before I32: 373421, Offset after I32: 373422, Total length: 917507
🚨 Zero size detected! Dumping next 20 bytes from current position:
00 FF 00 FF A7 F6 00 FF A7 F6 00 C0 2F F4 00 00 00 FF 00 FF 
RMesh Debug - Stream position after Indices: 373422
RMesh Debug - Indices length: 0
RMesh Debug - Expected indices bytes (NumIndices * 2): 39816
🚨 Zero size detected! With compressed integers, reading indices as raw bytes from current position...
✅ Read 39816 bytes as raw indices data
RMesh Debug - Stream position after raw indices read: 413238
🔍 Arraylist<T> - Read count: 1727
🔍 Primitive - Version: 880 (0x370), Position before Material: 413240
🔍 Primitive - Version >= MESH_TEXTURE_ALTERNATIVES (377), serializing TextureAlternatives
🔍 Primitive - Version: 880 (0x370), Position before Material: 413256
🔍 Primitive - Version >= MESH_TEXTURE_ALTERNATIVES (377), serializing TextureAlternatives
🔍 Primitive - Version: 880 (0x370), Position before Material: 413307
🔍 Primitive - Version >= MESH_TEXTURE_ALTERNATIVES (377), serializing TextureAlternatives
🔍 Primitive - Version: 880 (0x370), Position before Material: 413321
🔍 Primitive - Version >= MESH_TEXTURE_ALTERNATIVES (377), serializing TextureAlternatives
🔍 Primitive - Version: 880 (0x370), Position before Material: 413354
🔍 Primitive - Version >= MESH_TEXTURE_ALTERNATIVES (377), serializing TextureAlternatives
🔍 Primitive - Version: 880 (0x370), Position before Material: 413372
🔍 Primitive - Version >= MESH_TEXTURE_ALTERNATIVES (377), serializing TextureAlternatives
🔍 Primitive - Version: 880 (0x370), Position before Material: 413393
🔍 Primitive - Version >= MESH_TEXTURE_ALTERNATIVES (377), serializing TextureAlternatives
🔍 Primitive - Version: 880 (0x370), Position before Material: 413441
🔍 Primitive - Version >= MESH_TEXTURE_ALTERNATIVES (377), serializing TextureAlternatives
🔍 Primitive - Version: 880 (0x370), Position before Material: 413478
🔍 Primitive - Version >= MESH_TEXTURE_ALTERNATIVES (377), serializing TextureAlternatives
🔍 Primitive - Version: 880 (0x370), Position before Material: 413524
🔍 Primitive - Version >= MESH_TEXTURE_ALTERNATIVES (377), serializing TextureAlternatives
🔍 Primitive - Version: 880 (0x370), Position before Material: 413581
🔍 Primitive - Version >= MESH_TEXTURE_ALTERNATIVES (377), serializing TextureAlternatives
🔍 Primitive - Version: 880 (0x370), Position before Material: 413597
🔍 Primitive - Version >= MESH_TEXTURE_ALTERNATIVES (377), serializing TextureAlternatives
🔍 Primitive - Version: 880 (0x370), Position before Material: 413631
🔍 Primitive - Version >= MESH_TEXTURE_ALTERNATIVES (377), serializing TextureAlternatives
🔍 Primitive - Version: 880 (0x370), Position before Material: 413662
🔍 Primitive - Version >= MESH_TEXTURE_ALTERNATIVES (377), serializing TextureAlternatives
🔍 Primitive - Version: 880 (0x370), Position before Material: 413677
🔍 Primitive - Version >= MESH_TEXTURE_ALTERNATIVES (377), serializing TextureAlternatives
🔍 Primitive - Version: 880 (0x370), Position before Material: 413694
🔍 Primitive - Version >= MESH_TEXTURE_ALTERNATIVES (377), serializing TextureAlternatives
🔍 Primitive - Version: 880 (0x370), Position before Material: 413710
🔍 Primitive - Version >= MESH_TEXTURE_ALTERNATIVES (377), serializing TextureAlternatives
🔍 Primitive - Version: 880 (0x370), Position before Material: 413745
🔍 Primitive - Version >= MESH_TEXTURE_ALTERNATIVES (377), serializing TextureAlternatives
🔍 Primitive - Version: 880 (0x370), Position before Material: 413779
🔍 Primitive - Version >= MESH_TEXTURE_ALTERNATIVES (377), serializing TextureAlternatives
🔍 Primitive - Version: 880 (0x370), Position before Material: 413838
🔍 Primitive - Version >= MESH_TEXTURE_ALTERNATIVES (377), serializing TextureAlternatives
🔍 Primitive - Version: 880 (0x370), Position before Material: 413878
🔍 Primitive - Version >= MESH_TEXTURE_ALTERNATIVES (377), serializing TextureAlternatives
🔍 Primitive - Version: 880 (0x370), Position before Material: 413896
🔍 Primitive - Version >= MESH_TEXTURE_ALTERNATIVES (377), serializing TextureAlternatives
🔍 Primitive - Version: 880 (0x370), Position before Material: 413936
🔍 Primitive - Version >= MESH_TEXTURE_ALTERNATIVES (377), serializing TextureAlternatives
🔍 Primitive - Version: 880 (0x370), Position before Material: 413951
🔍 Primitive - Version >= MESH_TEXTURE_ALTERNATIVES (377), serializing TextureAlternatives
🔍 Primitive - Version: 880 (0x370), Position before Material: 413985
🔍 Primitive - Version >= MESH_TEXTURE_ALTERNATIVES (377), serializing TextureAlternatives
🔍 Primitive - Version: 880 (0x370), Position before Material: 414027
🔍 Primitive - Version >= MESH_TEXTURE_ALTERNATIVES (377), serializing TextureAlternatives
🔍 Primitive - Version: 880 (0x370), Position before Material: 414080
🔍 Primitive - Version >= MESH_TEXTURE_ALTERNATIVES (377), serializing TextureAlternatives
🔍 Primitive - Version: 880 (0x370), Position before Material: 414121
🔍 Primitive - Version >= MESH_TEXTURE_ALTERNATIVES (377), serializing TextureAlternatives
🔍 Primitive - Version: 880 (0x370), Position before Material: 414136
🔍 Primitive - Version >= MESH_TEXTURE_ALTERNATIVES (377), serializing TextureAlternatives
🔍 Primitive - Version: 880 (0x370), Position before Material: 414148
🔍 Primitive - Version >= MESH_TEXTURE_ALTERNATIVES (377), serializing TextureAlternatives
🔍 Primitive - Version: 880 (0x370), Position before Material: 414181
🔍 Primitive - Version >= MESH_TEXTURE_ALTERNATIVES (377), serializing TextureAlternatives
🔍 Primitive - Version: 880 (0x370), Position before Material: 414199
🔍 Primitive - Version >= MESH_TEXTURE_ALTERNATIVES (377), serializing TextureAlternatives
🔍 Primitive - Version: 880 (0x370), Position before Material: 414249
🔍 Primitive - Version >= MESH_TEXTURE_ALTERNATIVES (377), serializing TextureAlternatives
🔍 Primitive - Version: 880 (0x370), Position before Material: 414270
🔍 Primitive - Version >= MESH_TEXTURE_ALTERNATIVES (377), serializing TextureAlternatives
🔍 Primitive - Version: 880 (0x370), Position before Material: 414313
🔍 Primitive - Version >= MESH_TEXTURE_ALTERNATIVES (377), serializing TextureAlternatives
🔍 Primitive - Version: 880 (0x370), Position before Material: 414349
🔍 Primitive - Version >= MESH_TEXTURE_ALTERNATIVES (377), serializing TextureAlternatives
🔍 Primitive - Version: 880 (0x370), Position before Material: 414392
🔍 Primitive - Version >= MESH_TEXTURE_ALTERNATIVES (377), serializing TextureAlternatives
🔍 Primitive - Version: 880 (0x370), Position before Material: 414427
🔍 Primitive - Version >= MESH_TEXTURE_ALTERNATIVES (377), serializing TextureAlternatives
🔍 Primitive - Version: 880 (0x370), Position before Material: 414440
🔍 Primitive - Version >= MESH_TEXTURE_ALTERNATIVES (377), serializing TextureAlternatives
🔍 Primitive - Version: 880 (0x370), Position before Material: 414490
🔍 Primitive - Version >= MESH_TEXTURE_ALTERNATIVES (377), serializing TextureAlternatives
🔍 Primitive - Version: 880 (0x370), Position before Material: 414509
🔍 Primitive - Version >= MESH_TEXTURE_ALTERNATIVES (377), serializing TextureAlternatives
🔍 Primitive - Version: 880 (0x370), Position before Material: 414529
🔍 Primitive - Version >= MESH_TEXTURE_ALTERNATIVES (377), serializing TextureAlternatives
🔍 Primitive - Version: 880 (0x370), Position before Material: 414585
🔍 Primitive - Version >= MESH_TEXTURE_ALTERNATIVES (377), serializing TextureAlternatives
🔍 Primitive - Version: 880 (0x370), Position before Material: 414625
🔍 Primitive - Version >= MESH_TEXTURE_ALTERNATIVES (377), serializing TextureAlternatives
🔍 Primitive - Version: 880 (0x370), Position before Material: 414658
🔍 Primitive - Version >= MESH_TEXTURE_ALTERNATIVES (377), serializing TextureAlternatives
🔍 Primitive - Version: 880 (0x370), Position before Material: 414711
🔍 Primitive - Version >= MESH_TEXTURE_ALTERNATIVES (377), serializing TextureAlternatives
🔍 Primitive - Version: 880 (0x370), Position before Material: 414772
🔍 Primitive - Version >= MESH_TEXTURE_ALTERNATIVES (377), serializing TextureAlternatives
🔍 Primitive - Version: 880 (0x370), Position before Material: 414826
🔍 Primitive - Version >= MESH_TEXTURE_ALTERNATIVES (377), serializing TextureAlternatives
🔍 Primitive - Version: 880 (0x370), Position before Material: 414866
🔍 Primitive - Version >= MESH_TEXTURE_ALTERNATIVES (377), serializing TextureAlternatives
🔍 Primitive - Version: 880 (0x370), Position before Material: 414881
🔍 Primitive - Version >= MESH_TEXTURE_ALTERNATIVES (377), serializing TextureAlternatives
🔍 Primitive - Version: 880 (0x370), Position before Material: 414894
🔍 Primitive - Version >= MESH_TEXTURE_ALTERNATIVES (377), serializing TextureAlternatives
🔍 Primitive - Version: 880 (0x370), Position before Material: 414908
🔍 Primitive - Version >= MESH_TEXTURE_ALTERNATIVES (377), serializing TextureAlternatives
🔍 Primitive - Version: 880 (0x370), Position before Material: 414921
🔍 Primitive - Version >= MESH_TEXTURE_ALTERNATIVES (377), serializing TextureAlternatives
🔍 Primitive - Version: 880 (0x370), Position before Material: 414973
🔍 Primitive - Version >= MESH_TEXTURE_ALTERNATIVES (377), serializing TextureAlternatives
🔍 Primitive - Version: 880 (0x370), Position before Material: 415009
🔍 Primitive - Version >= MESH_TEXTURE_ALTERNATIVES (377), serializing TextureAlternatives
🔍 Primitive - Version: 880 (0x370), Position before Material: 415065
🔍 Primitive - Version >= MESH_TEXTURE_ALTERNATIVES (377), serializing TextureAlternatives
🔍 Primitive - Version: 880 (0x370), Position before Material: 415099
🔍 Primitive - Version >= MESH_TEXTURE_ALTERNATIVES (377), serializing TextureAlternatives
🔍 Primitive - Version: 880 (0x370), Position before Material: 415129
🔍 Primitive - Version >= MESH_TEXTURE_ALTERNATIVES (377), serializing TextureAlternatives
🔍 Primitive - Version: 880 (0x370), Position before Material: 415162
🔍 Primitive - Version >= MESH_TEXTURE_ALTERNATIVES (377), serializing TextureAlternatives
🔍 Primitive - Version: 880 (0x370), Position before Material: 415225
🔍 Primitive - Version >= MESH_TEXTURE_ALTERNATIVES (377), serializing TextureAlternatives
🔍 Primitive - Version: 880 (0x370), Position before Material: 415242
🔍 Primitive - Version >= MESH_TEXTURE_ALTERNATIVES (377), serializing TextureAlternatives
🔍 Primitive - Version: 880 (0x370), Position before Material: 415281
🔍 Primitive - Version >= MESH_TEXTURE_ALTERNATIVES (377), serializing TextureAlternatives
🔍 Primitive - Version: 880 (0x370), Position before Material: 415296
🔍 Primitive - Version >= MESH_TEXTURE_ALTERNATIVES (377), serializing TextureAlternatives
🔍 Primitive - Version: 880 (0x370), Position before Material: 415309
🔍 Primitive - Version >= MESH_TEXTURE_ALTERNATIVES (377), serializing TextureAlternatives
🔍 Primitive - Version: 880 (0x370), Position before Material: 415324
🔍 Primitive - Version >= MESH_TEXTURE_ALTERNATIVES (377), serializing TextureAlternatives
🔍 Primitive - Version: 880 (0x370), Position before Material: 415364
🔍 Primitive - Version >= MESH_TEXTURE_ALTERNATIVES (377), serializing TextureAlternatives
🔍 Primitive - Version: 880 (0x370), Position before Material: 415381
🔍 Primitive - Version >= MESH_TEXTURE_ALTERNATIVES (377), serializing TextureAlternatives
🔍 Primitive - Version: 880 (0x370), Position before Material: 415397
🔍 Primitive - Version >= MESH_TEXTURE_ALTERNATIVES (377), serializing TextureAlternatives
🔍 Primitive - Version: 880 (0x370), Position before Material: 415429
🔍 Primitive - Version >= MESH_TEXTURE_ALTERNATIVES (377), serializing TextureAlternatives
🔍 Primitive - Version: 880 (0x370), Position before Material: 415447
🔍 Primitive - Version >= MESH_TEXTURE_ALTERNATIVES (377), serializing TextureAlternatives
🔍 Primitive - Version: 880 (0x370), Position before Material: 415504
🔍 Primitive - Version >= MESH_TEXTURE_ALTERNATIVES (377), serializing TextureAlternatives
🔍 Primitive - Version: 880 (0x370), Position before Material: 415537
🔍 Primitive - Version >= MESH_TEXTURE_ALTERNATIVES (377), serializing TextureAlternatives
🔍 Primitive - Version: 880 (0x370), Position before Material: 415573
🔍 Primitive - Version >= MESH_TEXTURE_ALTERNATIVES (377), serializing TextureAlternatives
🔍 Primitive - Version: 880 (0x370), Position before Material: 415593
🔍 Primitive - Version >= MESH_TEXTURE_ALTERNATIVES (377), serializing TextureAlternatives
🔍 Primitive - Version: 880 (0x370), Position before Material: 415608
🔍 Primitive - Version >= MESH_TEXTURE_ALTERNATIVES (377), serializing TextureAlternatives
🔍 Primitive - Version: 880 (0x370), Position before Material: 415663
🔍 Primitive - Version >= MESH_TEXTURE_ALTERNATIVES (377), serializing TextureAlternatives
🔍 Primitive - Version: 880 (0x370), Position before Material: 415685
🔍 Primitive - Version >= MESH_TEXTURE_ALTERNATIVES (377), serializing TextureAlternatives
🔍 Primitive - Version: 880 (0x370), Position before Material: 415741
🔍 Primitive - Version >= MESH_TEXTURE_ALTERNATIVES (377), serializing TextureAlternatives
🔍 Primitive - Version: 880 (0x370), Position before Material: 415761
🔍 Primitive - Version >= MESH_TEXTURE_ALTERNATIVES (377), serializing TextureAlternatives
🔍 Primitive - Version: 880 (0x370), Position before Material: 415801
🔍 Primitive - Version >= MESH_TEXTURE_ALTERNATIVES (377), serializing TextureAlternatives
🔍 Primitive - Version: 880 (0x370), Position before Material: 415815
🔍 Primitive - Version >= MESH_TEXTURE_ALTERNATIVES (377), serializing TextureAlternatives
🔍 Primitive - Version: 880 (0x370), Position before Material: 415881
🔍 Primitive - Version >= MESH_TEXTURE_ALTERNATIVES (377), serializing TextureAlternatives
🔍 Primitive - Version: 880 (0x370), Position before Material: 415902
🔍 Primitive - Version >= MESH_TEXTURE_ALTERNATIVES (377), serializing TextureAlternatives
🔍 Primitive - Version: 880 (0x370), Position before Material: 415925
🔍 Primitive - Version >= MESH_TEXTURE_ALTERNATIVES (377), serializing TextureAlternatives
🔍 Primitive - Version: 880 (0x370), Position before Material: 415957
🔍 Primitive - Version >= MESH_TEXTURE_ALTERNATIVES (377), serializing TextureAlternatives
🔍 Primitive - Version: 880 (0x370), Position before Material: 415970
🔍 Primitive - Version >= MESH_TEXTURE_ALTERNATIVES (377), serializing TextureAlternatives
🔍 Primitive - Version: 880 (0x370), Position before Material: 415983
🔍 Primitive - Version >= MESH_TEXTURE_ALTERNATIVES (377), serializing TextureAlternatives
🔍 Primitive - Version: 880 (0x370), Position before Material: 416020
🔍 Primitive - Version >= MESH_TEXTURE_ALTERNATIVES (377), serializing TextureAlternatives
🔍 Primitive - Version: 880 (0x370), Position before Material: 416053
🔍 Primitive - Version >= MESH_TEXTURE_ALTERNATIVES (377), serializing TextureAlternatives
🔍 Primitive - Version: 880 (0x370), Position before Material: 416089
🔍 Primitive - Version >= MESH_TEXTURE_ALTERNATIVES (377), serializing TextureAlternatives
🔍 Primitive - Version: 880 (0x370), Position before Material: 416123
🔍 Primitive - Version >= MESH_TEXTURE_ALTERNATIVES (377), serializing TextureAlternatives
🔍 Primitive - Version: 880 (0x370), Position before Material: 416163
🔍 Primitive - Version >= MESH_TEXTURE_ALTERNATIVES (377), serializing TextureAlternatives
🔍 Primitive - Version: 880 (0x370), Position before Material: 416199
🔍 Primitive - Version >= MESH_TEXTURE_ALTERNATIVES (377), serializing TextureAlternatives
🔍 Primitive - Version: 880 (0x370), Position before Material: 416217
🔍 Primitive - Version >= MESH_TEXTURE_ALTERNATIVES (377), serializing TextureAlternatives
🔍 Primitive - Version: 880 (0x370), Position before Material: 416239
🔍 Primitive - Version >= MESH_TEXTURE_ALTERNATIVES (377), serializing TextureAlternatives
🔍 Primitive - Version: 880 (0x370), Position before Material: 416252
🔍 Primitive - Version >= MESH_TEXTURE_ALTERNATIVES (377), serializing TextureAlternatives
🔍 Primitive - Version: 880 (0x370), Position before Material: 416265
🔍 Primitive - Version >= MESH_TEXTURE_ALTERNATIVES (377), serializing TextureAlternatives
🔍 Primitive - Version: 880 (0x370), Position before Material: 416284
🔍 Primitive - Version >= MESH_TEXTURE_ALTERNATIVES (377), serializing TextureAlternatives
🔍 Primitive - Version: 880 (0x370), Position before Material: 416304
🔍 Primitive - Version >= MESH_TEXTURE_ALTERNATIVES (377), serializing TextureAlternatives
🔍 Primitive - Version: 880 (0x370), Position before Material: 416339
🔍 Primitive - Version >= MESH_TEXTURE_ALTERNATIVES (377), serializing TextureAlternatives
🔍 Primitive - Version: 880 (0x370), Position before Material: 416380
🔍 Primitive - Version >= MESH_TEXTURE_ALTERNATIVES (377), serializing TextureAlternatives
🔍 Primitive - Version: 880 (0x370), Position before Material: 416432
🔍 Primitive - Version >= MESH_TEXTURE_ALTERNATIVES (377), serializing TextureAlternatives
🔍 Primitive - Version: 880 (0x370), Position before Material: 416473
🔍 Primitive - Version >= MESH_TEXTURE_ALTERNATIVES (377), serializing TextureAlternatives
🔍 Primitive - Version: 880 (0x370), Position before Material: 416509
🔍 Primitive - Version >= MESH_TEXTURE_ALTERNATIVES (377), serializing TextureAlternatives
🔍 Primitive - Version: 880 (0x370), Position before Material: 416542
🔍 Primitive - Version >= MESH_TEXTURE_ALTERNATIVES (377), serializing TextureAlternatives
🔍 Primitive - Version: 880 (0x370), Position before Material: 416553
🔍 Primitive - Version >= MESH_TEXTURE_ALTERNATIVES (377), serializing TextureAlternatives
🔍 Primitive - Version: 880 (0x370), Position before Material: 416572
🔍 Primitive - Version >= MESH_TEXTURE_ALTERNATIVES (377), serializing TextureAlternatives
🔍 Primitive - Version: 880 (0x370), Position before Material: 416584
🔍 Primitive - Version >= MESH_TEXTURE_ALTERNATIVES (377), serializing TextureAlternatives
🔍 Primitive - Version: 880 (0x370), Position before Material: 416600
🔍 Primitive - Version >= MESH_TEXTURE_ALTERNATIVES (377), serializing TextureAlternatives
🔍 Primitive - Version: 880 (0x370), Position before Material: 416617
🔍 Primitive - Version >= MESH_TEXTURE_ALTERNATIVES (377), serializing TextureAlternatives
🔍 Primitive - Version: 880 (0x370), Position before Material: 416673
🔍 Primitive - Version >= MESH_TEXTURE_ALTERNATIVES (377), serializing TextureAlternatives
🔍 Primitive - Version: 880 (0x370), Position before Material: 416691
🔍 Primitive - Version >= MESH_TEXTURE_ALTERNATIVES (377), serializing TextureAlternatives
🔍 Primitive - Version: 880 (0x370), Position before Material: 416727
🔍 Primitive - Version >= MESH_TEXTURE_ALTERNATIVES (377), serializing TextureAlternatives
🔍 Primitive - Version: 880 (0x370), Position before Material: 416759
🔍 Primitive - Version >= MESH_TEXTURE_ALTERNATIVES (377), serializing TextureAlternatives
🔍 Primitive - Version: 880 (0x370), Position before Material: 416777
🔍 Primitive - Version >= MESH_TEXTURE_ALTERNATIVES (377), serializing TextureAlternatives
🔍 Primitive - Version: 880 (0x370), Position before Material: 416800
🔍 Primitive - Version >= MESH_TEXTURE_ALTERNATIVES (377), serializing TextureAlternatives
🔍 Primitive - Version: 880 (0x370), Position before Material: 416837
🔍 Primitive - Version >= MESH_TEXTURE_ALTERNATIVES (377), serializing TextureAlternatives
🔍 Primitive - Version: 880 (0x370), Position before Material: 416861
🔍 Primitive - Version >= MESH_TEXTURE_ALTERNATIVES (377), serializing TextureAlternatives
🔍 Primitive - Version: 880 (0x370), Position before Material: 416904
🔍 Primitive - Version >= MESH_TEXTURE_ALTERNATIVES (377), serializing TextureAlternatives
🔍 Primitive - Version: 880 (0x370), Position before Material: 416917
🔍 Primitive - Version >= MESH_TEXTURE_ALTERNATIVES (377), serializing TextureAlternatives
🔍 Primitive - Version: 880 (0x370), Position before Material: 416960
🔍 Primitive - Version >= MESH_TEXTURE_ALTERNATIVES (377), serializing TextureAlternatives
🔍 Primitive - Version: 880 (0x370), Position before Material: 416981
🔍 Primitive - Version >= MESH_TEXTURE_ALTERNATIVES (377), serializing TextureAlternatives
🔍 Primitive - Version: 880 (0x370), Position before Material: 417025
🔍 Primitive - Version >= MESH_TEXTURE_ALTERNATIVES (377), serializing TextureAlternatives
🔍 Primitive - Version: 880 (0x370), Position before Material: 417044
🔍 Primitive - Version >= MESH_TEXTURE_ALTERNATIVES (377), serializing TextureAlternatives
🔍 Primitive - Version: 880 (0x370), Position before Material: 417087
🔍 Primitive - Version >= MESH_TEXTURE_ALTERNATIVES (377), serializing TextureAlternatives
🔍 Primitive - Version: 880 (0x370), Position before Material: 417109
🔍 Primitive - Version >= MESH_TEXTURE_ALTERNATIVES (377), serializing TextureAlternatives
🔍 Primitive - Version: 880 (0x370), Position before Material: 417128
🔍 Primitive - Version >= MESH_TEXTURE_ALTERNATIVES (377), serializing TextureAlternatives
🔍 Primitive - Version: 880 (0x370), Position before Material: 417168
🔍 Primitive - Version >= MESH_TEXTURE_ALTERNATIVES (377), serializing TextureAlternatives
🔍 Primitive - Version: 880 (0x370), Position before Material: 417198
🔍 Primitive - Version >= MESH_TEXTURE_ALTERNATIVES (377), serializing TextureAlternatives
🔍 Primitive - Version: 880 (0x370), Position before Material: 417244
🔍 Primitive - Version >= MESH_TEXTURE_ALTERNATIVES (377), serializing TextureAlternatives
🔍 Primitive - Version: 880 (0x370), Position before Material: 417280
🔍 Primitive - Version >= MESH_TEXTURE_ALTERNATIVES (377), serializing TextureAlternatives
🔍 Primitive - Version: 880 (0x370), Position before Material: 417296
🔍 Primitive - Version >= MESH_TEXTURE_ALTERNATIVES (377), serializing TextureAlternatives
🔍 Primitive - Version: 880 (0x370), Position before Material: 417317
🔍 Primitive - Version >= MESH_TEXTURE_ALTERNATIVES (377), serializing TextureAlternatives
🔍 Primitive - Version: 880 (0x370), Position before Material: 417351
🔍 Primitive - Version >= MESH_TEXTURE_ALTERNATIVES (377), serializing TextureAlternatives
🔍 Primitive - Version: 880 (0x370), Position before Material: 417363
🔍 Primitive - Version >= MESH_TEXTURE_ALTERNATIVES (377), serializing TextureAlternatives
🔍 Primitive - Version: 880 (0x370), Position before Material: 417383
🔍 Primitive - Version >= MESH_TEXTURE_ALTERNATIVES (377), serializing TextureAlternatives
🔍 Primitive - Version: 880 (0x370), Position before Material: 417439
🔍 Primitive - Version >= MESH_TEXTURE_ALTERNATIVES (377), serializing TextureAlternatives
🔍 Primitive - Version: 880 (0x370), Position before Material: 417479
🔍 Primitive - Version >= MESH_TEXTURE_ALTERNATIVES (377), serializing TextureAlternatives
🔍 Primitive - Version: 880 (0x370), Position before Material: 417533
🔍 Primitive - Version >= MESH_TEXTURE_ALTERNATIVES (377), serializing TextureAlternatives
🔍 Primitive - Version: 880 (0x370), Position before Material: 417567
🔍 Primitive - Version >= MESH_TEXTURE_ALTERNATIVES (377), serializing TextureAlternatives
🔍 Primitive - Version: 880 (0x370), Position before Material: 417601
🔍 Primitive - Version >= MESH_TEXTURE_ALTERNATIVES (377), serializing TextureAlternatives
🔍 Primitive - Version: 880 (0x370), Position before Material: 417637
🔍 Primitive - Version >= MESH_TEXTURE_ALTERNATIVES (377), serializing TextureAlternatives
🔍 Primitive - Version: 880 (0x370), Position before Material: 417676
🔍 Primitive - Version >= MESH_TEXTURE_ALTERNATIVES (377), serializing TextureAlternatives
🔍 Primitive - Version: 880 (0x370), Position before Material: 417711
🔍 Primitive - Version >= MESH_TEXTURE_ALTERNATIVES (377), serializing TextureAlternatives
🔍 Primitive - Version: 880 (0x370), Position before Material: 417749
🔍 Primitive - Version >= MESH_TEXTURE_ALTERNATIVES (377), serializing TextureAlternatives
🔍 Primitive - Version: 880 (0x370), Position before Material: 417774
🔍 Primitive - Version >= MESH_TEXTURE_ALTERNATIVES (377), serializing TextureAlternatives
🔍 Primitive - Version: 880 (0x370), Position before Material: 417812
🔍 Primitive - Version >= MESH_TEXTURE_ALTERNATIVES (377), serializing TextureAlternatives
🔍 Primitive - Version: 880 (0x370), Position before Material: 417871
🔍 Primitive - Version >= MESH_TEXTURE_ALTERNATIVES (377), serializing TextureAlternatives
🔍 Primitive - Version: 880 (0x370), Position before Material: 417906
🔍 Primitive - Version >= MESH_TEXTURE_ALTERNATIVES (377), serializing TextureAlternatives
🔍 Primitive - Version: 880 (0x370), Position before Material: 417938
🔍 Primitive - Version >= MESH_TEXTURE_ALTERNATIVES (377), serializing TextureAlternatives
🔍 Primitive - Version: 880 (0x370), Position before Material: 417990
🔍 Primitive - Version >= MESH_TEXTURE_ALTERNATIVES (377), serializing TextureAlternatives
🔍 Primitive - Version: 880 (0x370), Position before Material: 418006
🔍 Primitive - Version >= MESH_TEXTURE_ALTERNATIVES (377), serializing TextureAlternatives
🔍 Primitive - Version: 880 (0x370), Position before Material: 418043
🔍 Primitive - Version >= MESH_TEXTURE_ALTERNATIVES (377), serializing TextureAlternatives
🔍 Primitive - Version: 880 (0x370), Position before Material: 418061
🔍 Primitive - Version >= MESH_TEXTURE_ALTERNATIVES (377), serializing TextureAlternatives
🔍 Primitive - Version: 880 (0x370), Position before Material: 418097
🔍 Primitive - Version >= MESH_TEXTURE_ALTERNATIVES (377), serializing TextureAlternatives
🔍 Primitive - Version: 880 (0x370), Position before Material: 418135
🔍 Primitive - Version >= MESH_TEXTURE_ALTERNATIVES (377), serializing TextureAlternatives
🔍 Primitive - Version: 880 (0x370), Position before Material: 418153
🔍 Primitive - Version >= MESH_TEXTURE_ALTERNATIVES (377), serializing TextureAlternatives
🔍 Primitive - Version: 880 (0x370), Position before Material: 418192
🔍 Primitive - Version >= MESH_TEXTURE_ALTERNATIVES (377), serializing TextureAlternatives
🔍 Primitive - Version: 880 (0x370), Position before Material: 418246
🔍 Primitive - Version >= MESH_TEXTURE_ALTERNATIVES (377), serializing TextureAlternatives
🔍 Primitive - Version: 880 (0x370), Position before Material: 418284
🔍 Primitive - Version >= MESH_TEXTURE_ALTERNATIVES (377), serializing TextureAlternatives
🔍 Primitive - Version: 880 (0x370), Position before Material: 418298
🔍 Primitive - Version >= MESH_TEXTURE_ALTERNATIVES (377), serializing TextureAlternatives
🔍 Primitive - Version: 880 (0x370), Position before Material: 418360
🔍 Primitive - Version >= MESH_TEXTURE_ALTERNATIVES (377), serializing TextureAlternatives
🔍 Primitive - Version: 880 (0x370), Position before Material: 418393
🔍 Primitive - Version >= MESH_TEXTURE_ALTERNATIVES (377), serializing TextureAlternatives
🔍 Primitive - Version: 880 (0x370), Position before Material: 418444
🔍 Primitive - Version >= MESH_TEXTURE_ALTERNATIVES (377), serializing TextureAlternatives
🔍 Primitive - Version: 880 (0x370), Position before Material: 418484
🔍 Primitive - Version >= MESH_TEXTURE_ALTERNATIVES (377), serializing TextureAlternatives
🔍 Primitive - Version: 880 (0x370), Position before Material: 418523
🔍 Primitive - Version >= MESH_TEXTURE_ALTERNATIVES (377), serializing TextureAlternatives
🔍 Primitive - Version: 880 (0x370), Position before Material: 418538
🔍 Primitive - Version >= MESH_TEXTURE_ALTERNATIVES (377), serializing TextureAlternatives
🔍 Primitive - Version: 880 (0x370), Position before Material: 418576
🔍 Primitive - Version >= MESH_TEXTURE_ALTERNATIVES (377), serializing TextureAlternatives
🔍 Primitive - Version: 880 (0x370), Position before Material: 418609
🔍 Primitive - Version >= MESH_TEXTURE_ALTERNATIVES (377), serializing TextureAlternatives
🔍 Primitive - Version: 880 (0x370), Position before Material: 418645
🔍 Primitive - Version >= MESH_TEXTURE_ALTERNATIVES (377), serializing TextureAlternatives
🔍 Primitive - Version: 880 (0x370), Position before Material: 418656
🔍 Primitive - Version >= MESH_TEXTURE_ALTERNATIVES (377), serializing TextureAlternatives
🔍 Primitive - Version: 880 (0x370), Position before Material: 418673
🔍 Primitive - Version >= MESH_TEXTURE_ALTERNATIVES (377), serializing TextureAlternatives
🔍 Primitive - Version: 880 (0x370), Position before Material: 418717
🔍 Primitive - Version >= MESH_TEXTURE_ALTERNATIVES (377), serializing TextureAlternatives
🔍 Primitive - Version: 880 (0x370), Position before Material: 418754
🔍 Primitive - Version >= MESH_TEXTURE_ALTERNATIVES (377), serializing TextureAlternatives
🔍 Primitive - Version: 880 (0x370), Position before Material: 418772
🔍 Primitive - Version >= MESH_TEXTURE_ALTERNATIVES (377), serializing TextureAlternatives
🔍 Primitive - Version: 880 (0x370), Position before Material: 418807
🔍 Primitive - Version >= MESH_TEXTURE_ALTERNATIVES (377), serializing TextureAlternatives
🔍 Primitive - Version: 880 (0x370), Position before Material: 418846
🔍 Primitive - Version >= MESH_TEXTURE_ALTERNATIVES (377), serializing TextureAlternatives
🔍 Primitive - Version: 880 (0x370), Position before Material: 418862
🔍 Primitive - Version >= MESH_TEXTURE_ALTERNATIVES (377), serializing TextureAlternatives
🔍 Primitive - Version: 880 (0x370), Position before Material: 418875
🔍 Primitive - Version >= MESH_TEXTURE_ALTERNATIVES (377), serializing TextureAlternatives
🔍 Primitive - Version: 880 (0x370), Position before Material: 418912
🔍 Primitive - Version >= MESH_TEXTURE_ALTERNATIVES (377), serializing TextureAlternatives
🔍 Primitive - Version: 880 (0x370), Position before Material: 418929
🔍 Primitive - Version >= MESH_TEXTURE_ALTERNATIVES (377), serializing TextureAlternatives
🔍 Primitive - Version: 880 (0x370), Position before Material: 418946
🔍 Primitive - Version >= MESH_TEXTURE_ALTERNATIVES (377), serializing TextureAlternatives
🔍 Primitive - Version: 880 (0x370), Position before Material: 418961
🔍 Primitive - Version >= MESH_TEXTURE_ALTERNATIVES (377), serializing TextureAlternatives
🔍 Primitive - Version: 880 (0x370), Position before Material: 418999
🔍 Primitive - Version >= MESH_TEXTURE_ALTERNATIVES (377), serializing TextureAlternatives
🔍 Primitive - Version: 880 (0x370), Position before Material: 419031
🔍 Primitive - Version >= MESH_TEXTURE_ALTERNATIVES (377), serializing TextureAlternatives
🔍 Primitive - Version: 880 (0x370), Position before Material: 419047
🔍 Primitive - Version >= MESH_TEXTURE_ALTERNATIVES (377), serializing TextureAlternatives
🔍 Primitive - Version: 880 (0x370), Position before Material: 419065
🔍 Primitive - Version >= MESH_TEXTURE_ALTERNATIVES (377), serializing TextureAlternatives
🔍 Primitive - Version: 880 (0x370), Position before Material: 419101
🔍 Primitive - Version >= MESH_TEXTURE_ALTERNATIVES (377), serializing TextureAlternatives
🔍 Primitive - Version: 880 (0x370), Position before Material: 419114
🔍 Primitive - Version >= MESH_TEXTURE_ALTERNATIVES (377), serializing TextureAlternatives
🔍 Primitive - Version: 880 (0x370), Position before Material: 419149
🔍 Primitive - Version >= MESH_TEXTURE_ALTERNATIVES (377), serializing TextureAlternatives
🔍 Primitive - Version: 880 (0x370), Position before Material: 419186
🔍 Primitive - Version >= MESH_TEXTURE_ALTERNATIVES (377), serializing TextureAlternatives
🔍 Primitive - Version: 880 (0x370), Position before Material: 419220
🔍 Primitive - Version >= MESH_TEXTURE_ALTERNATIVES (377), serializing TextureAlternatives
🔍 Primitive - Version: 880 (0x370), Position before Material: 419234
🔍 Primitive - Version >= MESH_TEXTURE_ALTERNATIVES (377), serializing TextureAlternatives
🔍 Primitive - Version: 880 (0x370), Position before Material: 419289
🔍 Primitive - Version >= MESH_TEXTURE_ALTERNATIVES (377), serializing TextureAlternatives
🔍 Primitive - Version: 880 (0x370), Position before Material: 419306
🔍 Primitive - Version >= MESH_TEXTURE_ALTERNATIVES (377), serializing TextureAlternatives
🔍 Primitive - Version: 880 (0x370), Position before Material: 419362
🔍 Primitive - Version >= MESH_TEXTURE_ALTERNATIVES (377), serializing TextureAlternatives
🔍 Primitive - Version: 880 (0x370), Position before Material: 419400
🔍 Primitive - Version >= MESH_TEXTURE_ALTERNATIVES (377), serializing TextureAlternatives
🔍 Primitive - Version: 880 (0x370), Position before Material: 419437
🔍 Primitive - Version >= MESH_TEXTURE_ALTERNATIVES (377), serializing TextureAlternatives
🔍 Primitive - Version: 880 (0x370), Position before Material: 419452
🔍 Primitive - Version >= MESH_TEXTURE_ALTERNATIVES (377), serializing TextureAlternatives
🔍 Primitive - Version: 880 (0x370), Position before Material: 419509
🔍 Primitive - Version >= MESH_TEXTURE_ALTERNATIVES (377), serializing TextureAlternatives
🔍 Primitive - Version: 880 (0x370), Position before Material: 419547
🔍 Primitive - Version >= MESH_TEXTURE_ALTERNATIVES (377), serializing TextureAlternatives
🔍 Primitive - Version: 880 (0x370), Position before Material: 419606
🔍 Primitive - Version >= MESH_TEXTURE_ALTERNATIVES (377), serializing TextureAlternatives
🔍 Primitive - Version: 880 (0x370), Position before Material: 419640
🔍 Primitive - Version >= MESH_TEXTURE_ALTERNATIVES (377), serializing TextureAlternatives
🔍 Primitive - Version: 880 (0x370), Position before Material: 419678
🔍 Primitive - Version >= MESH_TEXTURE_ALTERNATIVES (377), serializing TextureAlternatives
🔍 Primitive - Version: 880 (0x370), Position before Material: 419717
🔍 Primitive - Version >= MESH_TEXTURE_ALTERNATIVES (377), serializing TextureAlternatives
🔍 Primitive - Version: 880 (0x370), Position before Material: 419734
🔍 Primitive - Version >= MESH_TEXTURE_ALTERNATIVES (377), serializing TextureAlternatives
🔍 Primitive - Version: 880 (0x370), Position before Material: 419748
🔍 Primitive - Version >= MESH_TEXTURE_ALTERNATIVES (377), serializing TextureAlternatives
🔍 Primitive - Version: 880 (0x370), Position before Material: 419782
🔍 Primitive - Version >= MESH_TEXTURE_ALTERNATIVES (377), serializing TextureAlternatives
🔍 Primitive - Version: 880 (0x370), Position before Material: 419817
🔍 Primitive - Version >= MESH_TEXTURE_ALTERNATIVES (377), serializing TextureAlternatives
🔍 Primitive - Version: 880 (0x370), Position before Material: 419847
🔍 Primitive - Version >= MESH_TEXTURE_ALTERNATIVES (377), serializing TextureAlternatives
🔍 Primitive - Version: 880 (0x370), Position before Material: 419881
🔍 Primitive - Version >= MESH_TEXTURE_ALTERNATIVES (377), serializing TextureAlternatives
🔍 Primitive - Version: 880 (0x370), Position before Material: 419918
🔍 Primitive - Version >= MESH_TEXTURE_ALTERNATIVES (377), serializing TextureAlternatives
🔍 Primitive - Version: 880 (0x370), Position before Material: 419954
🔍 Primitive - Version >= MESH_TEXTURE_ALTERNATIVES (377), serializing TextureAlternatives
🔍 Primitive - Version: 880 (0x370), Position before Material: 419989
🔍 Primitive - Version >= MESH_TEXTURE_ALTERNATIVES (377), serializing TextureAlternatives
🔍 Primitive - Version: 880 (0x370), Position before Material: 420024
🔍 Primitive - Version >= MESH_TEXTURE_ALTERNATIVES (377), serializing TextureAlternatives
🔍 Primitive - Version: 880 (0x370), Position before Material: 420080
🔍 Primitive - Version >= MESH_TEXTURE_ALTERNATIVES (377), serializing TextureAlternatives
🔍 Primitive - Version: 880 (0x370), Position before Material: 420114
🔍 Primitive - Version >= MESH_TEXTURE_ALTERNATIVES (377), serializing TextureAlternatives
🔍 Primitive - Version: 880 (0x370), Position before Material: 420153
🔍 Primitive - Version >= MESH_TEXTURE_ALTERNATIVES (377), serializing TextureAlternatives
🔍 Primitive - Version: 880 (0x370), Position before Material: 420169
🔍 Primitive - Version >= MESH_TEXTURE_ALTERNATIVES (377), serializing TextureAlternatives
🔍 Primitive - Version: 880 (0x370), Position before Material: 420205
🔍 Primitive - Version >= MESH_TEXTURE_ALTERNATIVES (377), serializing TextureAlternatives
🔍 Primitive - Version: 880 (0x370), Position before Material: 420241
🔍 Primitive - Version >= MESH_TEXTURE_ALTERNATIVES (377), serializing TextureAlternatives
🔍 Primitive - Version: 880 (0x370), Position before Material: 420277
🔍 Primitive - Version >= MESH_TEXTURE_ALTERNATIVES (377), serializing TextureAlternatives
🔍 Primitive - Version: 880 (0x370), Position before Material: 420312
🔍 Primitive - Version >= MESH_TEXTURE_ALTERNATIVES (377), serializing TextureAlternatives
🔍 Primitive - Version: 880 (0x370), Position before Material: 420326
🔍 Primitive - Version >= MESH_TEXTURE_ALTERNATIVES (377), serializing TextureAlternatives
🔍 Primitive - Version: 880 (0x370), Position before Material: 420386
🔍 Primitive - Version >= MESH_TEXTURE_ALTERNATIVES (377), serializing TextureAlternatives
🔍 Primitive - Version: 880 (0x370), Position before Material: 420421
🔍 Primitive - Version >= MESH_TEXTURE_ALTERNATIVES (377), serializing TextureAlternatives
🔍 Primitive - Version: 880 (0x370), Position before Material: 420433
🔍 Primitive - Version >= MESH_TEXTURE_ALTERNATIVES (377), serializing TextureAlternatives
🔍 Primitive - Version: 880 (0x370), Position before Material: 420443
🔍 Primitive - Version >= MESH_TEXTURE_ALTERNATIVES (377), serializing TextureAlternatives
🔍 Primitive - Version: 880 (0x370), Position before Material: 420498
🔍 Primitive - Version >= MESH_TEXTURE_ALTERNATIVES (377), serializing TextureAlternatives
🔍 Primitive - Version: 880 (0x370), Position before Material: 420531
🔍 Primitive - Version >= MESH_TEXTURE_ALTERNATIVES (377), serializing TextureAlternatives
🔍 Primitive - Version: 880 (0x370), Position before Material: 420586
🔍 Primitive - Version >= MESH_TEXTURE_ALTERNATIVES (377), serializing TextureAlternatives
🔍 Primitive - Version: 880 (0x370), Position before Material: 420601
🔍 Primitive - Version >= MESH_TEXTURE_ALTERNATIVES (377), serializing TextureAlternatives
🔍 Primitive - Version: 880 (0x370), Position before Material: 420632
🔍 Primitive - Version >= MESH_TEXTURE_ALTERNATIVES (377), serializing TextureAlternatives
🔍 Primitive - Version: 880 (0x370), Position before Material: 420665
🔍 Primitive - Version >= MESH_TEXTURE_ALTERNATIVES (377), serializing TextureAlternatives
🔍 Primitive - Version: 880 (0x370), Position before Material: 420701
🔍 Primitive - Version >= MESH_TEXTURE_ALTERNATIVES (377), serializing TextureAlternatives
🔍 Primitive - Version: 880 (0x370), Position before Material: 420748
🔍 Primitive - Version >= MESH_TEXTURE_ALTERNATIVES (377), serializing TextureAlternatives
🔍 Primitive - Version: 880 (0x370), Position before Material: 420806
🔍 Primitive - Version >= MESH_TEXTURE_ALTERNATIVES (377), serializing TextureAlternatives
🔍 Primitive - Version: 880 (0x370), Position before Material: 420845
🔍 Primitive - Version >= MESH_TEXTURE_ALTERNATIVES (377), serializing TextureAlternatives
🔍 Primitive - Version: 880 (0x370), Position before Material: 420880
🔍 Primitive - Version >= MESH_TEXTURE_ALTERNATIVES (377), serializing TextureAlternatives
🔍 Primitive - Version: 880 (0x370), Position before Material: 420920
🔍 Primitive - Version >= MESH_TEXTURE_ALTERNATIVES (377), serializing TextureAlternatives
🔍 Primitive - Version: 880 (0x370), Position before Material: 420963
🔍 Primitive - Version >= MESH_TEXTURE_ALTERNATIVES (377), serializing TextureAlternatives
🔍 Primitive - Version: 880 (0x370), Position before Material: 421018
🔍 Primitive - Version >= MESH_TEXTURE_ALTERNATIVES (377), serializing TextureAlternatives
🔍 Primitive - Version: 880 (0x370), Position before Material: 421069
🔍 Primitive - Version >= MESH_TEXTURE_ALTERNATIVES (377), serializing TextureAlternatives
🔍 Primitive - Version: 880 (0x370), Position before Material: 421113
🔍 Primitive - Version >= MESH_TEXTURE_ALTERNATIVES (377), serializing TextureAlternatives
🔍 Primitive - Version: 880 (0x370), Position before Material: 421128
🔍 Primitive - Version >= MESH_TEXTURE_ALTERNATIVES (377), serializing TextureAlternatives
🔍 Primitive - Version: 880 (0x370), Position before Material: 421164
🔍 Primitive - Version >= MESH_TEXTURE_ALTERNATIVES (377), serializing TextureAlternatives
🔍 Primitive - Version: 880 (0x370), Position before Material: 421178
🔍 Primitive - Version >= MESH_TEXTURE_ALTERNATIVES (377), serializing TextureAlternatives
🔍 Primitive - Version: 880 (0x370), Position before Material: 421213
🔍 Primitive - Version >= MESH_TEXTURE_ALTERNATIVES (377), serializing TextureAlternatives
🔍 Primitive - Version: 880 (0x370), Position before Material: 421248
🔍 Primitive - Version >= MESH_TEXTURE_ALTERNATIVES (377), serializing TextureAlternatives
🔍 Primitive - Version: 880 (0x370), Position before Material: 421285
🔍 Primitive - Version >= MESH_TEXTURE_ALTERNATIVES (377), serializing TextureAlternatives
🔍 Primitive - Version: 880 (0x370), Position before Material: 421300
🔍 Primitive - Version >= MESH_TEXTURE_ALTERNATIVES (377), serializing TextureAlternatives
🔍 Primitive - Version: 880 (0x370), Position before Material: 421333
🔍 Primitive - Version >= MESH_TEXTURE_ALTERNATIVES (377), serializing TextureAlternatives
🔍 Primitive - Version: 880 (0x370), Position before Material: 421349
🔍 Primitive - Version >= MESH_TEXTURE_ALTERNATIVES (377), serializing TextureAlternatives
🔍 Primitive - Version: 880 (0x370), Position before Material: 421390
🔍 Primitive - Version >= MESH_TEXTURE_ALTERNATIVES (377), serializing TextureAlternatives
🔍 Primitive - Version: 880 (0x370), Position before Material: 421445
🔍 Primitive - Version >= MESH_TEXTURE_ALTERNATIVES (377), serializing TextureAlternatives
🔍 Primitive - Version: 880 (0x370), Position before Material: 421458
🔍 Primitive - Version >= MESH_TEXTURE_ALTERNATIVES (377), serializing TextureAlternatives
🔍 Primitive - Version: 880 (0x370), Position before Material: 421473
🔍 Primitive - Version >= MESH_TEXTURE_ALTERNATIVES (377), serializing TextureAlternatives
🔍 Primitive - Version: 880 (0x370), Position before Material: 421491
🔍 Primitive - Version >= MESH_TEXTURE_ALTERNATIVES (377), serializing TextureAlternatives
🔍 Primitive - Version: 880 (0x370), Position before Material: 421524
🔍 Primitive - Version >= MESH_TEXTURE_ALTERNATIVES (377), serializing TextureAlternatives
🔍 Primitive - Version: 880 (0x370), Position before Material: 421559
🔍 Primitive - Version >= MESH_TEXTURE_ALTERNATIVES (377), serializing TextureAlternatives
🔍 Primitive - Version: 880 (0x370), Position before Material: 421616
🔍 Primitive - Version >= MESH_TEXTURE_ALTERNATIVES (377), serializing TextureAlternatives
🔍 Primitive - Version: 880 (0x370), Position before Material: 421669
🔍 Primitive - Version >= MESH_TEXTURE_ALTERNATIVES (377), serializing TextureAlternatives
🔍 Primitive - Version: 880 (0x370), Position before Material: 421686
🔍 Primitive - Version >= MESH_TEXTURE_ALTERNATIVES (377), serializing TextureAlternatives
🔍 Primitive - Version: 880 (0x370), Position before Material: 421741
🔍 Primitive - Version >= MESH_TEXTURE_ALTERNATIVES (377), serializing TextureAlternatives
🔍 Primitive - Version: 880 (0x370), Position before Material: 421757
🔍 Primitive - Version >= MESH_TEXTURE_ALTERNATIVES (377), serializing TextureAlternatives
🔍 Primitive - Version: 880 (0x370), Position before Material: 421789
🔍 Primitive - Version >= MESH_TEXTURE_ALTERNATIVES (377), serializing TextureAlternatives
🔍 Primitive - Version: 880 (0x370), Position before Material: 421825
🔍 Primitive - Version >= MESH_TEXTURE_ALTERNATIVES (377), serializing TextureAlternatives
🔍 Primitive - Version: 880 (0x370), Position before Material: 421859
🔍 Primitive - Version >= MESH_TEXTURE_ALTERNATIVES (377), serializing TextureAlternatives
🔍 Primitive - Version: 880 (0x370), Position before Material: 421899
🔍 Primitive - Version >= MESH_TEXTURE_ALTERNATIVES (377), serializing TextureAlternatives
🔍 Primitive - Version: 880 (0x370), Position before Material: 421928
🔍 Primitive - Version >= MESH_TEXTURE_ALTERNATIVES (377), serializing TextureAlternatives
🔍 Primitive - Version: 880 (0x370), Position before Material: 421985
🔍 Primitive - Version >= MESH_TEXTURE_ALTERNATIVES (377), serializing TextureAlternatives
🔍 Primitive - Version: 880 (0x370), Position before Material: 422045
🔍 Primitive - Version >= MESH_TEXTURE_ALTERNATIVES (377), serializing TextureAlternatives
🔍 Primitive - Version: 880 (0x370), Position before Material: 422060
🔍 Primitive - Version >= MESH_TEXTURE_ALTERNATIVES (377), serializing TextureAlternatives
🔍 Primitive - Version: 880 (0x370), Position before Material: 422118
🔍 Primitive - Version >= MESH_TEXTURE_ALTERNATIVES (377), serializing TextureAlternatives
🔍 Primitive - Version: 880 (0x370), Position before Material: 422152
🔍 Primitive - Version >= MESH_TEXTURE_ALTERNATIVES (377), serializing TextureAlternatives
🔍 Primitive - Version: 880 (0x370), Position before Material: 422189
🔍 Primitive - Version >= MESH_TEXTURE_ALTERNATIVES (377), serializing TextureAlternatives
🔍 Primitive - Version: 880 (0x370), Position before Material: 422241
🔍 Primitive - Version >= MESH_TEXTURE_ALTERNATIVES (377), serializing TextureAlternatives
🔍 Primitive - Version: 880 (0x370), Position before Material: 422251
🔍 Primitive - Version >= MESH_TEXTURE_ALTERNATIVES (377), serializing TextureAlternatives
🔍 Primitive - Version: 880 (0x370), Position before Material: 422264
🔍 Primitive - Version >= MESH_TEXTURE_ALTERNATIVES (377), serializing TextureAlternatives
🔍 Primitive - Version: 880 (0x370), Position before Material: 422303
🔍 Primitive - Version >= MESH_TEXTURE_ALTERNATIVES (377), serializing TextureAlternatives
🔍 Primitive - Version: 880 (0x370), Position before Material: 422314
🔍 Primitive - Version >= MESH_TEXTURE_ALTERNATIVES (377), serializing TextureAlternatives
🔍 Primitive - Version: 880 (0x370), Position before Material: 422369
🔍 Primitive - Version >= MESH_TEXTURE_ALTERNATIVES (377), serializing TextureAlternatives
🔍 Primitive - Version: 880 (0x370), Position before Material: 422422
🔍 Primitive - Version >= MESH_TEXTURE_ALTERNATIVES (377), serializing TextureAlternatives
🔍 Primitive - Version: 880 (0x370), Position before Material: 422453
🔍 Primitive - Version >= MESH_TEXTURE_ALTERNATIVES (377), serializing TextureAlternatives
🔍 Primitive - Version: 880 (0x370), Position before Material: 422466
🔍 Primitive - Version >= MESH_TEXTURE_ALTERNATIVES (377), serializing TextureAlternatives
🔍 Primitive - Version: 880 (0x370), Position before Material: 422480
🔍 Primitive - Version >= MESH_TEXTURE_ALTERNATIVES (377), serializing TextureAlternatives
🔍 Primitive - Version: 880 (0x370), Position before Material: 422535
🔍 Primitive - Version >= MESH_TEXTURE_ALTERNATIVES (377), serializing TextureAlternatives
🔍 Primitive - Version: 880 (0x370), Position before Material: 422573
🔍 Primitive - Version >= MESH_TEXTURE_ALTERNATIVES (377), serializing TextureAlternatives
🔍 Primitive - Version: 880 (0x370), Position before Material: 422603
🔍 Primitive - Version >= MESH_TEXTURE_ALTERNATIVES (377), serializing TextureAlternatives
🔍 Primitive - Version: 880 (0x370), Position before Material: 422641
🔍 Primitive - Version >= MESH_TEXTURE_ALTERNATIVES (377), serializing TextureAlternatives
🔍 Primitive - Version: 880 (0x370), Position before Material: 422656
🔍 Primitive - Version >= MESH_TEXTURE_ALTERNATIVES (377), serializing TextureAlternatives
🔍 Primitive - Version: 880 (0x370), Position before Material: 422708
🔍 Primitive - Version >= MESH_TEXTURE_ALTERNATIVES (377), serializing TextureAlternatives
🔍 Primitive - Version: 880 (0x370), Position before Material: 422744
🔍 Primitive - Version >= MESH_TEXTURE_ALTERNATIVES (377), serializing TextureAlternatives
🔍 Primitive - Version: 880 (0x370), Position before Material: 422797
🔍 Primitive - Version >= MESH_TEXTURE_ALTERNATIVES (377), serializing TextureAlternatives
🔍 Primitive - Version: 880 (0x370), Position before Material: 422833
🔍 Primitive - Version >= MESH_TEXTURE_ALTERNATIVES (377), serializing TextureAlternatives
🔍 Primitive - Version: 880 (0x370), Position before Material: 422849
🔍 Primitive - Version >= MESH_TEXTURE_ALTERNATIVES (377), serializing TextureAlternatives
🔍 Primitive - Version: 880 (0x370), Position before Material: 422861
🔍 Primitive - Version >= MESH_TEXTURE_ALTERNATIVES (377), serializing TextureAlternatives
🔍 Primitive - Version: 880 (0x370), Position before Material: 422873
🔍 Primitive - Version >= MESH_TEXTURE_ALTERNATIVES (377), serializing TextureAlternatives
🔍 Primitive - Version: 880 (0x370), Position before Material: 422885
🔍 Primitive - Version >= MESH_TEXTURE_ALTERNATIVES (377), serializing TextureAlternatives
🔍 Primitive - Version: 880 (0x370), Position before Material: 422921
🔍 Primitive - Version >= MESH_TEXTURE_ALTERNATIVES (377), serializing TextureAlternatives
🔍 Primitive - Version: 880 (0x370), Position before Material: 422963
🔍 Primitive - Version >= MESH_TEXTURE_ALTERNATIVES (377), serializing TextureAlternatives
🔍 Primitive - Version: 880 (0x370), Position before Material: 422982
🔍 Primitive - Version >= MESH_TEXTURE_ALTERNATIVES (377), serializing TextureAlternatives
🔍 Primitive - Version: 880 (0x370), Position before Material: 423037
🔍 Primitive - Version >= MESH_TEXTURE_ALTERNATIVES (377), serializing TextureAlternatives
🔍 Primitive - Version: 880 (0x370), Position before Material: 423053
🔍 Primitive - Version >= MESH_TEXTURE_ALTERNATIVES (377), serializing TextureAlternatives
🔍 Primitive - Version: 880 (0x370), Position before Material: 423105
🔍 Primitive - Version >= MESH_TEXTURE_ALTERNATIVES (377), serializing TextureAlternatives
🔍 Primitive - Version: 880 (0x370), Position before Material: 423116
🔍 Primitive - Version >= MESH_TEXTURE_ALTERNATIVES (377), serializing TextureAlternatives
🔍 Primitive - Version: 880 (0x370), Position before Material: 423171
🔍 Primitive - Version >= MESH_TEXTURE_ALTERNATIVES (377), serializing TextureAlternatives
🔍 Primitive - Version: 880 (0x370), Position before Material: 423184
🔍 Primitive - Version >= MESH_TEXTURE_ALTERNATIVES (377), serializing TextureAlternatives
🔍 Primitive - Version: 880 (0x370), Position before Material: 423235
🔍 Primitive - Version >= MESH_TEXTURE_ALTERNATIVES (377), serializing TextureAlternatives
🔍 Primitive - Version: 880 (0x370), Position before Material: 423286
🔍 Primitive - Version >= MESH_TEXTURE_ALTERNATIVES (377), serializing TextureAlternatives
🔍 Primitive - Version: 880 (0x370), Position before Material: 423320
🔍 Primitive - Version >= MESH_TEXTURE_ALTERNATIVES (377), serializing TextureAlternatives
🔍 Primitive - Version: 880 (0x370), Position before Material: 423378
🔍 Primitive - Version >= MESH_TEXTURE_ALTERNATIVES (377), serializing TextureAlternatives
🔍 Primitive - Version: 880 (0x370), Position before Material: 423432
🔍 Primitive - Version >= MESH_TEXTURE_ALTERNATIVES (377), serializing TextureAlternatives
🔍 Primitive - Version: 880 (0x370), Position before Material: 423484
🔍 Primitive - Version >= MESH_TEXTURE_ALTERNATIVES (377), serializing TextureAlternatives
🔍 Primitive - Version: 880 (0x370), Position before Material: 423515
🔍 Primitive - Version >= MESH_TEXTURE_ALTERNATIVES (377), serializing TextureAlternatives
🔍 Primitive - Version: 880 (0x370), Position before Material: 423532
🔍 Primitive - Version >= MESH_TEXTURE_ALTERNATIVES (377), serializing TextureAlternatives
🔍 Primitive - Version: 880 (0x370), Position before Material: 423589
🔍 Primitive - Version >= MESH_TEXTURE_ALTERNATIVES (377), serializing TextureAlternatives
🔍 Primitive - Version: 880 (0x370), Position before Material: 423627
🔍 Primitive - Version >= MESH_TEXTURE_ALTERNATIVES (377), serializing TextureAlternatives
🔍 Primitive - Version: 880 (0x370), Position before Material: 423657
🔍 Primitive - Version >= MESH_TEXTURE_ALTERNATIVES (377), serializing TextureAlternatives
🔍 Primitive - Version: 880 (0x370), Position before Material: 423679
🔍 Primitive - Version >= MESH_TEXTURE_ALTERNATIVES (377), serializing TextureAlternatives
🔍 Primitive - Version: 880 (0x370), Position before Material: 423715
🔍 Primitive - Version >= MESH_TEXTURE_ALTERNATIVES (377), serializing TextureAlternatives
🔍 Primitive - Version: 880 (0x370), Position before Material: 423776
🔍 Primitive - Version >= MESH_TEXTURE_ALTERNATIVES (377), serializing TextureAlternatives
🔍 Primitive - Version: 880 (0x370), Position before Material: 423788
🔍 Primitive - Version >= MESH_TEXTURE_ALTERNATIVES (377), serializing TextureAlternatives
🔍 Primitive - Version: 880 (0x370), Position before Material: 423844
🔍 Primitive - Version >= MESH_TEXTURE_ALTERNATIVES (377), serializing TextureAlternatives
🔍 Primitive - Version: 880 (0x370), Position before Material: 423882
🔍 Primitive - Version >= MESH_TEXTURE_ALTERNATIVES (377), serializing TextureAlternatives
🔍 Primitive - Version: 880 (0x370), Position before Material: 423897
🔍 Primitive - Version >= MESH_TEXTURE_ALTERNATIVES (377), serializing TextureAlternatives
🔍 Primitive - Version: 880 (0x370), Position before Material: 423910
🔍 Primitive - Version >= MESH_TEXTURE_ALTERNATIVES (377), serializing TextureAlternatives
🔍 Primitive - Version: 880 (0x370), Position before Material: 423963
🔍 Primitive - Version >= MESH_TEXTURE_ALTERNATIVES (377), serializing TextureAlternatives
🔍 Primitive - Version: 880 (0x370), Position before Material: 423996
🔍 Primitive - Version >= MESH_TEXTURE_ALTERNATIVES (377), serializing TextureAlternatives
🔍 Primitive - Version: 880 (0x370), Position before Material: 424031
🔍 Primitive - Version >= MESH_TEXTURE_ALTERNATIVES (377), serializing TextureAlternatives
🔍 Primitive - Version: 880 (0x370), Position before Material: 424085
🔍 Primitive - Version >= MESH_TEXTURE_ALTERNATIVES (377), serializing TextureAlternatives
🔍 Primitive - Version: 880 (0x370), Position before Material: 424102
🔍 Primitive - Version >= MESH_TEXTURE_ALTERNATIVES (377), serializing TextureAlternatives
🔍 Primitive - Version: 880 (0x370), Position before Material: 424132
🔍 Primitive - Version >= MESH_TEXTURE_ALTERNATIVES (377), serializing TextureAlternatives
🔍 Primitive - Version: 880 (0x370), Position before Material: 424147
🔍 Primitive - Version >= MESH_TEXTURE_ALTERNATIVES (377), serializing TextureAlternatives
🔍 Primitive - Version: 880 (0x370), Position before Material: 424200
🔍 Primitive - Version >= MESH_TEXTURE_ALTERNATIVES (377), serializing TextureAlternatives
🔍 Primitive - Version: 880 (0x370), Position before Material: 424237
🔍 Primitive - Version >= MESH_TEXTURE_ALTERNATIVES (377), serializing TextureAlternatives
🔍 Primitive - Version: 880 (0x370), Position before Material: 424289
🔍 Primitive - Version >= MESH_TEXTURE_ALTERNATIVES (377), serializing TextureAlternatives
🔍 Primitive - Version: 880 (0x370), Position before Material: 424304
🔍 Primitive - Version >= MESH_TEXTURE_ALTERNATIVES (377), serializing TextureAlternatives
🔍 Primitive - Version: 880 (0x370), Position before Material: 424358
🔍 Primitive - Version >= MESH_TEXTURE_ALTERNATIVES (377), serializing TextureAlternatives
🔍 Primitive - Version: 880 (0x370), Position before Material: 424412
🔍 Primitive - Version >= MESH_TEXTURE_ALTERNATIVES (377), serializing TextureAlternatives
🔍 Primitive - Version: 880 (0x370), Position before Material: 424466
🔍 Primitive - Version >= MESH_TEXTURE_ALTERNATIVES (377), serializing TextureAlternatives
🔍 Primitive - Version: 880 (0x370), Position before Material: 424499
🔍 Primitive - Version >= MESH_TEXTURE_ALTERNATIVES (377), serializing TextureAlternatives
🔍 Primitive - Version: 880 (0x370), Position before Material: 424550
🔍 Primitive - Version >= MESH_TEXTURE_ALTERNATIVES (377), serializing TextureAlternatives
🔍 Primitive - Version: 880 (0x370), Position before Material: 424584
🔍 Primitive - Version >= MESH_TEXTURE_ALTERNATIVES (377), serializing TextureAlternatives
🔍 Primitive - Version: 880 (0x370), Position before Material: 424617
🔍 Primitive - Version >= MESH_TEXTURE_ALTERNATIVES (377), serializing TextureAlternatives
🔍 Primitive - Version: 880 (0x370), Position before Material: 424672
🔍 Primitive - Version >= MESH_TEXTURE_ALTERNATIVES (377), serializing TextureAlternatives
🔍 Primitive - Version: 880 (0x370), Position before Material: 424710
🔍 Primitive - Version >= MESH_TEXTURE_ALTERNATIVES (377), serializing TextureAlternatives
🔍 Primitive - Version: 880 (0x370), Position before Material: 424741
🔍 Primitive - Version >= MESH_TEXTURE_ALTERNATIVES (377), serializing TextureAlternatives
🔍 Primitive - Version: 880 (0x370), Position before Material: 424798
🔍 Primitive - Version >= MESH_TEXTURE_ALTERNATIVES (377), serializing TextureAlternatives
🔍 Primitive - Version: 880 (0x370), Position before Material: 424831
🔍 Primitive - Version >= MESH_TEXTURE_ALTERNATIVES (377), serializing TextureAlternatives
🔍 Primitive - Version: 880 (0x370), Position before Material: 424884
🔍 Primitive - Version >= MESH_TEXTURE_ALTERNATIVES (377), serializing TextureAlternatives
🔍 Primitive - Version: 880 (0x370), Position before Material: 424921
🔍 Primitive - Version >= MESH_TEXTURE_ALTERNATIVES (377), serializing TextureAlternatives
🔍 Primitive - Version: 880 (0x370), Position before Material: 424954
🔍 Primitive - Version >= MESH_TEXTURE_ALTERNATIVES (377), serializing TextureAlternatives
🔍 Primitive - Version: 880 (0x370), Position before Material: 424993
🔍 Primitive - Version >= MESH_TEXTURE_ALTERNATIVES (377), serializing TextureAlternatives
🔍 Primitive - Version: 880 (0x370), Position before Material: 425006
🔍 Primitive - Version >= MESH_TEXTURE_ALTERNATIVES (377), serializing TextureAlternatives
🔍 Primitive - Version: 880 (0x370), Position before Material: 425058
🔍 Primitive - Version >= MESH_TEXTURE_ALTERNATIVES (377), serializing TextureAlternatives
🔍 Primitive - Version: 880 (0x370), Position before Material: 425072
🔍 Primitive - Version >= MESH_TEXTURE_ALTERNATIVES (377), serializing TextureAlternatives
🔍 Primitive - Version: 880 (0x370), Position before Material: 425124
🔍 Primitive - Version >= MESH_TEXTURE_ALTERNATIVES (377), serializing TextureAlternatives
🔍 Primitive - Version: 880 (0x370), Position before Material: 425154
🔍 Primitive - Version >= MESH_TEXTURE_ALTERNATIVES (377), serializing TextureAlternatives
🔍 Primitive - Version: 880 (0x370), Position before Material: 425210
🔍 Primitive - Version >= MESH_TEXTURE_ALTERNATIVES (377), serializing TextureAlternatives
🔍 Primitive - Version: 880 (0x370), Position before Material: 425247
🔍 Primitive - Version >= MESH_TEXTURE_ALTERNATIVES (377), serializing TextureAlternatives
🔍 Primitive - Version: 880 (0x370), Position before Material: 425284
🔍 Primitive - Version >= MESH_TEXTURE_ALTERNATIVES (377), serializing TextureAlternatives
🔍 Primitive - Version: 880 (0x370), Position before Material: 425298
🔍 Primitive - Version >= MESH_TEXTURE_ALTERNATIVES (377), serializing TextureAlternatives
🔍 Primitive - Version: 880 (0x370), Position before Material: 425332
🔍 Primitive - Version >= MESH_TEXTURE_ALTERNATIVES (377), serializing TextureAlternatives
🔍 Primitive - Version: 880 (0x370), Position before Material: 425390
🔍 Primitive - Version >= MESH_TEXTURE_ALTERNATIVES (377), serializing TextureAlternatives
🔍 Primitive - Version: 880 (0x370), Position before Material: 425449
🔍 Primitive - Version >= MESH_TEXTURE_ALTERNATIVES (377), serializing TextureAlternatives
🔍 Primitive - Version: 880 (0x370), Position before Material: 425485
🔍 Primitive - Version >= MESH_TEXTURE_ALTERNATIVES (377), serializing TextureAlternatives
🔍 Primitive - Version: 880 (0x370), Position before Material: 425537
🔍 Primitive - Version >= MESH_TEXTURE_ALTERNATIVES (377), serializing TextureAlternatives
🔍 Primitive - Version: 880 (0x370), Position before Material: 425572
🔍 Primitive - Version >= MESH_TEXTURE_ALTERNATIVES (377), serializing TextureAlternatives
🔍 Primitive - Version: 880 (0x370), Position before Material: 425607
🔍 Primitive - Version >= MESH_TEXTURE_ALTERNATIVES (377), serializing TextureAlternatives
🔍 Primitive - Version: 880 (0x370), Position before Material: 425640
🔍 Primitive - Version >= MESH_TEXTURE_ALTERNATIVES (377), serializing TextureAlternatives
🔍 Primitive - Version: 880 (0x370), Position before Material: 425672
🔍 Primitive - Version >= MESH_TEXTURE_ALTERNATIVES (377), serializing TextureAlternatives
🔍 Primitive - Version: 880 (0x370), Position before Material: 425708
🔍 Primitive - Version >= MESH_TEXTURE_ALTERNATIVES (377), serializing TextureAlternatives
🔍 Primitive - Version: 880 (0x370), Position before Material: 425723
🔍 Primitive - Version >= MESH_TEXTURE_ALTERNATIVES (377), serializing TextureAlternatives
🔍 Primitive - Version: 880 (0x370), Position before Material: 425780
🔍 Primitive - Version >= MESH_TEXTURE_ALTERNATIVES (377), serializing TextureAlternatives
🔍 Primitive - Version: 880 (0x370), Position before Material: 425796
🔍 Primitive - Version >= MESH_TEXTURE_ALTERNATIVES (377), serializing TextureAlternatives
🔍 Primitive - Version: 880 (0x370), Position before Material: 425809
🔍 Primitive - Version >= MESH_TEXTURE_ALTERNATIVES (377), serializing TextureAlternatives
🔍 Primitive - Version: 880 (0x370), Position before Material: 425868
🔍 Primitive - Version >= MESH_TEXTURE_ALTERNATIVES (377), serializing TextureAlternatives
🔍 Primitive - Version: 880 (0x370), Position before Material: 425919
🔍 Primitive - Version >= MESH_TEXTURE_ALTERNATIVES (377), serializing TextureAlternatives
🔍 Primitive - Version: 880 (0x370), Position before Material: 425950
🔍 Primitive - Version >= MESH_TEXTURE_ALTERNATIVES (377), serializing TextureAlternatives
🔍 Primitive - Version: 880 (0x370), Position before Material: 425964
🔍 Primitive - Version >= MESH_TEXTURE_ALTERNATIVES (377), serializing TextureAlternatives
🔍 Primitive - Version: 880 (0x370), Position before Material: 426001
🔍 Primitive - Version >= MESH_TEXTURE_ALTERNATIVES (377), serializing TextureAlternatives
🔍 Primitive - Version: 880 (0x370), Position before Material: 426037
🔍 Primitive - Version >= MESH_TEXTURE_ALTERNATIVES (377), serializing TextureAlternatives
🔍 Primitive - Version: 880 (0x370), Position before Material: 426087
🔍 Primitive - Version >= MESH_TEXTURE_ALTERNATIVES (377), serializing TextureAlternatives
🔍 Primitive - Version: 880 (0x370), Position before Material: 426124
🔍 Primitive - Version >= MESH_TEXTURE_ALTERNATIVES (377), serializing TextureAlternatives
🔍 Primitive - Version: 880 (0x370), Position before Material: 426167
🔍 Primitive - Version >= MESH_TEXTURE_ALTERNATIVES (377), serializing TextureAlternatives
🔍 Primitive - Version: 880 (0x370), Position before Material: 426203
🔍 Primitive - Version >= MESH_TEXTURE_ALTERNATIVES (377), serializing TextureAlternatives
🔍 Primitive - Version: 880 (0x370), Position before Material: 426257
🔍 Primitive - Version >= MESH_TEXTURE_ALTERNATIVES (377), serializing TextureAlternatives
🔍 Primitive - Version: 880 (0x370), Position before Material: 426289
🔍 Primitive - Version >= MESH_TEXTURE_ALTERNATIVES (377), serializing TextureAlternatives
🔍 Primitive - Version: 880 (0x370), Position before Material: 426345
🔍 Primitive - Version >= MESH_TEXTURE_ALTERNATIVES (377), serializing TextureAlternatives
🔍 Primitive - Version: 880 (0x370), Position before Material: 426377
🔍 Primitive - Version >= MESH_TEXTURE_ALTERNATIVES (377), serializing TextureAlternatives
🔍 Primitive - Version: 880 (0x370), Position before Material: 426394
🔍 Primitive - Version >= MESH_TEXTURE_ALTERNATIVES (377), serializing TextureAlternatives
🔍 Primitive - Version: 880 (0x370), Position before Material: 426427
🔍 Primitive - Version >= MESH_TEXTURE_ALTERNATIVES (377), serializing TextureAlternatives
🔍 Primitive - Version: 880 (0x370), Position before Material: 426464
🔍 Primitive - Version >= MESH_TEXTURE_ALTERNATIVES (377), serializing TextureAlternatives
🔍 Primitive - Version: 880 (0x370), Position before Material: 426479
🔍 Primitive - Version >= MESH_TEXTURE_ALTERNATIVES (377), serializing TextureAlternatives
🔍 Primitive - Version: 880 (0x370), Position before Material: 426536
🔍 Primitive - Version >= MESH_TEXTURE_ALTERNATIVES (377), serializing TextureAlternatives
🔍 Primitive - Version: 880 (0x370), Position before Material: 426569
🔍 Primitive - Version >= MESH_TEXTURE_ALTERNATIVES (377), serializing TextureAlternatives
🔍 Primitive - Version: 880 (0x370), Position before Material: 426587
🔍 Primitive - Version >= MESH_TEXTURE_ALTERNATIVES (377), serializing TextureAlternatives
🔍 Primitive - Version: 880 (0x370), Position before Material: 426640
🔍 Primitive - Version >= MESH_TEXTURE_ALTERNATIVES (377), serializing TextureAlternatives
🔍 Primitive - Version: 880 (0x370), Position before Material: 426657
🔍 Primitive - Version >= MESH_TEXTURE_ALTERNATIVES (377), serializing TextureAlternatives
🔍 Primitive - Version: 880 (0x370), Position before Material: 426695
🔍 Primitive - Version >= MESH_TEXTURE_ALTERNATIVES (377), serializing TextureAlternatives
🔍 Primitive - Version: 880 (0x370), Position before Material: 426710
🔍 Primitive - Version >= MESH_TEXTURE_ALTERNATIVES (377), serializing TextureAlternatives
🔍 Primitive - Version: 880 (0x370), Position before Material: 426729
🔍 Primitive - Version >= MESH_TEXTURE_ALTERNATIVES (377), serializing TextureAlternatives
🔍 Primitive - Version: 880 (0x370), Position before Material: 426763
🔍 Primitive - Version >= MESH_TEXTURE_ALTERNATIVES (377), serializing TextureAlternatives
🔍 Primitive - Version: 880 (0x370), Position before Material: 426777
🔍 Primitive - Version >= MESH_TEXTURE_ALTERNATIVES (377), serializing TextureAlternatives
🔍 Primitive - Version: 880 (0x370), Position before Material: 426832
🔍 Primitive - Version >= MESH_TEXTURE_ALTERNATIVES (377), serializing TextureAlternatives
🔍 Primitive - Version: 880 (0x370), Position before Material: 426846
🔍 Primitive - Version >= MESH_TEXTURE_ALTERNATIVES (377), serializing TextureAlternatives
🔍 Primitive - Version: 880 (0x370), Position before Material: 426900
🔍 Primitive - Version >= MESH_TEXTURE_ALTERNATIVES (377), serializing TextureAlternatives
🔍 Primitive - Version: 880 (0x370), Position before Material: 426941
🔍 Primitive - Version >= MESH_TEXTURE_ALTERNATIVES (377), serializing TextureAlternatives
🔍 Primitive - Version: 880 (0x370), Position before Material: 426977
🔍 Primitive - Version >= MESH_TEXTURE_ALTERNATIVES (377), serializing TextureAlternatives
🔍 Primitive - Version: 880 (0x370), Position before Material: 427038
🔍 Primitive - Version >= MESH_TEXTURE_ALTERNATIVES (377), serializing TextureAlternatives
🔍 Primitive - Version: 880 (0x370), Position before Material: 427070
🔍 Primitive - Version >= MESH_TEXTURE_ALTERNATIVES (377), serializing TextureAlternatives
🔍 Primitive - Version: 880 (0x370), Position before Material: 427109
🔍 Primitive - Version >= MESH_TEXTURE_ALTERNATIVES (377), serializing TextureAlternatives
🔍 Primitive - Version: 880 (0x370), Position before Material: 427127
🔍 Primitive - Version >= MESH_TEXTURE_ALTERNATIVES (377), serializing TextureAlternatives
🔍 Primitive - Version: 880 (0x370), Position before Material: 427166
🔍 Primitive - Version >= MESH_TEXTURE_ALTERNATIVES (377), serializing TextureAlternatives
🔍 Primitive - Version: 880 (0x370), Position before Material: 427203
🔍 Primitive - Version >= MESH_TEXTURE_ALTERNATIVES (377), serializing TextureAlternatives
🔍 Primitive - Version: 880 (0x370), Position before Material: 427233
🔍 Primitive - Version >= MESH_TEXTURE_ALTERNATIVES (377), serializing TextureAlternatives
🔍 Primitive - Version: 880 (0x370), Position before Material: 427265
🔍 Primitive - Version >= MESH_TEXTURE_ALTERNATIVES (377), serializing TextureAlternatives
🔍 Primitive - Version: 880 (0x370), Position before Material: 427326
🔍 Primitive - Version >= MESH_TEXTURE_ALTERNATIVES (377), serializing TextureAlternatives
🔍 Primitive - Version: 880 (0x370), Position before Material: 427379
🔍 Primitive - Version >= MESH_TEXTURE_ALTERNATIVES (377), serializing TextureAlternatives
🔍 Primitive - Version: 880 (0x370), Position before Material: 427416
🔍 Primitive - Version >= MESH_TEXTURE_ALTERNATIVES (377), serializing TextureAlternatives
🔍 Primitive - Version: 880 (0x370), Position before Material: 427449
🔍 Primitive - Version >= MESH_TEXTURE_ALTERNATIVES (377), serializing TextureAlternatives
🔍 Primitive - Version: 880 (0x370), Position before Material: 427466
🔍 Primitive - Version >= MESH_TEXTURE_ALTERNATIVES (377), serializing TextureAlternatives
🔍 Primitive - Version: 880 (0x370), Position before Material: 427499
🔍 Primitive - Version >= MESH_TEXTURE_ALTERNATIVES (377), serializing TextureAlternatives
🔍 Primitive - Version: 880 (0x370), Position before Material: 427553
🔍 Primitive - Version >= MESH_TEXTURE_ALTERNATIVES (377), serializing TextureAlternatives
🔍 Primitive - Version: 880 (0x370), Position before Material: 427608
🔍 Primitive - Version >= MESH_TEXTURE_ALTERNATIVES (377), serializing TextureAlternatives
🔍 Primitive - Version: 880 (0x370), Position before Material: 427641
🔍 Primitive - Version >= MESH_TEXTURE_ALTERNATIVES (377), serializing TextureAlternatives
🔍 Primitive - Version: 880 (0x370), Position before Material: 427660
🔍 Primitive - Version >= MESH_TEXTURE_ALTERNATIVES (377), serializing TextureAlternatives
🔍 Primitive - Version: 880 (0x370), Position before Material: 427693
🔍 Primitive - Version >= MESH_TEXTURE_ALTERNATIVES (377), serializing TextureAlternatives
🔍 Primitive - Version: 880 (0x370), Position before Material: 427734
🔍 Primitive - Version >= MESH_TEXTURE_ALTERNATIVES (377), serializing TextureAlternatives
🔍 Primitive - Version: 880 (0x370), Position before Material: 427792
🔍 Primitive - Version >= MESH_TEXTURE_ALTERNATIVES (377), serializing TextureAlternatives
🔍 Primitive - Version: 880 (0x370), Position before Material: 427825
🔍 Primitive - Version >= MESH_TEXTURE_ALTERNATIVES (377), serializing TextureAlternatives
🔍 Primitive - Version: 880 (0x370), Position before Material: 427856
🔍 Primitive - Version >= MESH_TEXTURE_ALTERNATIVES (377), serializing TextureAlternatives
🔍 Primitive - Version: 880 (0x370), Position before Material: 427912
🔍 Primitive - Version >= MESH_TEXTURE_ALTERNATIVES (377), serializing TextureAlternatives
🔍 Primitive - Version: 880 (0x370), Position before Material: 427945
🔍 Primitive - Version >= MESH_TEXTURE_ALTERNATIVES (377), serializing TextureAlternatives
🔍 Primitive - Version: 880 (0x370), Position before Material: 427959
🔍 Primitive - Version >= MESH_TEXTURE_ALTERNATIVES (377), serializing TextureAlternatives
🔍 Primitive - Version: 880 (0x370), Position before Material: 427998
🔍 Primitive - Version >= MESH_TEXTURE_ALTERNATIVES (377), serializing TextureAlternatives
🔍 Primitive - Version: 880 (0x370), Position before Material: 428014
🔍 Primitive - Version >= MESH_TEXTURE_ALTERNATIVES (377), serializing TextureAlternatives
🔍 Primitive - Version: 880 (0x370), Position before Material: 428026
🔍 Primitive - Version >= MESH_TEXTURE_ALTERNATIVES (377), serializing TextureAlternatives
🔍 Primitive - Version: 880 (0x370), Position before Material: 428077
🔍 Primitive - Version >= MESH_TEXTURE_ALTERNATIVES (377), serializing TextureAlternatives
🔍 Primitive - Version: 880 (0x370), Position before Material: 428117
🔍 Primitive - Version >= MESH_TEXTURE_ALTERNATIVES (377), serializing TextureAlternatives
🔍 Primitive - Version: 880 (0x370), Position before Material: 428152
🔍 Primitive - Version >= MESH_TEXTURE_ALTERNATIVES (377), serializing TextureAlternatives
🔍 Primitive - Version: 880 (0x370), Position before Material: 428185
🔍 Primitive - Version >= MESH_TEXTURE_ALTERNATIVES (377), serializing TextureAlternatives
🔍 Primitive - Version: 880 (0x370), Position before Material: 428239
🔍 Primitive - Version >= MESH_TEXTURE_ALTERNATIVES (377), serializing TextureAlternatives
🔍 Primitive - Version: 880 (0x370), Position before Material: 428250
🔍 Primitive - Version >= MESH_TEXTURE_ALTERNATIVES (377), serializing TextureAlternatives
🔍 Primitive - Version: 880 (0x370), Position before Material: 428264
🔍 Primitive - Version >= MESH_TEXTURE_ALTERNATIVES (377), serializing TextureAlternatives
🔍 Primitive - Version: 880 (0x370), Position before Material: 428280
🔍 Primitive - Version >= MESH_TEXTURE_ALTERNATIVES (377), serializing TextureAlternatives
🔍 Primitive - Version: 880 (0x370), Position before Material: 428293
🔍 Primitive - Version >= MESH_TEXTURE_ALTERNATIVES (377), serializing TextureAlternatives
🔍 Primitive - Version: 880 (0x370), Position before Material: 428329
🔍 Primitive - Version >= MESH_TEXTURE_ALTERNATIVES (377), serializing TextureAlternatives
🔍 Primitive - Version: 880 (0x370), Position before Material: 428361
🔍 Primitive - Version >= MESH_TEXTURE_ALTERNATIVES (377), serializing TextureAlternatives
🔍 Primitive - Version: 880 (0x370), Position before Material: 428396
🔍 Primitive - Version >= MESH_TEXTURE_ALTERNATIVES (377), serializing TextureAlternatives
🔍 Primitive - Version: 880 (0x370), Position before Material: 428410
🔍 Primitive - Version >= MESH_TEXTURE_ALTERNATIVES (377), serializing TextureAlternatives
🔍 Primitive - Version: 880 (0x370), Position before Material: 428425
🔍 Primitive - Version >= MESH_TEXTURE_ALTERNATIVES (377), serializing TextureAlternatives
🔍 Primitive - Version: 880 (0x370), Position before Material: 428455
🔍 Primitive - Version >= MESH_TEXTURE_ALTERNATIVES (377), serializing TextureAlternatives
🔍 Primitive - Version: 880 (0x370), Position before Material: 428488
🔍 Primitive - Version >= MESH_TEXTURE_ALTERNATIVES (377), serializing TextureAlternatives
🔍 Primitive - Version: 880 (0x370), Position before Material: 428523
🔍 Primitive - Version >= MESH_TEXTURE_ALTERNATIVES (377), serializing TextureAlternatives
🔍 Primitive - Version: 880 (0x370), Position before Material: 428556
🔍 Primitive - Version >= MESH_TEXTURE_ALTERNATIVES (377), serializing TextureAlternatives
🔍 Primitive - Version: 880 (0x370), Position before Material: 428573
🔍 Primitive - Version >= MESH_TEXTURE_ALTERNATIVES (377), serializing TextureAlternatives
🔍 Primitive - Version: 880 (0x370), Position before Material: 428625
🔍 Primitive - Version >= MESH_TEXTURE_ALTERNATIVES (377), serializing TextureAlternatives
🔍 Primitive - Version: 880 (0x370), Position before Material: 428658
🔍 Primitive - Version >= MESH_TEXTURE_ALTERNATIVES (377), serializing TextureAlternatives
🔍 Primitive - Version: 880 (0x370), Position before Material: 428691
🔍 Primitive - Version >= MESH_TEXTURE_ALTERNATIVES (377), serializing TextureAlternatives
🔍 Primitive - Version: 880 (0x370), Position before Material: 428722
🔍 Primitive - Version >= MESH_TEXTURE_ALTERNATIVES (377), serializing TextureAlternatives
🔍 Primitive - Version: 880 (0x370), Position before Material: 428734
🔍 Primitive - Version >= MESH_TEXTURE_ALTERNATIVES (377), serializing TextureAlternatives
🔍 Primitive - Version: 880 (0x370), Position before Material: 428747
🔍 Primitive - Version >= MESH_TEXTURE_ALTERNATIVES (377), serializing TextureAlternatives
🔍 Primitive - Version: 880 (0x370), Position before Material: 428783
🔍 Primitive - Version >= MESH_TEXTURE_ALTERNATIVES (377), serializing TextureAlternatives
🔍 Primitive - Version: 880 (0x370), Position before Material: 428837
🔍 Primitive - Version >= MESH_TEXTURE_ALTERNATIVES (377), serializing TextureAlternatives
🔍 Primitive - Version: 880 (0x370), Position before Material: 428850
🔍 Primitive - Version >= MESH_TEXTURE_ALTERNATIVES (377), serializing TextureAlternatives
🔍 Primitive - Version: 880 (0x370), Position before Material: 428864
🔍 Primitive - Version >= MESH_TEXTURE_ALTERNATIVES (377), serializing TextureAlternatives
🔍 Primitive - Version: 880 (0x370), Position before Material: 428880
🔍 Primitive - Version >= MESH_TEXTURE_ALTERNATIVES (377), serializing TextureAlternatives
🔍 Primitive - Version: 880 (0x370), Position before Material: 428917
🔍 Primitive - Version >= MESH_TEXTURE_ALTERNATIVES (377), serializing TextureAlternatives
🔍 Primitive - Version: 880 (0x370), Position before Material: 428950
🔍 Primitive - Version >= MESH_TEXTURE_ALTERNATIVES (377), serializing TextureAlternatives
🔍 Primitive - Version: 880 (0x370), Position before Material: 428965
🔍 Primitive - Version >= MESH_TEXTURE_ALTERNATIVES (377), serializing TextureAlternatives
🔍 Primitive - Version: 880 (0x370), Position before Material: 429019
🔍 Primitive - Version >= MESH_TEXTURE_ALTERNATIVES (377), serializing TextureAlternatives
🔍 Primitive - Version: 880 (0x370), Position before Material: 429051
🔍 Primitive - Version >= MESH_TEXTURE_ALTERNATIVES (377), serializing TextureAlternatives
🔍 Primitive - Version: 880 (0x370), Position before Material: 429089
🔍 Primitive - Version >= MESH_TEXTURE_ALTERNATIVES (377), serializing TextureAlternatives
🔍 Primitive - Version: 880 (0x370), Position before Material: 429121
🔍 Primitive - Version >= MESH_TEXTURE_ALTERNATIVES (377), serializing TextureAlternatives
🔍 Primitive - Version: 880 (0x370), Position before Material: 429153
🔍 Primitive - Version >= MESH_TEXTURE_ALTERNATIVES (377), serializing TextureAlternatives
🔍 Primitive - Version: 880 (0x370), Position before Material: 429170
🔍 Primitive - Version >= MESH_TEXTURE_ALTERNATIVES (377), serializing TextureAlternatives
🔍 Primitive - Version: 880 (0x370), Position before Material: 429201
🔍 Primitive - Version >= MESH_TEXTURE_ALTERNATIVES (377), serializing TextureAlternatives
🔍 Primitive - Version: 880 (0x370), Position before Material: 429233
🔍 Primitive - Version >= MESH_TEXTURE_ALTERNATIVES (377), serializing TextureAlternatives
🔍 Primitive - Version: 880 (0x370), Position before Material: 429246
🔍 Primitive - Version >= MESH_TEXTURE_ALTERNATIVES (377), serializing TextureAlternatives
🔍 Primitive - Version: 880 (0x370), Position before Material: 429286
🔍 Primitive - Version >= MESH_TEXTURE_ALTERNATIVES (377), serializing TextureAlternatives
🔍 Primitive - Version: 880 (0x370), Position before Material: 429301
🔍 Primitive - Version >= MESH_TEXTURE_ALTERNATIVES (377), serializing TextureAlternatives
🔍 Primitive - Version: 880 (0x370), Position before Material: 429338
🔍 Primitive - Version >= MESH_TEXTURE_ALTERNATIVES (377), serializing TextureAlternatives
🔍 Primitive - Version: 880 (0x370), Position before Material: 429349
🔍 Primitive - Version >= MESH_TEXTURE_ALTERNATIVES (377), serializing TextureAlternatives
🔍 Primitive - Version: 880 (0x370), Position before Material: 429365
🔍 Primitive - Version >= MESH_TEXTURE_ALTERNATIVES (377), serializing TextureAlternatives
🔍 Primitive - Version: 880 (0x370), Position before Material: 429400
🔍 Primitive - Version >= MESH_TEXTURE_ALTERNATIVES (377), serializing TextureAlternatives
🔍 Primitive - Version: 880 (0x370), Position before Material: 429433
🔍 Primitive - Version >= MESH_TEXTURE_ALTERNATIVES (377), serializing TextureAlternatives
🔍 Primitive - Version: 880 (0x370), Position before Material: 429463
🔍 Primitive - Version >= MESH_TEXTURE_ALTERNATIVES (377), serializing TextureAlternatives
🔍 Primitive - Version: 880 (0x370), Position before Material: 429479
🔍 Primitive - Version >= MESH_TEXTURE_ALTERNATIVES (377), serializing TextureAlternatives
🔍 Primitive - Version: 880 (0x370), Position before Material: 429489
🔍 Primitive - Version >= MESH_TEXTURE_ALTERNATIVES (377), serializing TextureAlternatives
🔍 Primitive - Version: 880 (0x370), Position before Material: 429540
🔍 Primitive - Version >= MESH_TEXTURE_ALTERNATIVES (377), serializing TextureAlternatives
🔍 Primitive - Version: 880 (0x370), Position before Material: 429572
🔍 Primitive - Version >= MESH_TEXTURE_ALTERNATIVES (377), serializing TextureAlternatives
🔍 Primitive - Version: 880 (0x370), Position before Material: 429606
🔍 Primitive - Version >= MESH_TEXTURE_ALTERNATIVES (377), serializing TextureAlternatives
🔍 Primitive - Version: 880 (0x370), Position before Material: 429621
🔍 Primitive - Version >= MESH_TEXTURE_ALTERNATIVES (377), serializing TextureAlternatives
🔍 Primitive - Version: 880 (0x370), Position before Material: 429653
🔍 Primitive - Version >= MESH_TEXTURE_ALTERNATIVES (377), serializing TextureAlternatives
🔍 Primitive - Version: 880 (0x370), Position before Material: 429689
🔍 Primitive - Version >= MESH_TEXTURE_ALTERNATIVES (377), serializing TextureAlternatives
🔍 Primitive - Version: 880 (0x370), Position before Material: 429704
🔍 Primitive - Version >= MESH_TEXTURE_ALTERNATIVES (377), serializing TextureAlternatives
🔍 Primitive - Version: 880 (0x370), Position before Material: 429718
🔍 Primitive - Version >= MESH_TEXTURE_ALTERNATIVES (377), serializing TextureAlternatives
🔍 Primitive - Version: 880 (0x370), Position before Material: 429773
🔍 Primitive - Version >= MESH_TEXTURE_ALTERNATIVES (377), serializing TextureAlternatives
🔍 Primitive - Version: 880 (0x370), Position before Material: 429786
🔍 Primitive - Version >= MESH_TEXTURE_ALTERNATIVES (377), serializing TextureAlternatives
🔍 Primitive - Version: 880 (0x370), Position before Material: 429798
🔍 Primitive - Version >= MESH_TEXTURE_ALTERNATIVES (377), serializing TextureAlternatives
🔍 Primitive - Version: 880 (0x370), Position before Material: 429849
🔍 Primitive - Version >= MESH_TEXTURE_ALTERNATIVES (377), serializing TextureAlternatives
🔍 Primitive - Version: 880 (0x370), Position before Material: 429900
🔍 Primitive - Version >= MESH_TEXTURE_ALTERNATIVES (377), serializing TextureAlternatives
🔍 Primitive - Version: 880 (0x370), Position before Material: 429913
🔍 Primitive - Version >= MESH_TEXTURE_ALTERNATIVES (377), serializing TextureAlternatives
🔍 Primitive - Version: 880 (0x370), Position before Material: 429942
🔍 Primitive - Version >= MESH_TEXTURE_ALTERNATIVES (377), serializing TextureAlternatives
🔍 Primitive - Version: 880 (0x370), Position before Material: 429995
🔍 Primitive - Version >= MESH_TEXTURE_ALTERNATIVES (377), serializing TextureAlternatives
🔍 Primitive - Version: 880 (0x370), Position before Material: 430049
🔍 Primitive - Version >= MESH_TEXTURE_ALTERNATIVES (377), serializing TextureAlternatives
🔍 Primitive - Version: 880 (0x370), Position before Material: 430061
🔍 Primitive - Version >= MESH_TEXTURE_ALTERNATIVES (377), serializing TextureAlternatives
🔍 Primitive - Version: 880 (0x370), Position before Material: 430094
🔍 Primitive - Version >= MESH_TEXTURE_ALTERNATIVES (377), serializing TextureAlternatives
🔍 Primitive - Version: 880 (0x370), Position before Material: 430130
🔍 Primitive - Version >= MESH_TEXTURE_ALTERNATIVES (377), serializing TextureAlternatives
🔍 Primitive - Version: 880 (0x370), Position before Material: 430167
🔍 Primitive - Version >= MESH_TEXTURE_ALTERNATIVES (377), serializing TextureAlternatives
🔍 Primitive - Version: 880 (0x370), Position before Material: 430181
🔍 Primitive - Version >= MESH_TEXTURE_ALTERNATIVES (377), serializing TextureAlternatives
🔍 Primitive - Version: 880 (0x370), Position before Material: 430211
🔍 Primitive - Version >= MESH_TEXTURE_ALTERNATIVES (377), serializing TextureAlternatives
🔍 Primitive - Version: 880 (0x370), Position before Material: 430264
🔍 Primitive - Version >= MESH_TEXTURE_ALTERNATIVES (377), serializing TextureAlternatives
🔍 Primitive - Version: 880 (0x370), Position before Material: 430297
🔍 Primitive - Version >= MESH_TEXTURE_ALTERNATIVES (377), serializing TextureAlternatives
🔍 Primitive - Version: 880 (0x370), Position before Material: 430350
🔍 Primitive - Version >= MESH_TEXTURE_ALTERNATIVES (377), serializing TextureAlternatives
🔍 Primitive - Version: 880 (0x370), Position before Material: 430391
🔍 Primitive - Version >= MESH_TEXTURE_ALTERNATIVES (377), serializing TextureAlternatives
🔍 Primitive - Version: 880 (0x370), Position before Material: 430428
🔍 Primitive - Version >= MESH_TEXTURE_ALTERNATIVES (377), serializing TextureAlternatives
🔍 Primitive - Version: 880 (0x370), Position before Material: 430445
🔍 Primitive - Version >= MESH_TEXTURE_ALTERNATIVES (377), serializing TextureAlternatives
🔍 Primitive - Version: 880 (0x370), Position before Material: 430482
🔍 Primitive - Version >= MESH_TEXTURE_ALTERNATIVES (377), serializing TextureAlternatives
🔍 Primitive - Version: 880 (0x370), Position before Material: 430519
🔍 Primitive - Version >= MESH_TEXTURE_ALTERNATIVES (377), serializing TextureAlternatives
🔍 Primitive - Version: 880 (0x370), Position before Material: 430573
🔍 Primitive - Version >= MESH_TEXTURE_ALTERNATIVES (377), serializing TextureAlternatives
🔍 Primitive - Version: 880 (0x370), Position before Material: 430617
🔍 Primitive - Version >= MESH_TEXTURE_ALTERNATIVES (377), serializing TextureAlternatives
🔍 Primitive - Version: 880 (0x370), Position before Material: 430651
🔍 Primitive - Version >= MESH_TEXTURE_ALTERNATIVES (377), serializing TextureAlternatives
🔍 Primitive - Version: 880 (0x370), Position before Material: 430689
🔍 Primitive - Version >= MESH_TEXTURE_ALTERNATIVES (377), serializing TextureAlternatives
🔍 Primitive - Version: 880 (0x370), Position before Material: 430700
🔍 Primitive - Version >= MESH_TEXTURE_ALTERNATIVES (377), serializing TextureAlternatives
🔍 Primitive - Version: 880 (0x370), Position before Material: 430711
🔍 Primitive - Version >= MESH_TEXTURE_ALTERNATIVES (377), serializing TextureAlternatives
🔍 Primitive - Version: 880 (0x370), Position before Material: 430763
🔍 Primitive - Version >= MESH_TEXTURE_ALTERNATIVES (377), serializing TextureAlternatives
🔍 Primitive - Version: 880 (0x370), Position before Material: 430781
🔍 Primitive - Version >= MESH_TEXTURE_ALTERNATIVES (377), serializing TextureAlternatives
🔍 Primitive - Version: 880 (0x370), Position before Material: 430812
🔍 Primitive - Version >= MESH_TEXTURE_ALTERNATIVES (377), serializing TextureAlternatives
🔍 Primitive - Version: 880 (0x370), Position before Material: 430830
🔍 Primitive - Version >= MESH_TEXTURE_ALTERNATIVES (377), serializing TextureAlternatives
🔍 Primitive - Version: 880 (0x370), Position before Material: 430843
🔍 Primitive - Version >= MESH_TEXTURE_ALTERNATIVES (377), serializing TextureAlternatives
🔍 Primitive - Version: 880 (0x370), Position before Material: 430900
🔍 Primitive - Version >= MESH_TEXTURE_ALTERNATIVES (377), serializing TextureAlternatives
🔍 Primitive - Version: 880 (0x370), Position before Material: 430933
🔍 Primitive - Version >= MESH_TEXTURE_ALTERNATIVES (377), serializing TextureAlternatives
🔍 Primitive - Version: 880 (0x370), Position before Material: 430969
🔍 Primitive - Version >= MESH_TEXTURE_ALTERNATIVES (377), serializing TextureAlternatives
🔍 Primitive - Version: 880 (0x370), Position before Material: 431021
🔍 Primitive - Version >= MESH_TEXTURE_ALTERNATIVES (377), serializing TextureAlternatives
🔍 Primitive - Version: 880 (0x370), Position before Material: 431040
🔍 Primitive - Version >= MESH_TEXTURE_ALTERNATIVES (377), serializing TextureAlternatives
🔍 Primitive - Version: 880 (0x370), Position before Material: 431075
🔍 Primitive - Version >= MESH_TEXTURE_ALTERNATIVES (377), serializing TextureAlternatives
🔍 Primitive - Version: 880 (0x370), Position before Material: 431132
🔍 Primitive - Version >= MESH_TEXTURE_ALTERNATIVES (377), serializing TextureAlternatives
🔍 Primitive - Version: 880 (0x370), Position before Material: 431152
🔍 Primitive - Version >= MESH_TEXTURE_ALTERNATIVES (377), serializing TextureAlternatives
🔍 Primitive - Version: 880 (0x370), Position before Material: 431189
🔍 Primitive - Version >= MESH_TEXTURE_ALTERNATIVES (377), serializing TextureAlternatives
🔍 Primitive - Version: 880 (0x370), Position before Material: 431203
🔍 Primitive - Version >= MESH_TEXTURE_ALTERNATIVES (377), serializing TextureAlternatives
🔍 Primitive - Version: 880 (0x370), Position before Material: 431240
🔍 Primitive - Version >= MESH_TEXTURE_ALTERNATIVES (377), serializing TextureAlternatives
🔍 Primitive - Version: 880 (0x370), Position before Material: 431271
🔍 Primitive - Version >= MESH_TEXTURE_ALTERNATIVES (377), serializing TextureAlternatives
🔍 Primitive - Version: 880 (0x370), Position before Material: 431285
🔍 Primitive - Version >= MESH_TEXTURE_ALTERNATIVES (377), serializing TextureAlternatives
🔍 Primitive - Version: 880 (0x370), Position before Material: 431337
🔍 Primitive - Version >= MESH_TEXTURE_ALTERNATIVES (377), serializing TextureAlternatives
🔍 Primitive - Version: 880 (0x370), Position before Material: 431354
🔍 Primitive - Version >= MESH_TEXTURE_ALTERNATIVES (377), serializing TextureAlternatives
🔍 Primitive - Version: 880 (0x370), Position before Material: 431386
🔍 Primitive - Version >= MESH_TEXTURE_ALTERNATIVES (377), serializing TextureAlternatives
🔍 Primitive - Version: 880 (0x370), Position before Material: 431425
🔍 Primitive - Version >= MESH_TEXTURE_ALTERNATIVES (377), serializing TextureAlternatives
🔍 Primitive - Version: 880 (0x370), Position before Material: 431456
🔍 Primitive - Version >= MESH_TEXTURE_ALTERNATIVES (377), serializing TextureAlternatives
🔍 Primitive - Version: 880 (0x370), Position before Material: 431475
🔍 Primitive - Version >= MESH_TEXTURE_ALTERNATIVES (377), serializing TextureAlternatives
🔍 Primitive - Version: 880 (0x370), Position before Material: 431505
🔍 Primitive - Version >= MESH_TEXTURE_ALTERNATIVES (377), serializing TextureAlternatives
🔍 Primitive - Version: 880 (0x370), Position before Material: 431560
🔍 Primitive - Version >= MESH_TEXTURE_ALTERNATIVES (377), serializing TextureAlternatives
🔍 Primitive - Version: 880 (0x370), Position before Material: 431598
🔍 Primitive - Version >= MESH_TEXTURE_ALTERNATIVES (377), serializing TextureAlternatives
🔍 Primitive - Version: 880 (0x370), Position before Material: 431653
🔍 Primitive - Version >= MESH_TEXTURE_ALTERNATIVES (377), serializing TextureAlternatives
🔍 Primitive - Version: 880 (0x370), Position before Material: 431669
🔍 Primitive - Version >= MESH_TEXTURE_ALTERNATIVES (377), serializing TextureAlternatives
🔍 Primitive - Version: 880 (0x370), Position before Material: 431725
🔍 Primitive - Version >= MESH_TEXTURE_ALTERNATIVES (377), serializing TextureAlternatives
🔍 Primitive - Version: 880 (0x370), Position before Material: 431736
🔍 Primitive - Version >= MESH_TEXTURE_ALTERNATIVES (377), serializing TextureAlternatives
🔍 Primitive - Version: 880 (0x370), Position before Material: 431771
🔍 Primitive - Version >= MESH_TEXTURE_ALTERNATIVES (377), serializing TextureAlternatives
🔍 Primitive - Version: 880 (0x370), Position before Material: 431784
🔍 Primitive - Version >= MESH_TEXTURE_ALTERNATIVES (377), serializing TextureAlternatives
🔍 Primitive - Version: 880 (0x370), Position before Material: 431814
🔍 Primitive - Version >= MESH_TEXTURE_ALTERNATIVES (377), serializing TextureAlternatives
🔍 Primitive - Version: 880 (0x370), Position before Material: 431866
🔍 Primitive - Version >= MESH_TEXTURE_ALTERNATIVES (377), serializing TextureAlternatives
🔍 Primitive - Version: 880 (0x370), Position before Material: 431900
🔍 Primitive - Version >= MESH_TEXTURE_ALTERNATIVES (377), serializing TextureAlternatives
🔍 Primitive - Version: 880 (0x370), Position before Material: 431934
🔍 Primitive - Version >= MESH_TEXTURE_ALTERNATIVES (377), serializing TextureAlternatives
🔍 Primitive - Version: 880 (0x370), Position before Material: 431975
🔍 Primitive - Version >= MESH_TEXTURE_ALTERNATIVES (377), serializing TextureAlternatives
🔍 Primitive - Version: 880 (0x370), Position before Material: 431984
🔍 Primitive - Version >= MESH_TEXTURE_ALTERNATIVES (377), serializing TextureAlternatives
🔍 Primitive - Version: 880 (0x370), Position before Material: 432043
🔍 Primitive - Version >= MESH_TEXTURE_ALTERNATIVES (377), serializing TextureAlternatives
🔍 Primitive - Version: 880 (0x370), Position before Material: 432077
🔍 Primitive - Version >= MESH_TEXTURE_ALTERNATIVES (377), serializing TextureAlternatives
🔍 Primitive - Version: 880 (0x370), Position before Material: 432097
🔍 Primitive - Version >= MESH_TEXTURE_ALTERNATIVES (377), serializing TextureAlternatives
🔍 Primitive - Version: 880 (0x370), Position before Material: 432134
🔍 Primitive - Version >= MESH_TEXTURE_ALTERNATIVES (377), serializing TextureAlternatives
🔍 Primitive - Version: 880 (0x370), Position before Material: 432174
🔍 Primitive - Version >= MESH_TEXTURE_ALTERNATIVES (377), serializing TextureAlternatives
🔍 Primitive - Version: 880 (0x370), Position before Material: 432206
🔍 Primitive - Version >= MESH_TEXTURE_ALTERNATIVES (377), serializing TextureAlternatives
🔍 Primitive - Version: 880 (0x370), Position before Material: 432241
🔍 Primitive - Version >= MESH_TEXTURE_ALTERNATIVES (377), serializing TextureAlternatives
🔍 Primitive - Version: 880 (0x370), Position before Material: 432274
🔍 Primitive - Version >= MESH_TEXTURE_ALTERNATIVES (377), serializing TextureAlternatives
🔍 Primitive - Version: 880 (0x370), Position before Material: 432306
🔍 Primitive - Version >= MESH_TEXTURE_ALTERNATIVES (377), serializing TextureAlternatives
🔍 Primitive - Version: 880 (0x370), Position before Material: 432345
🔍 Primitive - Version >= MESH_TEXTURE_ALTERNATIVES (377), serializing TextureAlternatives
🔍 Primitive - Version: 880 (0x370), Position before Material: 432397
🔍 Primitive - Version >= MESH_TEXTURE_ALTERNATIVES (377), serializing TextureAlternatives
🔍 Primitive - Version: 880 (0x370), Position before Material: 432408
🔍 Primitive - Version >= MESH_TEXTURE_ALTERNATIVES (377), serializing TextureAlternatives
🔍 Primitive - Version: 880 (0x370), Position before Material: 432440
🔍 Primitive - Version >= MESH_TEXTURE_ALTERNATIVES (377), serializing TextureAlternatives
🔍 Primitive - Version: 880 (0x370), Position before Material: 432485
🔍 Primitive - Version >= MESH_TEXTURE_ALTERNATIVES (377), serializing TextureAlternatives
🔍 Primitive - Version: 880 (0x370), Position before Material: 432518
🔍 Primitive - Version >= MESH_TEXTURE_ALTERNATIVES (377), serializing TextureAlternatives
🔍 Primitive - Version: 880 (0x370), Position before Material: 432555
🔍 Primitive - Version >= MESH_TEXTURE_ALTERNATIVES (377), serializing TextureAlternatives
🔍 Primitive - Version: 880 (0x370), Position before Material: 432585
🔍 Primitive - Version >= MESH_TEXTURE_ALTERNATIVES (377), serializing TextureAlternatives
🔍 Primitive - Version: 880 (0x370), Position before Material: 432616
🔍 Primitive - Version >= MESH_TEXTURE_ALTERNATIVES (377), serializing TextureAlternatives
🔍 Primitive - Version: 880 (0x370), Position before Material: 432653
🔍 Primitive - Version >= MESH_TEXTURE_ALTERNATIVES (377), serializing TextureAlternatives
🔍 Primitive - Version: 880 (0x370), Position before Material: 432673
🔍 Primitive - Version >= MESH_TEXTURE_ALTERNATIVES (377), serializing TextureAlternatives
🔍 Primitive - Version: 880 (0x370), Position before Material: 432729
🔍 Primitive - Version >= MESH_TEXTURE_ALTERNATIVES (377), serializing TextureAlternatives
🔍 Primitive - Version: 880 (0x370), Position before Material: 432759
🔍 Primitive - Version >= MESH_TEXTURE_ALTERNATIVES (377), serializing TextureAlternatives
🔍 Primitive - Version: 880 (0x370), Position before Material: 432817
🔍 Primitive - Version >= MESH_TEXTURE_ALTERNATIVES (377), serializing TextureAlternatives
🔍 Primitive - Version: 880 (0x370), Position before Material: 432831
🔍 Primitive - Version >= MESH_TEXTURE_ALTERNATIVES (377), serializing TextureAlternatives
🔍 Primitive - Version: 880 (0x370), Position before Material: 432898
🔍 Primitive - Version >= MESH_TEXTURE_ALTERNATIVES (377), serializing TextureAlternatives
🔍 Primitive - Version: 880 (0x370), Position before Material: 432920
🔍 Primitive - Version >= MESH_TEXTURE_ALTERNATIVES (377), serializing TextureAlternatives
🔍 Primitive - Version: 880 (0x370), Position before Material: 432940
🔍 Primitive - Version >= MESH_TEXTURE_ALTERNATIVES (377), serializing TextureAlternatives
🔍 Primitive - Version: 880 (0x370), Position before Material: 432973
🔍 Primitive - Version >= MESH_TEXTURE_ALTERNATIVES (377), serializing TextureAlternatives
🔍 Primitive - Version: 880 (0x370), Position before Material: 432984
🔍 Primitive - Version >= MESH_TEXTURE_ALTERNATIVES (377), serializing TextureAlternatives
🔍 Primitive - Version: 880 (0x370), Position before Material: 433038
🔍 Primitive - Version >= MESH_TEXTURE_ALTERNATIVES (377), serializing TextureAlternatives
🔍 Primitive - Version: 880 (0x370), Position before Material: 433057
🔍 Primitive - Version >= MESH_TEXTURE_ALTERNATIVES (377), serializing TextureAlternatives
🔍 Primitive - Version: 880 (0x370), Position before Material: 433095
🔍 Primitive - Version >= MESH_TEXTURE_ALTERNATIVES (377), serializing TextureAlternatives
🔍 Primitive - Version: 880 (0x370), Position before Material: 433129
🔍 Primitive - Version >= MESH_TEXTURE_ALTERNATIVES (377), serializing TextureAlternatives
🔍 Primitive - Version: 880 (0x370), Position before Material: 433161
🔍 Primitive - Version >= MESH_TEXTURE_ALTERNATIVES (377), serializing TextureAlternatives
🔍 Primitive - Version: 880 (0x370), Position before Material: 433213
🔍 Primitive - Version >= MESH_TEXTURE_ALTERNATIVES (377), serializing TextureAlternatives
🔍 Primitive - Version: 880 (0x370), Position before Material: 433247
🔍 Primitive - Version >= MESH_TEXTURE_ALTERNATIVES (377), serializing TextureAlternatives
🔍 Primitive - Version: 880 (0x370), Position before Material: 433304
🔍 Primitive - Version >= MESH_TEXTURE_ALTERNATIVES (377), serializing TextureAlternatives
🔍 Primitive - Version: 880 (0x370), Position before Material: 433316
🔍 Primitive - Version >= MESH_TEXTURE_ALTERNATIVES (377), serializing TextureAlternatives
🔍 Primitive - Version: 880 (0x370), Position before Material: 433374
🔍 Primitive - Version >= MESH_TEXTURE_ALTERNATIVES (377), serializing TextureAlternatives
🔍 Primitive - Version: 880 (0x370), Position before Material: 433409
🔍 Primitive - Version >= MESH_TEXTURE_ALTERNATIVES (377), serializing TextureAlternatives
🔍 Primitive - Version: 880 (0x370), Position before Material: 433421
🔍 Primitive - Version >= MESH_TEXTURE_ALTERNATIVES (377), serializing TextureAlternatives
🔍 Primitive - Version: 880 (0x370), Position before Material: 433459
🔍 Primitive - Version >= MESH_TEXTURE_ALTERNATIVES (377), serializing TextureAlternatives
🔍 Primitive - Version: 880 (0x370), Position before Material: 433517
🔍 Primitive - Version >= MESH_TEXTURE_ALTERNATIVES (377), serializing TextureAlternatives
🔍 Primitive - Version: 880 (0x370), Position before Material: 433571
🔍 Primitive - Version >= MESH_TEXTURE_ALTERNATIVES (377), serializing TextureAlternatives
🔍 Primitive - Version: 880 (0x370), Position before Material: 433626
🔍 Primitive - Version >= MESH_TEXTURE_ALTERNATIVES (377), serializing TextureAlternatives
🔍 Primitive - Version: 880 (0x370), Position before Material: 433643
🔍 Primitive - Version >= MESH_TEXTURE_ALTERNATIVES (377), serializing TextureAlternatives
🔍 Primitive - Version: 880 (0x370), Position before Material: 433656
🔍 Primitive - Version >= MESH_TEXTURE_ALTERNATIVES (377), serializing TextureAlternatives
🔍 Primitive - Version: 880 (0x370), Position before Material: 433710
🔍 Primitive - Version >= MESH_TEXTURE_ALTERNATIVES (377), serializing TextureAlternatives
🔍 Primitive - Version: 880 (0x370), Position before Material: 433728
🔍 Primitive - Version >= MESH_TEXTURE_ALTERNATIVES (377), serializing TextureAlternatives
🔍 Primitive - Version: 880 (0x370), Position before Material: 433745
🔍 Primitive - Version >= MESH_TEXTURE_ALTERNATIVES (377), serializing TextureAlternatives
🔍 Primitive - Version: 880 (0x370), Position before Material: 433799
🔍 Primitive - Version >= MESH_TEXTURE_ALTERNATIVES (377), serializing TextureAlternatives
🔍 Primitive - Version: 880 (0x370), Position before Material: 433812
🔍 Primitive - Version >= MESH_TEXTURE_ALTERNATIVES (377), serializing TextureAlternatives
🔍 Primitive - Version: 880 (0x370), Position before Material: 433865
🔍 Primitive - Version >= MESH_TEXTURE_ALTERNATIVES (377), serializing TextureAlternatives
🔍 Primitive - Version: 880 (0x370), Position before Material: 433921
🔍 Primitive - Version >= MESH_TEXTURE_ALTERNATIVES (377), serializing TextureAlternatives
🔍 Primitive - Version: 880 (0x370), Position before Material: 433956
🔍 Primitive - Version >= MESH_TEXTURE_ALTERNATIVES (377), serializing TextureAlternatives
🔍 Primitive - Version: 880 (0x370), Position before Material: 433989
🔍 Primitive - Version >= MESH_TEXTURE_ALTERNATIVES (377), serializing TextureAlternatives
🔍 Primitive - Version: 880 (0x370), Position before Material: 434002
🔍 Primitive - Version >= MESH_TEXTURE_ALTERNATIVES (377), serializing TextureAlternatives
🔍 Primitive - Version: 880 (0x370), Position before Material: 434039
🔍 Primitive - Version >= MESH_TEXTURE_ALTERNATIVES (377), serializing TextureAlternatives
🔍 Primitive - Version: 880 (0x370), Position before Material: 434053
🔍 Primitive - Version >= MESH_TEXTURE_ALTERNATIVES (377), serializing TextureAlternatives
🔍 Primitive - Version: 880 (0x370), Position before Material: 434093
🔍 Primitive - Version >= MESH_TEXTURE_ALTERNATIVES (377), serializing TextureAlternatives
🔍 Primitive - Version: 880 (0x370), Position before Material: 434146
🔍 Primitive - Version >= MESH_TEXTURE_ALTERNATIVES (377), serializing TextureAlternatives
🔍 Primitive - Version: 880 (0x370), Position before Material: 434183
🔍 Primitive - Version >= MESH_TEXTURE_ALTERNATIVES (377), serializing TextureAlternatives
🔍 Primitive - Version: 880 (0x370), Position before Material: 434193
🔍 Primitive - Version >= MESH_TEXTURE_ALTERNATIVES (377), serializing TextureAlternatives
🔍 Primitive - Version: 880 (0x370), Position before Material: 434226
🔍 Primitive - Version >= MESH_TEXTURE_ALTERNATIVES (377), serializing TextureAlternatives
🔍 Primitive - Version: 880 (0x370), Position before Material: 434241
🔍 Primitive - Version >= MESH_TEXTURE_ALTERNATIVES (377), serializing TextureAlternatives
🔍 Primitive - Version: 880 (0x370), Position before Material: 434295
🔍 Primitive - Version >= MESH_TEXTURE_ALTERNATIVES (377), serializing TextureAlternatives
🔍 Primitive - Version: 880 (0x370), Position before Material: 434331
🔍 Primitive - Version >= MESH_TEXTURE_ALTERNATIVES (377), serializing TextureAlternatives
🔍 Primitive - Version: 880 (0x370), Position before Material: 434345
🔍 Primitive - Version >= MESH_TEXTURE_ALTERNATIVES (377), serializing TextureAlternatives
🔍 Primitive - Version: 880 (0x370), Position before Material: 434399
🔍 Primitive - Version >= MESH_TEXTURE_ALTERNATIVES (377), serializing TextureAlternatives
🔍 Primitive - Version: 880 (0x370), Position before Material: 434431
🔍 Primitive - Version >= MESH_TEXTURE_ALTERNATIVES (377), serializing TextureAlternatives
🔍 Primitive - Version: 880 (0x370), Position before Material: 434485
🔍 Primitive - Version >= MESH_TEXTURE_ALTERNATIVES (377), serializing TextureAlternatives
🔍 Primitive - Version: 880 (0x370), Position before Material: 434497
🔍 Primitive - Version >= MESH_TEXTURE_ALTERNATIVES (377), serializing TextureAlternatives
🔍 Primitive - Version: 880 (0x370), Position before Material: 434533
🔍 Primitive - Version >= MESH_TEXTURE_ALTERNATIVES (377), serializing TextureAlternatives
🔍 Primitive - Version: 880 (0x370), Position before Material: 434563
🔍 Primitive - Version >= MESH_TEXTURE_ALTERNATIVES (377), serializing TextureAlternatives
🔍 Primitive - Version: 880 (0x370), Position before Material: 434598
🔍 Primitive - Version >= MESH_TEXTURE_ALTERNATIVES (377), serializing TextureAlternatives
🔍 Primitive - Version: 880 (0x370), Position before Material: 434632
🔍 Primitive - Version >= MESH_TEXTURE_ALTERNATIVES (377), serializing TextureAlternatives
🔍 Primitive - Version: 880 (0x370), Position before Material: 434667
🔍 Primitive - Version >= MESH_TEXTURE_ALTERNATIVES (377), serializing TextureAlternatives
🔍 Primitive - Version: 880 (0x370), Position before Material: 434677
🔍 Primitive - Version >= MESH_TEXTURE_ALTERNATIVES (377), serializing TextureAlternatives
🔍 Primitive - Version: 880 (0x370), Position before Material: 434709
🔍 Primitive - Version >= MESH_TEXTURE_ALTERNATIVES (377), serializing TextureAlternatives
🔍 Primitive - Version: 880 (0x370), Position before Material: 434742
🔍 Primitive - Version >= MESH_TEXTURE_ALTERNATIVES (377), serializing TextureAlternatives
🔍 Primitive - Version: 880 (0x370), Position before Material: 434794
🔍 Primitive - Version >= MESH_TEXTURE_ALTERNATIVES (377), serializing TextureAlternatives
🔍 Primitive - Version: 880 (0x370), Position before Material: 434809
🔍 Primitive - Version >= MESH_TEXTURE_ALTERNATIVES (377), serializing TextureAlternatives
🔍 Primitive - Version: 880 (0x370), Position before Material: 434845
🔍 Primitive - Version >= MESH_TEXTURE_ALTERNATIVES (377), serializing TextureAlternatives
🔍 Primitive - Version: 880 (0x370), Position before Material: 434878
🔍 Primitive - Version >= MESH_TEXTURE_ALTERNATIVES (377), serializing TextureAlternatives
🔍 Primitive - Version: 880 (0x370), Position before Material: 434914
🔍 Primitive - Version >= MESH_TEXTURE_ALTERNATIVES (377), serializing TextureAlternatives
🔍 Primitive - Version: 880 (0x370), Position before Material: 434965
🔍 Primitive - Version >= MESH_TEXTURE_ALTERNATIVES (377), serializing TextureAlternatives
🔍 Primitive - Version: 880 (0x370), Position before Material: 435020
🔍 Primitive - Version >= MESH_TEXTURE_ALTERNATIVES (377), serializing TextureAlternatives
🔍 Primitive - Version: 880 (0x370), Position before Material: 435057
🔍 Primitive - Version >= MESH_TEXTURE_ALTERNATIVES (377), serializing TextureAlternatives
🔍 Primitive - Version: 880 (0x370), Position before Material: 435095
🔍 Primitive - Version >= MESH_TEXTURE_ALTERNATIVES (377), serializing TextureAlternatives
🔍 Primitive - Version: 880 (0x370), Position before Material: 435129
🔍 Primitive - Version >= MESH_TEXTURE_ALTERNATIVES (377), serializing TextureAlternatives
🔍 Primitive - Version: 880 (0x370), Position before Material: 435183
🔍 Primitive - Version >= MESH_TEXTURE_ALTERNATIVES (377), serializing TextureAlternatives
🔍 Primitive - Version: 880 (0x370), Position before Material: 435221
🔍 Primitive - Version >= MESH_TEXTURE_ALTERNATIVES (377), serializing TextureAlternatives
🔍 Primitive - Version: 880 (0x370), Position before Material: 435255
🔍 Primitive - Version >= MESH_TEXTURE_ALTERNATIVES (377), serializing TextureAlternatives
🔍 Primitive - Version: 880 (0x370), Position before Material: 435287
🔍 Primitive - Version >= MESH_TEXTURE_ALTERNATIVES (377), serializing TextureAlternatives
🔍 Primitive - Version: 880 (0x370), Position before Material: 435345
🔍 Primitive - Version >= MESH_TEXTURE_ALTERNATIVES (377), serializing TextureAlternatives
🔍 Primitive - Version: 880 (0x370), Position before Material: 435398
🔍 Primitive - Version >= MESH_TEXTURE_ALTERNATIVES (377), serializing TextureAlternatives
🔍 Primitive - Version: 880 (0x370), Position before Material: 435449
🔍 Primitive - Version >= MESH_TEXTURE_ALTERNATIVES (377), serializing TextureAlternatives
🔍 Primitive - Version: 880 (0x370), Position before Material: 435485
🔍 Primitive - Version >= MESH_TEXTURE_ALTERNATIVES (377), serializing TextureAlternatives
🔍 Primitive - Version: 880 (0x370), Position before Material: 435542
🔍 Primitive - Version >= MESH_TEXTURE_ALTERNATIVES (377), serializing TextureAlternatives
🔍 Primitive - Version: 880 (0x370), Position before Material: 435581
🔍 Primitive - Version >= MESH_TEXTURE_ALTERNATIVES (377), serializing TextureAlternatives
🔍 Primitive - Version: 880 (0x370), Position before Material: 435615
🔍 Primitive - Version >= MESH_TEXTURE_ALTERNATIVES (377), serializing TextureAlternatives
🔍 Primitive - Version: 880 (0x370), Position before Material: 435649
🔍 Primitive - Version >= MESH_TEXTURE_ALTERNATIVES (377), serializing TextureAlternatives
🔍 Primitive - Version: 880 (0x370), Position before Material: 435704
🔍 Primitive - Version >= MESH_TEXTURE_ALTERNATIVES (377), serializing TextureAlternatives
🔍 Primitive - Version: 880 (0x370), Position before Material: 435745
🔍 Primitive - Version >= MESH_TEXTURE_ALTERNATIVES (377), serializing TextureAlternatives
🔍 Primitive - Version: 880 (0x370), Position before Material: 435781
🔍 Primitive - Version >= MESH_TEXTURE_ALTERNATIVES (377), serializing TextureAlternatives
🔍 Primitive - Version: 880 (0x370), Position before Material: 435831
🔍 Primitive - Version >= MESH_TEXTURE_ALTERNATIVES (377), serializing TextureAlternatives
🔍 Primitive - Version: 880 (0x370), Position before Material: 435893
🔍 Primitive - Version >= MESH_TEXTURE_ALTERNATIVES (377), serializing TextureAlternatives
🔍 Primitive - Version: 880 (0x370), Position before Material: 435949
🔍 Primitive - Version >= MESH_TEXTURE_ALTERNATIVES (377), serializing TextureAlternatives
🔍 Primitive - Version: 880 (0x370), Position before Material: 436009
🔍 Primitive - Version >= MESH_TEXTURE_ALTERNATIVES (377), serializing TextureAlternatives
🔍 Primitive - Version: 880 (0x370), Position before Material: 436043
🔍 Primitive - Version >= MESH_TEXTURE_ALTERNATIVES (377), serializing TextureAlternatives
🔍 Primitive - Version: 880 (0x370), Position before Material: 436098
🔍 Primitive - Version >= MESH_TEXTURE_ALTERNATIVES (377), serializing TextureAlternatives
🔍 Primitive - Version: 880 (0x370), Position before Material: 436111
🔍 Primitive - Version >= MESH_TEXTURE_ALTERNATIVES (377), serializing TextureAlternatives
🔍 Primitive - Version: 880 (0x370), Position before Material: 436143
🔍 Primitive - Version >= MESH_TEXTURE_ALTERNATIVES (377), serializing TextureAlternatives
🔍 Primitive - Version: 880 (0x370), Position before Material: 436184
🔍 Primitive - Version >= MESH_TEXTURE_ALTERNATIVES (377), serializing TextureAlternatives
🔍 Primitive - Version: 880 (0x370), Position before Material: 436222
🔍 Primitive - Version >= MESH_TEXTURE_ALTERNATIVES (377), serializing TextureAlternatives
🔍 Primitive - Version: 880 (0x370), Position before Material: 436256
🔍 Primitive - Version >= MESH_TEXTURE_ALTERNATIVES (377), serializing TextureAlternatives
🔍 Primitive - Version: 880 (0x370), Position before Material: 436307
🔍 Primitive - Version >= MESH_TEXTURE_ALTERNATIVES (377), serializing TextureAlternatives
🔍 Primitive - Version: 880 (0x370), Position before Material: 436343
🔍 Primitive - Version >= MESH_TEXTURE_ALTERNATIVES (377), serializing TextureAlternatives
🔍 Primitive - Version: 880 (0x370), Position before Material: 436373
🔍 Primitive - Version >= MESH_TEXTURE_ALTERNATIVES (377), serializing TextureAlternatives
🔍 Primitive - Version: 880 (0x370), Position before Material: 436393
🔍 Primitive - Version >= MESH_TEXTURE_ALTERNATIVES (377), serializing TextureAlternatives
🔍 Primitive - Version: 880 (0x370), Position before Material: 436405
🔍 Primitive - Version >= MESH_TEXTURE_ALTERNATIVES (377), serializing TextureAlternatives
🔍 Primitive - Version: 880 (0x370), Position before Material: 436446
🔍 Primitive - Version >= MESH_TEXTURE_ALTERNATIVES (377), serializing TextureAlternatives
🔍 Primitive - Version: 880 (0x370), Position before Material: 436460
🔍 Primitive - Version >= MESH_TEXTURE_ALTERNATIVES (377), serializing TextureAlternatives
🔍 Primitive - Version: 880 (0x370), Position before Material: 436514
🔍 Primitive - Version >= MESH_TEXTURE_ALTERNATIVES (377), serializing TextureAlternatives
🔍 Primitive - Version: 880 (0x370), Position before Material: 436573
🔍 Primitive - Version >= MESH_TEXTURE_ALTERNATIVES (377), serializing TextureAlternatives
🔍 Primitive - Version: 880 (0x370), Position before Material: 436612
🔍 Primitive - Version >= MESH_TEXTURE_ALTERNATIVES (377), serializing TextureAlternatives
🔍 Primitive - Version: 880 (0x370), Position before Material: 436625
🔍 Primitive - Version >= MESH_TEXTURE_ALTERNATIVES (377), serializing TextureAlternatives
🔍 Primitive - Version: 880 (0x370), Position before Material: 436663
🔍 Primitive - Version >= MESH_TEXTURE_ALTERNATIVES (377), serializing TextureAlternatives
🔍 Primitive - Version: 880 (0x370), Position before Material: 436700
🔍 Primitive - Version >= MESH_TEXTURE_ALTERNATIVES (377), serializing TextureAlternatives
🔍 Primitive - Version: 880 (0x370), Position before Material: 436713
🔍 Primitive - Version >= MESH_TEXTURE_ALTERNATIVES (377), serializing TextureAlternatives
🔍 Primitive - Version: 880 (0x370), Position before Material: 436749
🔍 Primitive - Version >= MESH_TEXTURE_ALTERNATIVES (377), serializing TextureAlternatives
🔍 Primitive - Version: 880 (0x370), Position before Material: 436783
🔍 Primitive - Version >= MESH_TEXTURE_ALTERNATIVES (377), serializing TextureAlternatives
🔍 Primitive - Version: 880 (0x370), Position before Material: 436815
🔍 Primitive - Version >= MESH_TEXTURE_ALTERNATIVES (377), serializing TextureAlternatives
🔍 Primitive - Version: 880 (0x370), Position before Material: 436852
🔍 Primitive - Version >= MESH_TEXTURE_ALTERNATIVES (377), serializing TextureAlternatives
🔍 Primitive - Version: 880 (0x370), Position before Material: 436884
🔍 Primitive - Version >= MESH_TEXTURE_ALTERNATIVES (377), serializing TextureAlternatives
🔍 Primitive - Version: 880 (0x370), Position before Material: 436936
🔍 Primitive - Version >= MESH_TEXTURE_ALTERNATIVES (377), serializing TextureAlternatives
🔍 Primitive - Version: 880 (0x370), Position before Material: 436969
🔍 Primitive - Version >= MESH_TEXTURE_ALTERNATIVES (377), serializing TextureAlternatives
🔍 Primitive - Version: 880 (0x370), Position before Material: 437026
🔍 Primitive - Version >= MESH_TEXTURE_ALTERNATIVES (377), serializing TextureAlternatives
🔍 Primitive - Version: 880 (0x370), Position before Material: 437040
🔍 Primitive - Version >= MESH_TEXTURE_ALTERNATIVES (377), serializing TextureAlternatives
🔍 Primitive - Version: 880 (0x370), Position before Material: 437055
🔍 Primitive - Version >= MESH_TEXTURE_ALTERNATIVES (377), serializing TextureAlternatives
🔍 Primitive - Version: 880 (0x370), Position before Material: 437070
🔍 Primitive - Version >= MESH_TEXTURE_ALTERNATIVES (377), serializing TextureAlternatives
🔍 Primitive - Version: 880 (0x370), Position before Material: 437122
🔍 Primitive - Version >= MESH_TEXTURE_ALTERNATIVES (377), serializing TextureAlternatives
🔍 Primitive - Version: 880 (0x370), Position before Material: 437142
🔍 Primitive - Version >= MESH_TEXTURE_ALTERNATIVES (377), serializing TextureAlternatives
🔍 Primitive - Version: 880 (0x370), Position before Material: 437177
🔍 Primitive - Version >= MESH_TEXTURE_ALTERNATIVES (377), serializing TextureAlternatives
🔍 Primitive - Version: 880 (0x370), Position before Material: 437230
🔍 Primitive - Version >= MESH_TEXTURE_ALTERNATIVES (377), serializing TextureAlternatives
🔍 Primitive - Version: 880 (0x370), Position before Material: 437283
🔍 Primitive - Version >= MESH_TEXTURE_ALTERNATIVES (377), serializing TextureAlternatives
🔍 Primitive - Version: 880 (0x370), Position before Material: 437313
🔍 Primitive - Version >= MESH_TEXTURE_ALTERNATIVES (377), serializing TextureAlternatives
🔍 Primitive - Version: 880 (0x370), Position before Material: 437369
🔍 Primitive - Version >= MESH_TEXTURE_ALTERNATIVES (377), serializing TextureAlternatives
🔍 Primitive - Version: 880 (0x370), Position before Material: 437425
🔍 Primitive - Version >= MESH_TEXTURE_ALTERNATIVES (377), serializing TextureAlternatives
🔍 Primitive - Version: 880 (0x370), Position before Material: 437456
🔍 Primitive - Version >= MESH_TEXTURE_ALTERNATIVES (377), serializing TextureAlternatives
🔍 Primitive - Version: 880 (0x370), Position before Material: 437473
🔍 Primitive - Version >= MESH_TEXTURE_ALTERNATIVES (377), serializing TextureAlternatives
🔍 Primitive - Version: 880 (0x370), Position before Material: 437487
🔍 Primitive - Version >= MESH_TEXTURE_ALTERNATIVES (377), serializing TextureAlternatives
🔍 Primitive - Version: 880 (0x370), Position before Material: 437521
🔍 Primitive - Version >= MESH_TEXTURE_ALTERNATIVES (377), serializing TextureAlternatives
🔍 Primitive - Version: 880 (0x370), Position before Material: 437554
🔍 Primitive - Version >= MESH_TEXTURE_ALTERNATIVES (377), serializing TextureAlternatives
🔍 Primitive - Version: 880 (0x370), Position before Material: 437586
🔍 Primitive - Version >= MESH_TEXTURE_ALTERNATIVES (377), serializing TextureAlternatives
🔍 Primitive - Version: 880 (0x370), Position before Material: 437625
🔍 Primitive - Version >= MESH_TEXTURE_ALTERNATIVES (377), serializing TextureAlternatives
🔍 Primitive - Version: 880 (0x370), Position before Material: 437680
🔍 Primitive - Version >= MESH_TEXTURE_ALTERNATIVES (377), serializing TextureAlternatives
🔍 Primitive - Version: 880 (0x370), Position before Material: 437718
🔍 Primitive - Version >= MESH_TEXTURE_ALTERNATIVES (377), serializing TextureAlternatives
🔍 Primitive - Version: 880 (0x370), Position before Material: 437732
🔍 Primitive - Version >= MESH_TEXTURE_ALTERNATIVES (377), serializing TextureAlternatives
🔍 Primitive - Version: 880 (0x370), Position before Material: 437746
🔍 Primitive - Version >= MESH_TEXTURE_ALTERNATIVES (377), serializing TextureAlternatives
🔍 Primitive - Version: 880 (0x370), Position before Material: 437786
🔍 Primitive - Version >= MESH_TEXTURE_ALTERNATIVES (377), serializing TextureAlternatives
🔍 Primitive - Version: 880 (0x370), Position before Material: 437816
🔍 Primitive - Version >= MESH_TEXTURE_ALTERNATIVES (377), serializing TextureAlternatives
🔍 Primitive - Version: 880 (0x370), Position before Material: 437851
🔍 Primitive - Version >= MESH_TEXTURE_ALTERNATIVES (377), serializing TextureAlternatives
🔍 Primitive - Version: 880 (0x370), Position before Material: 437884
🔍 Primitive - Version >= MESH_TEXTURE_ALTERNATIVES (377), serializing TextureAlternatives
🔍 Primitive - Version: 880 (0x370), Position before Material: 437917
🔍 Primitive - Version >= MESH_TEXTURE_ALTERNATIVES (377), serializing TextureAlternatives
🔍 Primitive - Version: 880 (0x370), Position before Material: 437937
🔍 Primitive - Version >= MESH_TEXTURE_ALTERNATIVES (377), serializing TextureAlternatives
🔍 Primitive - Version: 880 (0x370), Position before Material: 437978
🔍 Primitive - Version >= MESH_TEXTURE_ALTERNATIVES (377), serializing TextureAlternatives
🔍 Primitive - Version: 880 (0x370), Position before Material: 438018
🔍 Primitive - Version >= MESH_TEXTURE_ALTERNATIVES (377), serializing TextureAlternatives
🔍 Primitive - Version: 880 (0x370), Position before Material: 438031
🔍 Primitive - Version >= MESH_TEXTURE_ALTERNATIVES (377), serializing TextureAlternatives
🔍 Primitive - Version: 880 (0x370), Position before Material: 438042
🔍 Primitive - Version >= MESH_TEXTURE_ALTERNATIVES (377), serializing TextureAlternatives
🔍 Primitive - Version: 880 (0x370), Position before Material: 438097
🔍 Primitive - Version >= MESH_TEXTURE_ALTERNATIVES (377), serializing TextureAlternatives
🔍 Primitive - Version: 880 (0x370), Position before Material: 438139
🔍 Primitive - Version >= MESH_TEXTURE_ALTERNATIVES (377), serializing TextureAlternatives
🔍 Primitive - Version: 880 (0x370), Position before Material: 438193
🔍 Primitive - Version >= MESH_TEXTURE_ALTERNATIVES (377), serializing TextureAlternatives
🔍 Primitive - Version: 880 (0x370), Position before Material: 438247
🔍 Primitive - Version >= MESH_TEXTURE_ALTERNATIVES (377), serializing TextureAlternatives
🔍 Primitive - Version: 880 (0x370), Position before Material: 438283
🔍 Primitive - Version >= MESH_TEXTURE_ALTERNATIVES (377), serializing TextureAlternatives
🔍 Primitive - Version: 880 (0x370), Position before Material: 438340
🔍 Primitive - Version >= MESH_TEXTURE_ALTERNATIVES (377), serializing TextureAlternatives
🔍 Primitive - Version: 880 (0x370), Position before Material: 438393
🔍 Primitive - Version >= MESH_TEXTURE_ALTERNATIVES (377), serializing TextureAlternatives
🔍 Primitive - Version: 880 (0x370), Position before Material: 438433
🔍 Primitive - Version >= MESH_TEXTURE_ALTERNATIVES (377), serializing TextureAlternatives
🔍 Primitive - Version: 880 (0x370), Position before Material: 438469
🔍 Primitive - Version >= MESH_TEXTURE_ALTERNATIVES (377), serializing TextureAlternatives
🔍 Primitive - Version: 880 (0x370), Position before Material: 438503
🔍 Primitive - Version >= MESH_TEXTURE_ALTERNATIVES (377), serializing TextureAlternatives
🔍 Primitive - Version: 880 (0x370), Position before Material: 438513
🔍 Primitive - Version >= MESH_TEXTURE_ALTERNATIVES (377), serializing TextureAlternatives
🔍 Primitive - Version: 880 (0x370), Position before Material: 438546
🔍 Primitive - Version >= MESH_TEXTURE_ALTERNATIVES (377), serializing TextureAlternatives
🔍 Primitive - Version: 880 (0x370), Position before Material: 438601
🔍 Primitive - Version >= MESH_TEXTURE_ALTERNATIVES (377), serializing TextureAlternatives
🔍 Primitive - Version: 880 (0x370), Position before Material: 438633
🔍 Primitive - Version >= MESH_TEXTURE_ALTERNATIVES (377), serializing TextureAlternatives
🔍 Primitive - Version: 880 (0x370), Position before Material: 438667
🔍 Primitive - Version >= MESH_TEXTURE_ALTERNATIVES (377), serializing TextureAlternatives
🔍 Primitive - Version: 880 (0x370), Position before Material: 438721
🔍 Primitive - Version >= MESH_TEXTURE_ALTERNATIVES (377), serializing TextureAlternatives
🔍 Primitive - Version: 880 (0x370), Position before Material: 438752
🔍 Primitive - Version >= MESH_TEXTURE_ALTERNATIVES (377), serializing TextureAlternatives
🔍 Primitive - Version: 880 (0x370), Position before Material: 438789
🔍 Primitive - Version >= MESH_TEXTURE_ALTERNATIVES (377), serializing TextureAlternatives
🔍 Primitive - Version: 880 (0x370), Position before Material: 438800
🔍 Primitive - Version >= MESH_TEXTURE_ALTERNATIVES (377), serializing TextureAlternatives
🔍 Primitive - Version: 880 (0x370), Position before Material: 438837
🔍 Primitive - Version >= MESH_TEXTURE_ALTERNATIVES (377), serializing TextureAlternatives
🔍 Primitive - Version: 880 (0x370), Position before Material: 438872
🔍 Primitive - Version >= MESH_TEXTURE_ALTERNATIVES (377), serializing TextureAlternatives
🔍 Primitive - Version: 880 (0x370), Position before Material: 438905
🔍 Primitive - Version >= MESH_TEXTURE_ALTERNATIVES (377), serializing TextureAlternatives
🔍 Primitive - Version: 880 (0x370), Position before Material: 438918
🔍 Primitive - Version >= MESH_TEXTURE_ALTERNATIVES (377), serializing TextureAlternatives
🔍 Primitive - Version: 880 (0x370), Position before Material: 438953
🔍 Primitive - Version >= MESH_TEXTURE_ALTERNATIVES (377), serializing TextureAlternatives
🔍 Primitive - Version: 880 (0x370), Position before Material: 439010
🔍 Primitive - Version >= MESH_TEXTURE_ALTERNATIVES (377), serializing TextureAlternatives
🔍 Primitive - Version: 880 (0x370), Position before Material: 439064
🔍 Primitive - Version >= MESH_TEXTURE_ALTERNATIVES (377), serializing TextureAlternatives
🔍 Primitive - Version: 880 (0x370), Position before Material: 439095
🔍 Primitive - Version >= MESH_TEXTURE_ALTERNATIVES (377), serializing TextureAlternatives
🔍 Primitive - Version: 880 (0x370), Position before Material: 439152
🔍 Primitive - Version >= MESH_TEXTURE_ALTERNATIVES (377), serializing TextureAlternatives
🔍 Primitive - Version: 880 (0x370), Position before Material: 439186
🔍 Primitive - Version >= MESH_TEXTURE_ALTERNATIVES (377), serializing TextureAlternatives
🔍 Primitive - Version: 880 (0x370), Position before Material: 439203
🔍 Primitive - Version >= MESH_TEXTURE_ALTERNATIVES (377), serializing TextureAlternatives
🔍 Primitive - Version: 880 (0x370), Position before Material: 439215
🔍 Primitive - Version >= MESH_TEXTURE_ALTERNATIVES (377), serializing TextureAlternatives
🔍 Primitive - Version: 880 (0x370), Position before Material: 439255
🔍 Primitive - Version >= MESH_TEXTURE_ALTERNATIVES (377), serializing TextureAlternatives
🔍 Primitive - Version: 880 (0x370), Position before Material: 439265
🔍 Primitive - Version >= MESH_TEXTURE_ALTERNATIVES (377), serializing TextureAlternatives
🔍 Primitive - Version: 880 (0x370), Position before Material: 439297
🔍 Primitive - Version >= MESH_TEXTURE_ALTERNATIVES (377), serializing TextureAlternatives
🔍 Primitive - Version: 880 (0x370), Position before Material: 439333
🔍 Primitive - Version >= MESH_TEXTURE_ALTERNATIVES (377), serializing TextureAlternatives
🔍 Primitive - Version: 880 (0x370), Position before Material: 439365
🔍 Primitive - Version >= MESH_TEXTURE_ALTERNATIVES (377), serializing TextureAlternatives
🔍 Primitive - Version: 880 (0x370), Position before Material: 439398
🔍 Primitive - Version >= MESH_TEXTURE_ALTERNATIVES (377), serializing TextureAlternatives
🔍 Primitive - Version: 880 (0x370), Position before Material: 439428
🔍 Primitive - Version >= MESH_TEXTURE_ALTERNATIVES (377), serializing TextureAlternatives
🔍 Primitive - Version: 880 (0x370), Position before Material: 439480
🔍 Primitive - Version >= MESH_TEXTURE_ALTERNATIVES (377), serializing TextureAlternatives
🔍 Primitive - Version: 880 (0x370), Position before Material: 439519
🔍 Primitive - Version >= MESH_TEXTURE_ALTERNATIVES (377), serializing TextureAlternatives
🔍 Primitive - Version: 880 (0x370), Position before Material: 439556
🔍 Primitive - Version >= MESH_TEXTURE_ALTERNATIVES (377), serializing TextureAlternatives
🔍 Primitive - Version: 880 (0x370), Position before Material: 439573
🔍 Primitive - Version >= MESH_TEXTURE_ALTERNATIVES (377), serializing TextureAlternatives
🔍 Primitive - Version: 880 (0x370), Position before Material: 439624
🔍 Primitive - Version >= MESH_TEXTURE_ALTERNATIVES (377), serializing TextureAlternatives
🔍 Primitive - Version: 880 (0x370), Position before Material: 439658
🔍 Primitive - Version >= MESH_TEXTURE_ALTERNATIVES (377), serializing TextureAlternatives
🔍 Primitive - Version: 880 (0x370), Position before Material: 439691
🔍 Primitive - Version >= MESH_TEXTURE_ALTERNATIVES (377), serializing TextureAlternatives
🔍 Primitive - Version: 880 (0x370), Position before Material: 439725
🔍 Primitive - Version >= MESH_TEXTURE_ALTERNATIVES (377), serializing TextureAlternatives
🔍 Primitive - Version: 880 (0x370), Position before Material: 439759
🔍 Primitive - Version >= MESH_TEXTURE_ALTERNATIVES (377), serializing TextureAlternatives
🔍 Primitive - Version: 880 (0x370), Position before Material: 439778
🔍 Primitive - Version >= MESH_TEXTURE_ALTERNATIVES (377), serializing TextureAlternatives
🔍 Primitive - Version: 880 (0x370), Position before Material: 439789
🔍 Primitive - Version >= MESH_TEXTURE_ALTERNATIVES (377), serializing TextureAlternatives
🔍 Primitive - Version: 880 (0x370), Position before Material: 439822
🔍 Primitive - Version >= MESH_TEXTURE_ALTERNATIVES (377), serializing TextureAlternatives
🔍 Primitive - Version: 880 (0x370), Position before Material: 439857
🔍 Primitive - Version >= MESH_TEXTURE_ALTERNATIVES (377), serializing TextureAlternatives
🔍 Primitive - Version: 880 (0x370), Position before Material: 439873
🔍 Primitive - Version >= MESH_TEXTURE_ALTERNATIVES (377), serializing TextureAlternatives
🔍 Primitive - Version: 880 (0x370), Position before Material: 439928
🔍 Primitive - Version >= MESH_TEXTURE_ALTERNATIVES (377), serializing TextureAlternatives
🔍 Primitive - Version: 880 (0x370), Position before Material: 439945
🔍 Primitive - Version >= MESH_TEXTURE_ALTERNATIVES (377), serializing TextureAlternatives
🔍 Primitive - Version: 880 (0x370), Position before Material: 440002
🔍 Primitive - Version >= MESH_TEXTURE_ALTERNATIVES (377), serializing TextureAlternatives
🔍 Primitive - Version: 880 (0x370), Position before Material: 440014
🔍 Primitive - Version >= MESH_TEXTURE_ALTERNATIVES (377), serializing TextureAlternatives
🔍 Primitive - Version: 880 (0x370), Position before Material: 440030
🔍 Primitive - Version >= MESH_TEXTURE_ALTERNATIVES (377), serializing TextureAlternatives
🔍 Primitive - Version: 880 (0x370), Position before Material: 440062
🔍 Primitive - Version >= MESH_TEXTURE_ALTERNATIVES (377), serializing TextureAlternatives
🔍 Primitive - Version: 880 (0x370), Position before Material: 440103
🔍 Primitive - Version >= MESH_TEXTURE_ALTERNATIVES (377), serializing TextureAlternatives
🔍 Primitive - Version: 880 (0x370), Position before Material: 440120
🔍 Primitive - Version >= MESH_TEXTURE_ALTERNATIVES (377), serializing TextureAlternatives
🔍 Primitive - Version: 880 (0x370), Position before Material: 440161
🔍 Primitive - Version >= MESH_TEXTURE_ALTERNATIVES (377), serializing TextureAlternatives
🔍 Primitive - Version: 880 (0x370), Position before Material: 440180
🔍 Primitive - Version >= MESH_TEXTURE_ALTERNATIVES (377), serializing TextureAlternatives
🔍 Primitive - Version: 880 (0x370), Position before Material: 440192
🔍 Primitive - Version >= MESH_TEXTURE_ALTERNATIVES (377), serializing TextureAlternatives
🔍 Primitive - Version: 880 (0x370), Position before Material: 440227
🔍 Primitive - Version >= MESH_TEXTURE_ALTERNATIVES (377), serializing TextureAlternatives
🔍 Primitive - Version: 880 (0x370), Position before Material: 440285
🔍 Primitive - Version >= MESH_TEXTURE_ALTERNATIVES (377), serializing TextureAlternatives
🔍 Primitive - Version: 880 (0x370), Position before Material: 440323
🔍 Primitive - Version >= MESH_TEXTURE_ALTERNATIVES (377), serializing TextureAlternatives
🔍 Primitive - Version: 880 (0x370), Position before Material: 440354
🔍 Primitive - Version >= MESH_TEXTURE_ALTERNATIVES (377), serializing TextureAlternatives
🔍 Primitive - Version: 880 (0x370), Position before Material: 440369
🔍 Primitive - Version >= MESH_TEXTURE_ALTERNATIVES (377), serializing TextureAlternatives
🔍 Primitive - Version: 880 (0x370), Position before Material: 440422
🔍 Primitive - Version >= MESH_TEXTURE_ALTERNATIVES (377), serializing TextureAlternatives
🔍 Primitive - Version: 880 (0x370), Position before Material: 440454
🔍 Primitive - Version >= MESH_TEXTURE_ALTERNATIVES (377), serializing TextureAlternatives
🔍 Primitive - Version: 880 (0x370), Position before Material: 440468
🔍 Primitive - Version >= MESH_TEXTURE_ALTERNATIVES (377), serializing TextureAlternatives
🔍 Primitive - Version: 880 (0x370), Position before Material: 440522
🔍 Primitive - Version >= MESH_TEXTURE_ALTERNATIVES (377), serializing TextureAlternatives
🔍 Primitive - Version: 880 (0x370), Position before Material: 440535
🔍 Primitive - Version >= MESH_TEXTURE_ALTERNATIVES (377), serializing TextureAlternatives
🔍 Primitive - Version: 880 (0x370), Position before Material: 440585
🔍 Primitive - Version >= MESH_TEXTURE_ALTERNATIVES (377), serializing TextureAlternatives
🔍 Primitive - Version: 880 (0x370), Position before Material: 440618
🔍 Primitive - Version >= MESH_TEXTURE_ALTERNATIVES (377), serializing TextureAlternatives
🔍 Primitive - Version: 880 (0x370), Position before Material: 440630
🔍 Primitive - Version >= MESH_TEXTURE_ALTERNATIVES (377), serializing TextureAlternatives
🔍 Primitive - Version: 880 (0x370), Position before Material: 440666
🔍 Primitive - Version >= MESH_TEXTURE_ALTERNATIVES (377), serializing TextureAlternatives
🔍 Primitive - Version: 880 (0x370), Position before Material: 440679
🔍 Primitive - Version >= MESH_TEXTURE_ALTERNATIVES (377), serializing TextureAlternatives
🔍 Primitive - Version: 880 (0x370), Position before Material: 440712
🔍 Primitive - Version >= MESH_TEXTURE_ALTERNATIVES (377), serializing TextureAlternatives
🔍 Primitive - Version: 880 (0x370), Position before Material: 440767
🔍 Primitive - Version >= MESH_TEXTURE_ALTERNATIVES (377), serializing TextureAlternatives
🔍 Primitive - Version: 880 (0x370), Position before Material: 440784
🔍 Primitive - Version >= MESH_TEXTURE_ALTERNATIVES (377), serializing TextureAlternatives
🔍 Primitive - Version: 880 (0x370), Position before Material: 440794
🔍 Primitive - Version >= MESH_TEXTURE_ALTERNATIVES (377), serializing TextureAlternatives
🔍 Primitive - Version: 880 (0x370), Position before Material: 440853
🔍 Primitive - Version >= MESH_TEXTURE_ALTERNATIVES (377), serializing TextureAlternatives
🔍 Primitive - Version: 880 (0x370), Position before Material: 440906
🔍 Primitive - Version >= MESH_TEXTURE_ALTERNATIVES (377), serializing TextureAlternatives
🔍 Primitive - Version: 880 (0x370), Position before Material: 440921
🔍 Primitive - Version >= MESH_TEXTURE_ALTERNATIVES (377), serializing TextureAlternatives
🔍 Primitive - Version: 880 (0x370), Position before Material: 440978
🔍 Primitive - Version >= MESH_TEXTURE_ALTERNATIVES (377), serializing TextureAlternatives
🔍 Primitive - Version: 880 (0x370), Position before Material: 440990
🔍 Primitive - Version >= MESH_TEXTURE_ALTERNATIVES (377), serializing TextureAlternatives
🔍 Primitive - Version: 880 (0x370), Position before Material: 441046
🔍 Primitive - Version >= MESH_TEXTURE_ALTERNATIVES (377), serializing TextureAlternatives
🔍 Primitive - Version: 880 (0x370), Position before Material: 441057
🔍 Primitive - Version >= MESH_TEXTURE_ALTERNATIVES (377), serializing TextureAlternatives
🔍 Primitive - Version: 880 (0x370), Position before Material: 441069
🔍 Primitive - Version >= MESH_TEXTURE_ALTERNATIVES (377), serializing TextureAlternatives
🔍 Primitive - Version: 880 (0x370), Position before Material: 441122
🔍 Primitive - Version >= MESH_TEXTURE_ALTERNATIVES (377), serializing TextureAlternatives
🔍 Primitive - Version: 880 (0x370), Position before Material: 441154
🔍 Primitive - Version >= MESH_TEXTURE_ALTERNATIVES (377), serializing TextureAlternatives
🔍 Primitive - Version: 880 (0x370), Position before Material: 441168
🔍 Primitive - Version >= MESH_TEXTURE_ALTERNATIVES (377), serializing TextureAlternatives
🔍 Primitive - Version: 880 (0x370), Position before Material: 441200
🔍 Primitive - Version >= MESH_TEXTURE_ALTERNATIVES (377), serializing TextureAlternatives
🔍 Primitive - Version: 880 (0x370), Position before Material: 441213
🔍 Primitive - Version >= MESH_TEXTURE_ALTERNATIVES (377), serializing TextureAlternatives
🔍 Primitive - Version: 880 (0x370), Position before Material: 441266
🔍 Primitive - Version >= MESH_TEXTURE_ALTERNATIVES (377), serializing TextureAlternatives
🔍 Primitive - Version: 880 (0x370), Position before Material: 441279
🔍 Primitive - Version >= MESH_TEXTURE_ALTERNATIVES (377), serializing TextureAlternatives
🔍 Primitive - Version: 880 (0x370), Position before Material: 441312
🔍 Primitive - Version >= MESH_TEXTURE_ALTERNATIVES (377), serializing TextureAlternatives
🔍 Primitive - Version: 880 (0x370), Position before Material: 441344
🔍 Primitive - Version >= MESH_TEXTURE_ALTERNATIVES (377), serializing TextureAlternatives
🔍 Primitive - Version: 880 (0x370), Position before Material: 441381
🔍 Primitive - Version >= MESH_TEXTURE_ALTERNATIVES (377), serializing TextureAlternatives
🔍 Primitive - Version: 880 (0x370), Position before Material: 441434
🔍 Primitive - Version >= MESH_TEXTURE_ALTERNATIVES (377), serializing TextureAlternatives
🔍 Primitive - Version: 880 (0x370), Position before Material: 441465
🔍 Primitive - Version >= MESH_TEXTURE_ALTERNATIVES (377), serializing TextureAlternatives
🔍 Primitive - Version: 880 (0x370), Position before Material: 441498
🔍 Primitive - Version >= MESH_TEXTURE_ALTERNATIVES (377), serializing TextureAlternatives
🔍 Primitive - Version: 880 (0x370), Position before Material: 441530
🔍 Primitive - Version >= MESH_TEXTURE_ALTERNATIVES (377), serializing TextureAlternatives
🔍 Primitive - Version: 880 (0x370), Position before Material: 441585
🔍 Primitive - Version >= MESH_TEXTURE_ALTERNATIVES (377), serializing TextureAlternatives
🔍 Primitive - Version: 880 (0x370), Position before Material: 441602
🔍 Primitive - Version >= MESH_TEXTURE_ALTERNATIVES (377), serializing TextureAlternatives
🔍 Primitive - Version: 880 (0x370), Position before Material: 441622
🔍 Primitive - Version >= MESH_TEXTURE_ALTERNATIVES (377), serializing TextureAlternatives
🔍 Primitive - Version: 880 (0x370), Position before Material: 441654
🔍 Primitive - Version >= MESH_TEXTURE_ALTERNATIVES (377), serializing TextureAlternatives
🔍 Primitive - Version: 880 (0x370), Position before Material: 441670
🔍 Primitive - Version >= MESH_TEXTURE_ALTERNATIVES (377), serializing TextureAlternatives
🔍 Primitive - Version: 880 (0x370), Position before Material: 441680
🔍 Primitive - Version >= MESH_TEXTURE_ALTERNATIVES (377), serializing TextureAlternatives
🔍 Primitive - Version: 880 (0x370), Position before Material: 441691
🔍 Primitive - Version >= MESH_TEXTURE_ALTERNATIVES (377), serializing TextureAlternatives
🔍 Primitive - Version: 880 (0x370), Position before Material: 441746
🔍 Primitive - Version >= MESH_TEXTURE_ALTERNATIVES (377), serializing TextureAlternatives
🔍 Primitive - Version: 880 (0x370), Position before Material: 441778
🔍 Primitive - Version >= MESH_TEXTURE_ALTERNATIVES (377), serializing TextureAlternatives
🔍 Primitive - Version: 880 (0x370), Position before Material: 441810
🔍 Primitive - Version >= MESH_TEXTURE_ALTERNATIVES (377), serializing TextureAlternatives
🔍 Primitive - Version: 880 (0x370), Position before Material: 441842
🔍 Primitive - Version >= MESH_TEXTURE_ALTERNATIVES (377), serializing TextureAlternatives
🔍 Primitive - Version: 880 (0x370), Position before Material: 441873
🔍 Primitive - Version >= MESH_TEXTURE_ALTERNATIVES (377), serializing TextureAlternatives
🔍 Primitive - Version: 880 (0x370), Position before Material: 441890
🔍 Primitive - Version >= MESH_TEXTURE_ALTERNATIVES (377), serializing TextureAlternatives
🔍 Primitive - Version: 880 (0x370), Position before Material: 441922
🔍 Primitive - Version >= MESH_TEXTURE_ALTERNATIVES (377), serializing TextureAlternatives
🔍 Primitive - Version: 880 (0x370), Position before Material: 441956
🔍 Primitive - Version >= MESH_TEXTURE_ALTERNATIVES (377), serializing TextureAlternatives
🔍 Primitive - Version: 880 (0x370), Position before Material: 442010
🔍 Primitive - Version >= MESH_TEXTURE_ALTERNATIVES (377), serializing TextureAlternatives
🔍 Primitive - Version: 880 (0x370), Position before Material: 442020
🔍 Primitive - Version >= MESH_TEXTURE_ALTERNATIVES (377), serializing TextureAlternatives
🔍 Primitive - Version: 880 (0x370), Position before Material: 442069
🔍 Primitive - Version >= MESH_TEXTURE_ALTERNATIVES (377), serializing TextureAlternatives
🔍 Primitive - Version: 880 (0x370), Position before Material: 442105
🔍 Primitive - Version >= MESH_TEXTURE_ALTERNATIVES (377), serializing TextureAlternatives
🔍 Primitive - Version: 880 (0x370), Position before Material: 442158
🔍 Primitive - Version >= MESH_TEXTURE_ALTERNATIVES (377), serializing TextureAlternatives
🔍 Primitive - Version: 880 (0x370), Position before Material: 442213
🔍 Primitive - Version >= MESH_TEXTURE_ALTERNATIVES (377), serializing TextureAlternatives
🔍 Primitive - Version: 880 (0x370), Position before Material: 442265
🔍 Primitive - Version >= MESH_TEXTURE_ALTERNATIVES (377), serializing TextureAlternatives
🔍 Primitive - Version: 880 (0x370), Position before Material: 442322
🔍 Primitive - Version >= MESH_TEXTURE_ALTERNATIVES (377), serializing TextureAlternatives
🔍 Primitive - Version: 880 (0x370), Position before Material: 442374
🔍 Primitive - Version >= MESH_TEXTURE_ALTERNATIVES (377), serializing TextureAlternatives
🔍 Primitive - Version: 880 (0x370), Position before Material: 442428
🔍 Primitive - Version >= MESH_TEXTURE_ALTERNATIVES (377), serializing TextureAlternatives
🔍 Primitive - Version: 880 (0x370), Position before Material: 442465
🔍 Primitive - Version >= MESH_TEXTURE_ALTERNATIVES (377), serializing TextureAlternatives
🔍 Primitive - Version: 880 (0x370), Position before Material: 442518
🔍 Primitive - Version >= MESH_TEXTURE_ALTERNATIVES (377), serializing TextureAlternatives
🔍 Primitive - Version: 880 (0x370), Position before Material: 442573
🔍 Primitive - Version >= MESH_TEXTURE_ALTERNATIVES (377), serializing TextureAlternatives
🔍 Primitive - Version: 880 (0x370), Position before Material: 442629
🔍 Primitive - Version >= MESH_TEXTURE_ALTERNATIVES (377), serializing TextureAlternatives
🔍 Primitive - Version: 880 (0x370), Position before Material: 442682
🔍 Primitive - Version >= MESH_TEXTURE_ALTERNATIVES (377), serializing TextureAlternatives
🔍 Primitive - Version: 880 (0x370), Position before Material: 442713
🔍 Primitive - Version >= MESH_TEXTURE_ALTERNATIVES (377), serializing TextureAlternatives
🔍 Primitive - Version: 880 (0x370), Position before Material: 442763
🔍 Primitive - Version >= MESH_TEXTURE_ALTERNATIVES (377), serializing TextureAlternatives
🔍 Primitive - Version: 880 (0x370), Position before Material: 442776
🔍 Primitive - Version >= MESH_TEXTURE_ALTERNATIVES (377), serializing TextureAlternatives
🔍 Primitive - Version: 880 (0x370), Position before Material: 442830
🔍 Primitive - Version >= MESH_TEXTURE_ALTERNATIVES (377), serializing TextureAlternatives
🔍 Primitive - Version: 880 (0x370), Position before Material: 442863
🔍 Primitive - Version >= MESH_TEXTURE_ALTERNATIVES (377), serializing TextureAlternatives
🔍 Primitive - Version: 880 (0x370), Position before Material: 442893
🔍 Primitive - Version >= MESH_TEXTURE_ALTERNATIVES (377), serializing TextureAlternatives
🔍 Primitive - Version: 880 (0x370), Position before Material: 442903
🔍 Primitive - Version >= MESH_TEXTURE_ALTERNATIVES (377), serializing TextureAlternatives
🔍 Primitive - Version: 880 (0x370), Position before Material: 442917
🔍 Primitive - Version >= MESH_TEXTURE_ALTERNATIVES (377), serializing TextureAlternatives
🔍 Primitive - Version: 880 (0x370), Position before Material: 442950
🔍 Primitive - Version >= MESH_TEXTURE_ALTERNATIVES (377), serializing TextureAlternatives
🔍 Primitive - Version: 880 (0x370), Position before Material: 442968
🔍 Primitive - Version >= MESH_TEXTURE_ALTERNATIVES (377), serializing TextureAlternatives
🔍 Primitive - Version: 880 (0x370), Position before Material: 443021
🔍 Primitive - Version >= MESH_TEXTURE_ALTERNATIVES (377), serializing TextureAlternatives
🔍 Primitive - Version: 880 (0x370), Position before Material: 443077
🔍 Primitive - Version >= MESH_TEXTURE_ALTERNATIVES (377), serializing TextureAlternatives
🔍 Primitive - Version: 880 (0x370), Position before Material: 443092
🔍 Primitive - Version >= MESH_TEXTURE_ALTERNATIVES (377), serializing TextureAlternatives
🔍 Primitive - Version: 880 (0x370), Position before Material: 443125
🔍 Primitive - Version >= MESH_TEXTURE_ALTERNATIVES (377), serializing TextureAlternatives
🔍 Primitive - Version: 880 (0x370), Position before Material: 443162
🔍 Primitive - Version >= MESH_TEXTURE_ALTERNATIVES (377), serializing TextureAlternatives
🔍 Primitive - Version: 880 (0x370), Position before Material: 443173
🔍 Primitive - Version >= MESH_TEXTURE_ALTERNATIVES (377), serializing TextureAlternatives
🔍 Primitive - Version: 880 (0x370), Position before Material: 443226
🔍 Primitive - Version >= MESH_TEXTURE_ALTERNATIVES (377), serializing TextureAlternatives
🔍 Primitive - Version: 880 (0x370), Position before Material: 443262
🔍 Primitive - Version >= MESH_TEXTURE_ALTERNATIVES (377), serializing TextureAlternatives
🔍 Primitive - Version: 880 (0x370), Position before Material: 443274
🔍 Primitive - Version >= MESH_TEXTURE_ALTERNATIVES (377), serializing TextureAlternatives
🔍 Primitive - Version: 880 (0x370), Position before Material: 443306
🔍 Primitive - Version >= MESH_TEXTURE_ALTERNATIVES (377), serializing TextureAlternatives
🔍 Primitive - Version: 880 (0x370), Position before Material: 443336
🔍 Primitive - Version >= MESH_TEXTURE_ALTERNATIVES (377), serializing TextureAlternatives
🔍 Primitive - Version: 880 (0x370), Position before Material: 443369
🔍 Primitive - Version >= MESH_TEXTURE_ALTERNATIVES (377), serializing TextureAlternatives
🔍 Primitive - Version: 880 (0x370), Position before Material: 443400
🔍 Primitive - Version >= MESH_TEXTURE_ALTERNATIVES (377), serializing TextureAlternatives
🔍 Primitive - Version: 880 (0x370), Position before Material: 443431
🔍 Primitive - Version >= MESH_TEXTURE_ALTERNATIVES (377), serializing TextureAlternatives
🔍 Primitive - Version: 880 (0x370), Position before Material: 443481
🔍 Primitive - Version >= MESH_TEXTURE_ALTERNATIVES (377), serializing TextureAlternatives
🔍 Primitive - Version: 880 (0x370), Position before Material: 443491
🔍 Primitive - Version >= MESH_TEXTURE_ALTERNATIVES (377), serializing TextureAlternatives
🔍 Primitive - Version: 880 (0x370), Position before Material: 443504
🔍 Primitive - Version >= MESH_TEXTURE_ALTERNATIVES (377), serializing TextureAlternatives
🔍 Primitive - Version: 880 (0x370), Position before Material: 443515
🔍 Primitive - Version >= MESH_TEXTURE_ALTERNATIVES (377), serializing TextureAlternatives
🔍 Primitive - Version: 880 (0x370), Position before Material: 443550
🔍 Primitive - Version >= MESH_TEXTURE_ALTERNATIVES (377), serializing TextureAlternatives
🔍 Primitive - Version: 880 (0x370), Position before Material: 443601
🔍 Primitive - Version >= MESH_TEXTURE_ALTERNATIVES (377), serializing TextureAlternatives
🔍 Primitive - Version: 880 (0x370), Position before Material: 443651
🔍 Primitive - Version >= MESH_TEXTURE_ALTERNATIVES (377), serializing TextureAlternatives
🔍 Primitive - Version: 880 (0x370), Position before Material: 443683
🔍 Primitive - Version >= MESH_TEXTURE_ALTERNATIVES (377), serializing TextureAlternatives
🔍 Primitive - Version: 880 (0x370), Position before Material: 443697
🔍 Primitive - Version >= MESH_TEXTURE_ALTERNATIVES (377), serializing TextureAlternatives
🔍 Primitive - Version: 880 (0x370), Position before Material: 443750
🔍 Primitive - Version >= MESH_TEXTURE_ALTERNATIVES (377), serializing TextureAlternatives
🔍 Primitive - Version: 880 (0x370), Position before Material: 443786
🔍 Primitive - Version >= MESH_TEXTURE_ALTERNATIVES (377), serializing TextureAlternatives
🔍 Primitive - Version: 880 (0x370), Position before Material: 443822
🔍 Primitive - Version >= MESH_TEXTURE_ALTERNATIVES (377), serializing TextureAlternatives
🔍 Primitive - Version: 880 (0x370), Position before Material: 443832
🔍 Primitive - Version >= MESH_TEXTURE_ALTERNATIVES (377), serializing TextureAlternatives
🔍 Primitive - Version: 880 (0x370), Position before Material: 443863
🔍 Primitive - Version >= MESH_TEXTURE_ALTERNATIVES (377), serializing TextureAlternatives
🔍 Primitive - Version: 880 (0x370), Position before Material: 443918
🔍 Primitive - Version >= MESH_TEXTURE_ALTERNATIVES (377), serializing TextureAlternatives
🔍 Primitive - Version: 880 (0x370), Position before Material: 443954
🔍 Primitive - Version >= MESH_TEXTURE_ALTERNATIVES (377), serializing TextureAlternatives
🔍 Primitive - Version: 880 (0x370), Position before Material: 444009
🔍 Primitive - Version >= MESH_TEXTURE_ALTERNATIVES (377), serializing TextureAlternatives
🔍 Primitive - Version: 880 (0x370), Position before Material: 444061
🔍 Primitive - Version >= MESH_TEXTURE_ALTERNATIVES (377), serializing TextureAlternatives
🔍 Primitive - Version: 880 (0x370), Position before Material: 444094
🔍 Primitive - Version >= MESH_TEXTURE_ALTERNATIVES (377), serializing TextureAlternatives
🔍 Primitive - Version: 880 (0x370), Position before Material: 444125
🔍 Primitive - Version >= MESH_TEXTURE_ALTERNATIVES (377), serializing TextureAlternatives
🔍 Primitive - Version: 880 (0x370), Position before Material: 444157
🔍 Primitive - Version >= MESH_TEXTURE_ALTERNATIVES (377), serializing TextureAlternatives
🔍 Primitive - Version: 880 (0x370), Position before Material: 444210
🔍 Primitive - Version >= MESH_TEXTURE_ALTERNATIVES (377), serializing TextureAlternatives
🔍 Primitive - Version: 880 (0x370), Position before Material: 444247
🔍 Primitive - Version >= MESH_TEXTURE_ALTERNATIVES (377), serializing TextureAlternatives
🔍 Primitive - Version: 880 (0x370), Position before Material: 444302
🔍 Primitive - Version >= MESH_TEXTURE_ALTERNATIVES (377), serializing TextureAlternatives
🔍 Primitive - Version: 880 (0x370), Position before Material: 444313
🔍 Primitive - Version >= MESH_TEXTURE_ALTERNATIVES (377), serializing TextureAlternatives
🔍 Primitive - Version: 880 (0x370), Position before Material: 444365
🔍 Primitive - Version >= MESH_TEXTURE_ALTERNATIVES (377), serializing TextureAlternatives
🔍 Primitive - Version: 880 (0x370), Position before Material: 444395
🔍 Primitive - Version >= MESH_TEXTURE_ALTERNATIVES (377), serializing TextureAlternatives
🔍 Primitive - Version: 880 (0x370), Position before Material: 444446
🔍 Primitive - Version >= MESH_TEXTURE_ALTERNATIVES (377), serializing TextureAlternatives
🔍 Primitive - Version: 880 (0x370), Position before Material: 444458
🔍 Primitive - Version >= MESH_TEXTURE_ALTERNATIVES (377), serializing TextureAlternatives
🔍 Primitive - Version: 880 (0x370), Position before Material: 444469
🔍 Primitive - Version >= MESH_TEXTURE_ALTERNATIVES (377), serializing TextureAlternatives
🔍 Primitive - Version: 880 (0x370), Position before Material: 444520
🔍 Primitive - Version >= MESH_TEXTURE_ALTERNATIVES (377), serializing TextureAlternatives
🔍 Primitive - Version: 880 (0x370), Position before Material: 444531
🔍 Primitive - Version >= MESH_TEXTURE_ALTERNATIVES (377), serializing TextureAlternatives
🔍 Primitive - Version: 880 (0x370), Position before Material: 444566
🔍 Primitive - Version >= MESH_TEXTURE_ALTERNATIVES (377), serializing TextureAlternatives
🔍 Primitive - Version: 880 (0x370), Position before Material: 444578
🔍 Primitive - Version >= MESH_TEXTURE_ALTERNATIVES (377), serializing TextureAlternatives
🔍 Primitive - Version: 880 (0x370), Position before Material: 444613
🔍 Primitive - Version >= MESH_TEXTURE_ALTERNATIVES (377), serializing TextureAlternatives
🔍 Primitive - Version: 880 (0x370), Position before Material: 444626
🔍 Primitive - Version >= MESH_TEXTURE_ALTERNATIVES (377), serializing TextureAlternatives
🔍 Primitive - Version: 880 (0x370), Position before Material: 444638
🔍 Primitive - Version >= MESH_TEXTURE_ALTERNATIVES (377), serializing TextureAlternatives
🔍 Primitive - Version: 880 (0x370), Position before Material: 444674
🔍 Primitive - Version >= MESH_TEXTURE_ALTERNATIVES (377), serializing TextureAlternatives
🔍 Primitive - Version: 880 (0x370), Position before Material: 444707
🔍 Primitive - Version >= MESH_TEXTURE_ALTERNATIVES (377), serializing TextureAlternatives
🔍 Primitive - Version: 880 (0x370), Position before Material: 444758
🔍 Primitive - Version >= MESH_TEXTURE_ALTERNATIVES (377), serializing TextureAlternatives
🔍 Primitive - Version: 880 (0x370), Position before Material: 444794
🔍 Primitive - Version >= MESH_TEXTURE_ALTERNATIVES (377), serializing TextureAlternatives
🔍 Primitive - Version: 880 (0x370), Position before Material: 444829
🔍 Primitive - Version >= MESH_TEXTURE_ALTERNATIVES (377), serializing TextureAlternatives
🔍 Primitive - Version: 880 (0x370), Position before Material: 444881
🔍 Primitive - Version >= MESH_TEXTURE_ALTERNATIVES (377), serializing TextureAlternatives
🔍 Primitive - Version: 880 (0x370), Position before Material: 444937
🔍 Primitive - Version >= MESH_TEXTURE_ALTERNATIVES (377), serializing TextureAlternatives
🔍 Primitive - Version: 880 (0x370), Position before Material: 444949
🔍 Primitive - Version >= MESH_TEXTURE_ALTERNATIVES (377), serializing TextureAlternatives
🔍 Primitive - Version: 880 (0x370), Position before Material: 444982
🔍 Primitive - Version >= MESH_TEXTURE_ALTERNATIVES (377), serializing TextureAlternatives
🔍 Primitive - Version: 880 (0x370), Position before Material: 444995
🔍 Primitive - Version >= MESH_TEXTURE_ALTERNATIVES (377), serializing TextureAlternatives
🔍 Primitive - Version: 880 (0x370), Position before Material: 445046
🔍 Primitive - Version >= MESH_TEXTURE_ALTERNATIVES (377), serializing TextureAlternatives
🔍 Primitive - Version: 880 (0x370), Position before Material: 445105
🔍 Primitive - Version >= MESH_TEXTURE_ALTERNATIVES (377), serializing TextureAlternatives
🔍 Primitive - Version: 880 (0x370), Position before Material: 445157
🔍 Primitive - Version >= MESH_TEXTURE_ALTERNATIVES (377), serializing TextureAlternatives
🔍 Primitive - Version: 880 (0x370), Position before Material: 445208
🔍 Primitive - Version >= MESH_TEXTURE_ALTERNATIVES (377), serializing TextureAlternatives
🔍 Primitive - Version: 880 (0x370), Position before Material: 445241
🔍 Primitive - Version >= MESH_TEXTURE_ALTERNATIVES (377), serializing TextureAlternatives
🔍 Primitive - Version: 880 (0x370), Position before Material: 445274
🔍 Primitive - Version >= MESH_TEXTURE_ALTERNATIVES (377), serializing TextureAlternatives
🔍 Primitive - Version: 880 (0x370), Position before Material: 445289
🔍 Primitive - Version >= MESH_TEXTURE_ALTERNATIVES (377), serializing TextureAlternatives
🔍 Primitive - Version: 880 (0x370), Position before Material: 445321
🔍 Primitive - Version >= MESH_TEXTURE_ALTERNATIVES (377), serializing TextureAlternatives
🔍 Primitive - Version: 880 (0x370), Position before Material: 445354
🔍 Primitive - Version >= MESH_TEXTURE_ALTERNATIVES (377), serializing TextureAlternatives
🔍 Primitive - Version: 880 (0x370), Position before Material: 445389
🔍 Primitive - Version >= MESH_TEXTURE_ALTERNATIVES (377), serializing TextureAlternatives
🔍 Primitive - Version: 880 (0x370), Position before Material: 445423
🔍 Primitive - Version >= MESH_TEXTURE_ALTERNATIVES (377), serializing TextureAlternatives
🔍 Primitive - Version: 880 (0x370), Position before Material: 445440
🔍 Primitive - Version >= MESH_TEXTURE_ALTERNATIVES (377), serializing TextureAlternatives
🔍 Primitive - Version: 880 (0x370), Position before Material: 445450
🔍 Primitive - Version >= MESH_TEXTURE_ALTERNATIVES (377), serializing TextureAlternatives
🔍 Primitive - Version: 880 (0x370), Position before Material: 445509
🔍 Primitive - Version >= MESH_TEXTURE_ALTERNATIVES (377), serializing TextureAlternatives
🔍 Primitive - Version: 880 (0x370), Position before Material: 445545
🔍 Primitive - Version >= MESH_TEXTURE_ALTERNATIVES (377), serializing TextureAlternatives
🔍 Primitive - Version: 880 (0x370), Position before Material: 445562
🔍 Primitive - Version >= MESH_TEXTURE_ALTERNATIVES (377), serializing TextureAlternatives
🔍 Primitive - Version: 880 (0x370), Position before Material: 445575
🔍 Primitive - Version >= MESH_TEXTURE_ALTERNATIVES (377), serializing TextureAlternatives
🔍 Primitive - Version: 880 (0x370), Position before Material: 445634
🔍 Primitive - Version >= MESH_TEXTURE_ALTERNATIVES (377), serializing TextureAlternatives
🔍 Primitive - Version: 880 (0x370), Position before Material: 445668
🔍 Primitive - Version >= MESH_TEXTURE_ALTERNATIVES (377), serializing TextureAlternatives
🔍 Primitive - Version: 880 (0x370), Position before Material: 445702
🔍 Primitive - Version >= MESH_TEXTURE_ALTERNATIVES (377), serializing TextureAlternatives
🔍 Primitive - Version: 880 (0x370), Position before Material: 445713
🔍 Primitive - Version >= MESH_TEXTURE_ALTERNATIVES (377), serializing TextureAlternatives
🔍 Primitive - Version: 880 (0x370), Position before Material: 445746
🔍 Primitive - Version >= MESH_TEXTURE_ALTERNATIVES (377), serializing TextureAlternatives
🔍 Primitive - Version: 880 (0x370), Position before Material: 445776
🔍 Primitive - Version >= MESH_TEXTURE_ALTERNATIVES (377), serializing TextureAlternatives
🔍 Primitive - Version: 880 (0x370), Position before Material: 445810
🔍 Primitive - Version >= MESH_TEXTURE_ALTERNATIVES (377), serializing TextureAlternatives
🔍 Primitive - Version: 880 (0x370), Position before Material: 445865
🔍 Primitive - Version >= MESH_TEXTURE_ALTERNATIVES (377), serializing TextureAlternatives
🔍 Primitive - Version: 880 (0x370), Position before Material: 445878
🔍 Primitive - Version >= MESH_TEXTURE_ALTERNATIVES (377), serializing TextureAlternatives
🔍 Primitive - Version: 880 (0x370), Position before Material: 445891
🔍 Primitive - Version >= MESH_TEXTURE_ALTERNATIVES (377), serializing TextureAlternatives
🔍 Primitive - Version: 880 (0x370), Position before Material: 445922
🔍 Primitive - Version >= MESH_TEXTURE_ALTERNATIVES (377), serializing TextureAlternatives
🔍 Primitive - Version: 880 (0x370), Position before Material: 445954
🔍 Primitive - Version >= MESH_TEXTURE_ALTERNATIVES (377), serializing TextureAlternatives
🔍 Primitive - Version: 880 (0x370), Position before Material: 446010
🔍 Primitive - Version >= MESH_TEXTURE_ALTERNATIVES (377), serializing TextureAlternatives
🔍 Primitive - Version: 880 (0x370), Position before Material: 446026
🔍 Primitive - Version >= MESH_TEXTURE_ALTERNATIVES (377), serializing TextureAlternatives
🔍 Primitive - Version: 880 (0x370), Position before Material: 446039
🔍 Primitive - Version >= MESH_TEXTURE_ALTERNATIVES (377), serializing TextureAlternatives
🔍 Primitive - Version: 880 (0x370), Position before Material: 446075
🔍 Primitive - Version >= MESH_TEXTURE_ALTERNATIVES (377), serializing TextureAlternatives
🔍 Primitive - Version: 880 (0x370), Position before Material: 446129
🔍 Primitive - Version >= MESH_TEXTURE_ALTERNATIVES (377), serializing TextureAlternatives
🔍 Primitive - Version: 880 (0x370), Position before Material: 446165
🔍 Primitive - Version >= MESH_TEXTURE_ALTERNATIVES (377), serializing TextureAlternatives
🔍 Primitive - Version: 880 (0x370), Position before Material: 446178
🔍 Primitive - Version >= MESH_TEXTURE_ALTERNATIVES (377), serializing TextureAlternatives
🔍 Primitive - Version: 880 (0x370), Position before Material: 446231
🔍 Primitive - Version >= MESH_TEXTURE_ALTERNATIVES (377), serializing TextureAlternatives
🔍 Primitive - Version: 880 (0x370), Position before Material: 446244
🔍 Primitive - Version >= MESH_TEXTURE_ALTERNATIVES (377), serializing TextureAlternatives
🔍 Primitive - Version: 880 (0x370), Position before Material: 446259
🔍 Primitive - Version >= MESH_TEXTURE_ALTERNATIVES (377), serializing TextureAlternatives
🔍 Primitive - Version: 880 (0x370), Position before Material: 446293
🔍 Primitive - Version >= MESH_TEXTURE_ALTERNATIVES (377), serializing TextureAlternatives
🔍 Primitive - Version: 880 (0x370), Position before Material: 446343
🔍 Primitive - Version >= MESH_TEXTURE_ALTERNATIVES (377), serializing TextureAlternatives
🔍 Primitive - Version: 880 (0x370), Position before Material: 446395
🔍 Primitive - Version >= MESH_TEXTURE_ALTERNATIVES (377), serializing TextureAlternatives
🔍 Primitive - Version: 880 (0x370), Position before Material: 446409
🔍 Primitive - Version >= MESH_TEXTURE_ALTERNATIVES (377), serializing TextureAlternatives
🔍 Primitive - Version: 880 (0x370), Position before Material: 446460
🔍 Primitive - Version >= MESH_TEXTURE_ALTERNATIVES (377), serializing TextureAlternatives
🔍 Primitive - Version: 880 (0x370), Position before Material: 446511
🔍 Primitive - Version >= MESH_TEXTURE_ALTERNATIVES (377), serializing TextureAlternatives
🔍 Primitive - Version: 880 (0x370), Position before Material: 446544
🔍 Primitive - Version >= MESH_TEXTURE_ALTERNATIVES (377), serializing TextureAlternatives
🔍 Primitive - Version: 880 (0x370), Position before Material: 446575
🔍 Primitive - Version >= MESH_TEXTURE_ALTERNATIVES (377), serializing TextureAlternatives
🔍 Primitive - Version: 880 (0x370), Position before Material: 446630
🔍 Primitive - Version >= MESH_TEXTURE_ALTERNATIVES (377), serializing TextureAlternatives
🔍 Primitive - Version: 880 (0x370), Position before Material: 446648
🔍 Primitive - Version >= MESH_TEXTURE_ALTERNATIVES (377), serializing TextureAlternatives
🔍 Primitive - Version: 880 (0x370), Position before Material: 446680
🔍 Primitive - Version >= MESH_TEXTURE_ALTERNATIVES (377), serializing TextureAlternatives
🔍 Primitive - Version: 880 (0x370), Position before Material: 446737
🔍 Primitive - Version >= MESH_TEXTURE_ALTERNATIVES (377), serializing TextureAlternatives
🔍 Primitive - Version: 880 (0x370), Position before Material: 446788
🔍 Primitive - Version >= MESH_TEXTURE_ALTERNATIVES (377), serializing TextureAlternatives
🔍 Primitive - Version: 880 (0x370), Position before Material: 446842
🔍 Primitive - Version >= MESH_TEXTURE_ALTERNATIVES (377), serializing TextureAlternatives
🔍 Primitive - Version: 880 (0x370), Position before Material: 446875
🔍 Primitive - Version >= MESH_TEXTURE_ALTERNATIVES (377), serializing TextureAlternatives
🔍 Primitive - Version: 880 (0x370), Position before Material: 446886
🔍 Primitive - Version >= MESH_TEXTURE_ALTERNATIVES (377), serializing TextureAlternatives
🔍 Primitive - Version: 880 (0x370), Position before Material: 446937
🔍 Primitive - Version >= MESH_TEXTURE_ALTERNATIVES (377), serializing TextureAlternatives
🔍 Primitive - Version: 880 (0x370), Position before Material: 446971
🔍 Primitive - Version >= MESH_TEXTURE_ALTERNATIVES (377), serializing TextureAlternatives
🔍 Primitive - Version: 880 (0x370), Position before Material: 446984
🔍 Primitive - Version >= MESH_TEXTURE_ALTERNATIVES (377), serializing TextureAlternatives
🔍 Primitive - Version: 880 (0x370), Position before Material: 447017
🔍 Primitive - Version >= MESH_TEXTURE_ALTERNATIVES (377), serializing TextureAlternatives
🔍 Primitive - Version: 880 (0x370), Position before Material: 447052
🔍 Primitive - Version >= MESH_TEXTURE_ALTERNATIVES (377), serializing TextureAlternatives
🔍 Primitive - Version: 880 (0x370), Position before Material: 447087
🔍 Primitive - Version >= MESH_TEXTURE_ALTERNATIVES (377), serializing TextureAlternatives
🔍 Primitive - Version: 880 (0x370), Position before Material: 447141
🔍 Primitive - Version >= MESH_TEXTURE_ALTERNATIVES (377), serializing TextureAlternatives
🔍 Primitive - Version: 880 (0x370), Position before Material: 447171
🔍 Primitive - Version >= MESH_TEXTURE_ALTERNATIVES (377), serializing TextureAlternatives
🔍 Primitive - Version: 880 (0x370), Position before Material: 447206
🔍 Primitive - Version >= MESH_TEXTURE_ALTERNATIVES (377), serializing TextureAlternatives
🔍 Primitive - Version: 880 (0x370), Position before Material: 447256
🔍 Primitive - Version >= MESH_TEXTURE_ALTERNATIVES (377), serializing TextureAlternatives
🔍 Primitive - Version: 880 (0x370), Position before Material: 447305
🔍 Primitive - Version >= MESH_TEXTURE_ALTERNATIVES (377), serializing TextureAlternatives
🔍 Primitive - Version: 880 (0x370), Position before Material: 447357
🔍 Primitive - Version >= MESH_TEXTURE_ALTERNATIVES (377), serializing TextureAlternatives
🔍 Primitive - Version: 880 (0x370), Position before Material: 447395
🔍 Primitive - Version >= MESH_TEXTURE_ALTERNATIVES (377), serializing TextureAlternatives
🔍 Primitive - Version: 880 (0x370), Position before Material: 447449
🔍 Primitive - Version >= MESH_TEXTURE_ALTERNATIVES (377), serializing TextureAlternatives
🔍 Primitive - Version: 880 (0x370), Position before Material: 447464
🔍 Primitive - Version >= MESH_TEXTURE_ALTERNATIVES (377), serializing TextureAlternatives
🔍 Primitive - Version: 880 (0x370), Position before Material: 447497
🔍 Primitive - Version >= MESH_TEXTURE_ALTERNATIVES (377), serializing TextureAlternatives
🔍 Primitive - Version: 880 (0x370), Position before Material: 447530
🔍 Primitive - Version >= MESH_TEXTURE_ALTERNATIVES (377), serializing TextureAlternatives
🔍 Primitive - Version: 880 (0x370), Position before Material: 447569
🔍 Primitive - Version >= MESH_TEXTURE_ALTERNATIVES (377), serializing TextureAlternatives
🔍 Primitive - Version: 880 (0x370), Position before Material: 447600
🔍 Primitive - Version >= MESH_TEXTURE_ALTERNATIVES (377), serializing TextureAlternatives
🔍 Primitive - Version: 880 (0x370), Position before Material: 447614
🔍 Primitive - Version >= MESH_TEXTURE_ALTERNATIVES (377), serializing TextureAlternatives
🔍 Primitive - Version: 880 (0x370), Position before Material: 447647
🔍 Primitive - Version >= MESH_TEXTURE_ALTERNATIVES (377), serializing TextureAlternatives
🔍 Primitive - Version: 880 (0x370), Position before Material: 447678
🔍 Primitive - Version >= MESH_TEXTURE_ALTERNATIVES (377), serializing TextureAlternatives
🔍 Primitive - Version: 880 (0x370), Position before Material: 447714
🔍 Primitive - Version >= MESH_TEXTURE_ALTERNATIVES (377), serializing TextureAlternatives
🔍 Primitive - Version: 880 (0x370), Position before Material: 447769
🔍 Primitive - Version >= MESH_TEXTURE_ALTERNATIVES (377), serializing TextureAlternatives
🔍 Primitive - Version: 880 (0x370), Position before Material: 447825
🔍 Primitive - Version >= MESH_TEXTURE_ALTERNATIVES (377), serializing TextureAlternatives
🔍 Primitive - Version: 880 (0x370), Position before Material: 447857
🔍 Primitive - Version >= MESH_TEXTURE_ALTERNATIVES (377), serializing TextureAlternatives
🔍 Primitive - Version: 880 (0x370), Position before Material: 447892
🔍 Primitive - Version >= MESH_TEXTURE_ALTERNATIVES (377), serializing TextureAlternatives
🔍 Primitive - Version: 880 (0x370), Position before Material: 447925
🔍 Primitive - Version >= MESH_TEXTURE_ALTERNATIVES (377), serializing TextureAlternatives
🔍 Primitive - Version: 880 (0x370), Position before Material: 447961
🔍 Primitive - Version >= MESH_TEXTURE_ALTERNATIVES (377), serializing TextureAlternatives
🔍 Primitive - Version: 880 (0x370), Position before Material: 447970
🔍 Primitive - Version >= MESH_TEXTURE_ALTERNATIVES (377), serializing TextureAlternatives
🔍 Primitive - Version: 880 (0x370), Position before Material: 447981
🔍 Primitive - Version >= MESH_TEXTURE_ALTERNATIVES (377), serializing TextureAlternatives
🔍 Primitive - Version: 880 (0x370), Position before Material: 448032
🔍 Primitive - Version >= MESH_TEXTURE_ALTERNATIVES (377), serializing TextureAlternatives
🔍 Primitive - Version: 880 (0x370), Position before Material: 448065
🔍 Primitive - Version >= MESH_TEXTURE_ALTERNATIVES (377), serializing TextureAlternatives
🔍 Primitive - Version: 880 (0x370), Position before Material: 448077
🔍 Primitive - Version >= MESH_TEXTURE_ALTERNATIVES (377), serializing TextureAlternatives
🔍 Primitive - Version: 880 (0x370), Position before Material: 448128
🔍 Primitive - Version >= MESH_TEXTURE_ALTERNATIVES (377), serializing TextureAlternatives
🔍 Primitive - Version: 880 (0x370), Position before Material: 448181
🔍 Primitive - Version >= MESH_TEXTURE_ALTERNATIVES (377), serializing TextureAlternatives
🔍 Primitive - Version: 880 (0x370), Position before Material: 448212
🔍 Primitive - Version >= MESH_TEXTURE_ALTERNATIVES (377), serializing TextureAlternatives
🔍 Primitive - Version: 880 (0x370), Position before Material: 448245
🔍 Primitive - Version >= MESH_TEXTURE_ALTERNATIVES (377), serializing TextureAlternatives
🔍 Primitive - Version: 880 (0x370), Position before Material: 448278
🔍 Primitive - Version >= MESH_TEXTURE_ALTERNATIVES (377), serializing TextureAlternatives
🔍 Primitive - Version: 880 (0x370), Position before Material: 448308
🔍 Primitive - Version >= MESH_TEXTURE_ALTERNATIVES (377), serializing TextureAlternatives
🔍 Primitive - Version: 880 (0x370), Position before Material: 448322
🔍 Primitive - Version >= MESH_TEXTURE_ALTERNATIVES (377), serializing TextureAlternatives
🔍 Primitive - Version: 880 (0x370), Position before Material: 448354
🔍 Primitive - Version >= MESH_TEXTURE_ALTERNATIVES (377), serializing TextureAlternatives
🔍 Primitive - Version: 880 (0x370), Position before Material: 448367
🔍 Primitive - Version >= MESH_TEXTURE_ALTERNATIVES (377), serializing TextureAlternatives
🔍 Primitive - Version: 880 (0x370), Position before Material: 448378
🔍 Primitive - Version >= MESH_TEXTURE_ALTERNATIVES (377), serializing TextureAlternatives
🔍 Primitive - Version: 880 (0x370), Position before Material: 448394
🔍 Primitive - Version >= MESH_TEXTURE_ALTERNATIVES (377), serializing TextureAlternatives
🔍 Primitive - Version: 880 (0x370), Position before Material: 448427
🔍 Primitive - Version >= MESH_TEXTURE_ALTERNATIVES (377), serializing TextureAlternatives
🔍 Primitive - Version: 880 (0x370), Position before Material: 448457
🔍 Primitive - Version >= MESH_TEXTURE_ALTERNATIVES (377), serializing TextureAlternatives
🔍 Primitive - Version: 880 (0x370), Position before Material: 448491
🔍 Primitive - Version >= MESH_TEXTURE_ALTERNATIVES (377), serializing TextureAlternatives
🔍 Primitive - Version: 880 (0x370), Position before Material: 448505
🔍 Primitive - Version >= MESH_TEXTURE_ALTERNATIVES (377), serializing TextureAlternatives
🔍 Primitive - Version: 880 (0x370), Position before Material: 448560
🔍 Primitive - Version >= MESH_TEXTURE_ALTERNATIVES (377), serializing TextureAlternatives
🔍 Primitive - Version: 880 (0x370), Position before Material: 448595
🔍 Primitive - Version >= MESH_TEXTURE_ALTERNATIVES (377), serializing TextureAlternatives
🔍 Primitive - Version: 880 (0x370), Position before Material: 448626
🔍 Primitive - Version >= MESH_TEXTURE_ALTERNATIVES (377), serializing TextureAlternatives
🔍 Primitive - Version: 880 (0x370), Position before Material: 448661
🔍 Primitive - Version >= MESH_TEXTURE_ALTERNATIVES (377), serializing TextureAlternatives
🔍 Primitive - Version: 880 (0x370), Position before Material: 448714
🔍 Primitive - Version >= MESH_TEXTURE_ALTERNATIVES (377), serializing TextureAlternatives
🔍 Primitive - Version: 880 (0x370), Position before Material: 448744
🔍 Primitive - Version >= MESH_TEXTURE_ALTERNATIVES (377), serializing TextureAlternatives
🔍 Primitive - Version: 880 (0x370), Position before Material: 448777
🔍 Primitive - Version >= MESH_TEXTURE_ALTERNATIVES (377), serializing TextureAlternatives
🔍 Primitive - Version: 880 (0x370), Position before Material: 448790
🔍 Primitive - Version >= MESH_TEXTURE_ALTERNATIVES (377), serializing TextureAlternatives
🔍 Primitive - Version: 880 (0x370), Position before Material: 448822
🔍 Primitive - Version >= MESH_TEXTURE_ALTERNATIVES (377), serializing TextureAlternatives
🔍 Primitive - Version: 880 (0x370), Position before Material: 448859
🔍 Primitive - Version >= MESH_TEXTURE_ALTERNATIVES (377), serializing TextureAlternatives
🔍 Primitive - Version: 880 (0x370), Position before Material: 448874
🔍 Primitive - Version >= MESH_TEXTURE_ALTERNATIVES (377), serializing TextureAlternatives
🔍 Primitive - Version: 880 (0x370), Position before Material: 448888
🔍 Primitive - Version >= MESH_TEXTURE_ALTERNATIVES (377), serializing TextureAlternatives
🔍 Primitive - Version: 880 (0x370), Position before Material: 448905
🔍 Primitive - Version >= MESH_TEXTURE_ALTERNATIVES (377), serializing TextureAlternatives
🔍 Primitive - Version: 880 (0x370), Position before Material: 448936
🔍 Primitive - Version >= MESH_TEXTURE_ALTERNATIVES (377), serializing TextureAlternatives
🔍 Primitive - Version: 880 (0x370), Position before Material: 448991
🔍 Primitive - Version >= MESH_TEXTURE_ALTERNATIVES (377), serializing TextureAlternatives
🔍 Primitive - Version: 880 (0x370), Position before Material: 449021
🔍 Primitive - Version >= MESH_TEXTURE_ALTERNATIVES (377), serializing TextureAlternatives
🔍 Primitive - Version: 880 (0x370), Position before Material: 449033
🔍 Primitive - Version >= MESH_TEXTURE_ALTERNATIVES (377), serializing TextureAlternatives
🔍 Primitive - Version: 880 (0x370), Position before Material: 449068
🔍 Primitive - Version >= MESH_TEXTURE_ALTERNATIVES (377), serializing TextureAlternatives
🔍 Primitive - Version: 880 (0x370), Position before Material: 449101
🔍 Primitive - Version >= MESH_TEXTURE_ALTERNATIVES (377), serializing TextureAlternatives
🔍 Primitive - Version: 880 (0x370), Position before Material: 449117
🔍 Primitive - Version >= MESH_TEXTURE_ALTERNATIVES (377), serializing TextureAlternatives
🔍 Primitive - Version: 880 (0x370), Position before Material: 449169
🔍 Primitive - Version >= MESH_TEXTURE_ALTERNATIVES (377), serializing TextureAlternatives
🔍 Primitive - Version: 880 (0x370), Position before Material: 449200
🔍 Primitive - Version >= MESH_TEXTURE_ALTERNATIVES (377), serializing TextureAlternatives
🔍 Primitive - Version: 880 (0x370), Position before Material: 449237
🔍 Primitive - Version >= MESH_TEXTURE_ALTERNATIVES (377), serializing TextureAlternatives
🔍 Primitive - Version: 880 (0x370), Position before Material: 449269
🔍 Primitive - Version >= MESH_TEXTURE_ALTERNATIVES (377), serializing TextureAlternatives
🔍 Primitive - Version: 880 (0x370), Position before Material: 449301
🔍 Primitive - Version >= MESH_TEXTURE_ALTERNATIVES (377), serializing TextureAlternatives
🔍 Primitive - Version: 880 (0x370), Position before Material: 449353
🔍 Primitive - Version >= MESH_TEXTURE_ALTERNATIVES (377), serializing TextureAlternatives
🔍 Primitive - Version: 880 (0x370), Position before Material: 449389
🔍 Primitive - Version >= MESH_TEXTURE_ALTERNATIVES (377), serializing TextureAlternatives
🔍 Primitive - Version: 880 (0x370), Position before Material: 449442
🔍 Primitive - Version >= MESH_TEXTURE_ALTERNATIVES (377), serializing TextureAlternatives
🔍 Primitive - Version: 880 (0x370), Position before Material: 449477
🔍 Primitive - Version >= MESH_TEXTURE_ALTERNATIVES (377), serializing TextureAlternatives
🔍 Primitive - Version: 880 (0x370), Position before Material: 449531
🔍 Primitive - Version >= MESH_TEXTURE_ALTERNATIVES (377), serializing TextureAlternatives
🔍 Primitive - Version: 880 (0x370), Position before Material: 449561
🔍 Primitive - Version >= MESH_TEXTURE_ALTERNATIVES (377), serializing TextureAlternatives
🔍 Primitive - Version: 880 (0x370), Position before Material: 449595
🔍 Primitive - Version >= MESH_TEXTURE_ALTERNATIVES (377), serializing TextureAlternatives
🔍 Primitive - Version: 880 (0x370), Position before Material: 449629
🔍 Primitive - Version >= MESH_TEXTURE_ALTERNATIVES (377), serializing TextureAlternatives
🔍 Primitive - Version: 880 (0x370), Position before Material: 449662
🔍 Primitive - Version >= MESH_TEXTURE_ALTERNATIVES (377), serializing TextureAlternatives
🔍 Primitive - Version: 880 (0x370), Position before Material: 449717
🔍 Primitive - Version >= MESH_TEXTURE_ALTERNATIVES (377), serializing TextureAlternatives
🔍 Primitive - Version: 880 (0x370), Position before Material: 449753
🔍 Primitive - Version >= MESH_TEXTURE_ALTERNATIVES (377), serializing TextureAlternatives
🔍 Primitive - Version: 880 (0x370), Position before Material: 449787
🔍 Primitive - Version >= MESH_TEXTURE_ALTERNATIVES (377), serializing TextureAlternatives
🔍 Primitive - Version: 880 (0x370), Position before Material: 449820
🔍 Primitive - Version >= MESH_TEXTURE_ALTERNATIVES (377), serializing TextureAlternatives
🔍 Primitive - Version: 880 (0x370), Position before Material: 449877
🔍 Primitive - Version >= MESH_TEXTURE_ALTERNATIVES (377), serializing TextureAlternatives
🔍 Primitive - Version: 880 (0x370), Position before Material: 449915
🔍 Primitive - Version >= MESH_TEXTURE_ALTERNATIVES (377), serializing TextureAlternatives
🔍 Primitive - Version: 880 (0x370), Position before Material: 449968
🔍 Primitive - Version >= MESH_TEXTURE_ALTERNATIVES (377), serializing TextureAlternatives
🔍 Primitive - Version: 880 (0x370), Position before Material: 450022
🔍 Primitive - Version >= MESH_TEXTURE_ALTERNATIVES (377), serializing TextureAlternatives
🔍 Primitive - Version: 880 (0x370), Position before Material: 450075
🔍 Primitive - Version >= MESH_TEXTURE_ALTERNATIVES (377), serializing TextureAlternatives
🔍 Primitive - Version: 880 (0x370), Position before Material: 450130
🔍 Primitive - Version >= MESH_TEXTURE_ALTERNATIVES (377), serializing TextureAlternatives
🔍 Primitive - Version: 880 (0x370), Position before Material: 450148
🔍 Primitive - Version >= MESH_TEXTURE_ALTERNATIVES (377), serializing TextureAlternatives
🔍 Primitive - Version: 880 (0x370), Position before Material: 450167
🔍 Primitive - Version >= MESH_TEXTURE_ALTERNATIVES (377), serializing TextureAlternatives
🔍 Primitive - Version: 880 (0x370), Position before Material: 450183
🔍 Primitive - Version >= MESH_TEXTURE_ALTERNATIVES (377), serializing TextureAlternatives
🔍 Primitive - Version: 880 (0x370), Position before Material: 450221
🔍 Primitive - Version >= MESH_TEXTURE_ALTERNATIVES (377), serializing TextureAlternatives
🔍 Primitive - Version: 880 (0x370), Position before Material: 450256
🔍 Primitive - Version >= MESH_TEXTURE_ALTERNATIVES (377), serializing TextureAlternatives
🔍 Primitive - Version: 880 (0x370), Position before Material: 450310
🔍 Primitive - Version >= MESH_TEXTURE_ALTERNATIVES (377), serializing TextureAlternatives
🔍 Primitive - Version: 880 (0x370), Position before Material: 450329
🔍 Primitive - Version >= MESH_TEXTURE_ALTERNATIVES (377), serializing TextureAlternatives
🔍 Primitive - Version: 880 (0x370), Position before Material: 450368
🔍 Primitive - Version >= MESH_TEXTURE_ALTERNATIVES (377), serializing TextureAlternatives
🔍 Primitive - Version: 880 (0x370), Position before Material: 450421
🔍 Primitive - Version >= MESH_TEXTURE_ALTERNATIVES (377), serializing TextureAlternatives
🔍 Primitive - Version: 880 (0x370), Position before Material: 450433
🔍 Primitive - Version >= MESH_TEXTURE_ALTERNATIVES (377), serializing TextureAlternatives
🔍 Primitive - Version: 880 (0x370), Position before Material: 450446
🔍 Primitive - Version >= MESH_TEXTURE_ALTERNATIVES (377), serializing TextureAlternatives
🔍 Primitive - Version: 880 (0x370), Position before Material: 450482
🔍 Primitive - Version >= MESH_TEXTURE_ALTERNATIVES (377), serializing TextureAlternatives
🔍 Primitive - Version: 880 (0x370), Position before Material: 450535
🔍 Primitive - Version >= MESH_TEXTURE_ALTERNATIVES (377), serializing TextureAlternatives
🔍 Primitive - Version: 880 (0x370), Position before Material: 450572
🔍 Primitive - Version >= MESH_TEXTURE_ALTERNATIVES (377), serializing TextureAlternatives
🔍 Primitive - Version: 880 (0x370), Position before Material: 450627
🔍 Primitive - Version >= MESH_TEXTURE_ALTERNATIVES (377), serializing TextureAlternatives
🔍 Primitive - Version: 880 (0x370), Position before Material: 450662
🔍 Primitive - Version >= MESH_TEXTURE_ALTERNATIVES (377), serializing TextureAlternatives
🔍 Primitive - Version: 880 (0x370), Position before Material: 450679
🔍 Primitive - Version >= MESH_TEXTURE_ALTERNATIVES (377), serializing TextureAlternatives
🔍 Primitive - Version: 880 (0x370), Position before Material: 450713
🔍 Primitive - Version >= MESH_TEXTURE_ALTERNATIVES (377), serializing TextureAlternatives
🔍 Primitive - Version: 880 (0x370), Position before Material: 450728
🔍 Primitive - Version >= MESH_TEXTURE_ALTERNATIVES (377), serializing TextureAlternatives
🔍 Primitive - Version: 880 (0x370), Position before Material: 450765
🔍 Primitive - Version >= MESH_TEXTURE_ALTERNATIVES (377), serializing TextureAlternatives
🔍 Primitive - Version: 880 (0x370), Position before Material: 450800
🔍 Primitive - Version >= MESH_TEXTURE_ALTERNATIVES (377), serializing TextureAlternatives
🔍 Primitive - Version: 880 (0x370), Position before Material: 450833
🔍 Primitive - Version >= MESH_TEXTURE_ALTERNATIVES (377), serializing TextureAlternatives
🔍 Primitive - Version: 880 (0x370), Position before Material: 450865
🔍 Primitive - Version >= MESH_TEXTURE_ALTERNATIVES (377), serializing TextureAlternatives
🔍 Primitive - Version: 880 (0x370), Position before Material: 450882
🔍 Primitive - Version >= MESH_TEXTURE_ALTERNATIVES (377), serializing TextureAlternatives
🔍 Primitive - Version: 880 (0x370), Position before Material: 450917
🔍 Primitive - Version >= MESH_TEXTURE_ALTERNATIVES (377), serializing TextureAlternatives
🔍 Primitive - Version: 880 (0x370), Position before Material: 450928
🔍 Primitive - Version >= MESH_TEXTURE_ALTERNATIVES (377), serializing TextureAlternatives
🔍 Primitive - Version: 880 (0x370), Position before Material: 450960
🔍 Primitive - Version >= MESH_TEXTURE_ALTERNATIVES (377), serializing TextureAlternatives
🔍 Primitive - Version: 880 (0x370), Position before Material: 450994
🔍 Primitive - Version >= MESH_TEXTURE_ALTERNATIVES (377), serializing TextureAlternatives
🔍 Primitive - Version: 880 (0x370), Position before Material: 451046
🔍 Primitive - Version >= MESH_TEXTURE_ALTERNATIVES (377), serializing TextureAlternatives
🔍 Primitive - Version: 880 (0x370), Position before Material: 451062
🔍 Primitive - Version >= MESH_TEXTURE_ALTERNATIVES (377), serializing TextureAlternatives
🔍 Primitive - Version: 880 (0x370), Position before Material: 451073
🔍 Primitive - Version >= MESH_TEXTURE_ALTERNATIVES (377), serializing TextureAlternatives
🔍 Primitive - Version: 880 (0x370), Position before Material: 451106
🔍 Primitive - Version >= MESH_TEXTURE_ALTERNATIVES (377), serializing TextureAlternatives
🔍 Primitive - Version: 880 (0x370), Position before Material: 451118
🔍 Primitive - Version >= MESH_TEXTURE_ALTERNATIVES (377), serializing TextureAlternatives
🔍 Primitive - Version: 880 (0x370), Position before Material: 451128
🔍 Primitive - Version >= MESH_TEXTURE_ALTERNATIVES (377), serializing TextureAlternatives
🔍 Primitive - Version: 880 (0x370), Position before Material: 451142
🔍 Primitive - Version >= MESH_TEXTURE_ALTERNATIVES (377), serializing TextureAlternatives
🔍 Primitive - Version: 880 (0x370), Position before Material: 451197
🔍 Primitive - Version >= MESH_TEXTURE_ALTERNATIVES (377), serializing TextureAlternatives
🔍 Primitive - Version: 880 (0x370), Position before Material: 451209
🔍 Primitive - Version >= MESH_TEXTURE_ALTERNATIVES (377), serializing TextureAlternatives
🔍 Primitive - Version: 880 (0x370), Position before Material: 451262
🔍 Primitive - Version >= MESH_TEXTURE_ALTERNATIVES (377), serializing TextureAlternatives
🔍 Primitive - Version: 880 (0x370), Position before Material: 451298
🔍 Primitive - Version >= MESH_TEXTURE_ALTERNATIVES (377), serializing TextureAlternatives
🔍 Primitive - Version: 880 (0x370), Position before Material: 451309
🔍 Primitive - Version >= MESH_TEXTURE_ALTERNATIVES (377), serializing TextureAlternatives
🔍 Primitive - Version: 880 (0x370), Position before Material: 451344
🔍 Primitive - Version >= MESH_TEXTURE_ALTERNATIVES (377), serializing TextureAlternatives
🔍 Primitive - Version: 880 (0x370), Position before Material: 451378
🔍 Primitive - Version >= MESH_TEXTURE_ALTERNATIVES (377), serializing TextureAlternatives
🔍 Primitive - Version: 880 (0x370), Position before Material: 451430
🔍 Primitive - Version >= MESH_TEXTURE_ALTERNATIVES (377), serializing TextureAlternatives
🔍 Primitive - Version: 880 (0x370), Position before Material: 451441
🔍 Primitive - Version >= MESH_TEXTURE_ALTERNATIVES (377), serializing TextureAlternatives
🔍 Primitive - Version: 880 (0x370), Position before Material: 451450
🔍 Primitive - Version >= MESH_TEXTURE_ALTERNATIVES (377), serializing TextureAlternatives
🔍 Primitive - Version: 880 (0x370), Position before Material: 451505
🔍 Primitive - Version >= MESH_TEXTURE_ALTERNATIVES (377), serializing TextureAlternatives
🔍 Primitive - Version: 880 (0x370), Position before Material: 451518
🔍 Primitive - Version >= MESH_TEXTURE_ALTERNATIVES (377), serializing TextureAlternatives
🔍 Primitive - Version: 880 (0x370), Position before Material: 451550
🔍 Primitive - Version >= MESH_TEXTURE_ALTERNATIVES (377), serializing TextureAlternatives
🔍 Primitive - Version: 880 (0x370), Position before Material: 451585
🔍 Primitive - Version >= MESH_TEXTURE_ALTERNATIVES (377), serializing TextureAlternatives
🔍 Primitive - Version: 880 (0x370), Position before Material: 451594
🔍 Primitive - Version >= MESH_TEXTURE_ALTERNATIVES (377), serializing TextureAlternatives
🔍 Primitive - Version: 880 (0x370), Position before Material: 451647
🔍 Primitive - Version >= MESH_TEXTURE_ALTERNATIVES (377), serializing TextureAlternatives
🔍 Primitive - Version: 880 (0x370), Position before Material: 451705
🔍 Primitive - Version >= MESH_TEXTURE_ALTERNATIVES (377), serializing TextureAlternatives
🔍 Primitive - Version: 880 (0x370), Position before Material: 451760
🔍 Primitive - Version >= MESH_TEXTURE_ALTERNATIVES (377), serializing TextureAlternatives
🔍 Primitive - Version: 880 (0x370), Position before Material: 451814
🔍 Primitive - Version >= MESH_TEXTURE_ALTERNATIVES (377), serializing TextureAlternatives
🔍 Primitive - Version: 880 (0x370), Position before Material: 451852
🔍 Primitive - Version >= MESH_TEXTURE_ALTERNATIVES (377), serializing TextureAlternatives
🔍 Primitive - Version: 880 (0x370), Position before Material: 451884
🔍 Primitive - Version >= MESH_TEXTURE_ALTERNATIVES (377), serializing TextureAlternatives
🔍 Primitive - Version: 880 (0x370), Position before Material: 451921
🔍 Primitive - Version >= MESH_TEXTURE_ALTERNATIVES (377), serializing TextureAlternatives
🔍 Primitive - Version: 880 (0x370), Position before Material: 451952
🔍 Primitive - Version >= MESH_TEXTURE_ALTERNATIVES (377), serializing TextureAlternatives
🔍 Primitive - Version: 880 (0x370), Position before Material: 452006
🔍 Primitive - Version >= MESH_TEXTURE_ALTERNATIVES (377), serializing TextureAlternatives
🔍 Primitive - Version: 880 (0x370), Position before Material: 452062
🔍 Primitive - Version >= MESH_TEXTURE_ALTERNATIVES (377), serializing TextureAlternatives
🔍 Primitive - Version: 880 (0x370), Position before Material: 452077
🔍 Primitive - Version >= MESH_TEXTURE_ALTERNATIVES (377), serializing TextureAlternatives
🔍 Primitive - Version: 880 (0x370), Position before Material: 452130
🔍 Primitive - Version >= MESH_TEXTURE_ALTERNATIVES (377), serializing TextureAlternatives
🔍 Primitive - Version: 880 (0x370), Position before Material: 452148
🔍 Primitive - Version >= MESH_TEXTURE_ALTERNATIVES (377), serializing TextureAlternatives
🔍 Primitive - Version: 880 (0x370), Position before Material: 452185
🔍 Primitive - Version >= MESH_TEXTURE_ALTERNATIVES (377), serializing TextureAlternatives
🔍 Primitive - Version: 880 (0x370), Position before Material: 452216
🔍 Primitive - Version >= MESH_TEXTURE_ALTERNATIVES (377), serializing TextureAlternatives
🔍 Primitive - Version: 880 (0x370), Position before Material: 452271
🔍 Primitive - Version >= MESH_TEXTURE_ALTERNATIVES (377), serializing TextureAlternatives
🔍 Primitive - Version: 880 (0x370), Position before Material: 452310
🔍 Primitive - Version >= MESH_TEXTURE_ALTERNATIVES (377), serializing TextureAlternatives
🔍 Primitive - Version: 880 (0x370), Position before Material: 452342
🔍 Primitive - Version >= MESH_TEXTURE_ALTERNATIVES (377), serializing TextureAlternatives
🔍 Primitive - Version: 880 (0x370), Position before Material: 452392
🔍 Primitive - Version >= MESH_TEXTURE_ALTERNATIVES (377), serializing TextureAlternatives
🔍 Primitive - Version: 880 (0x370), Position before Material: 452446
🔍 Primitive - Version >= MESH_TEXTURE_ALTERNATIVES (377), serializing TextureAlternatives
🔍 Primitive - Version: 880 (0x370), Position before Material: 452457
🔍 Primitive - Version >= MESH_TEXTURE_ALTERNATIVES (377), serializing TextureAlternatives
🔍 Primitive - Version: 880 (0x370), Position before Material: 452510
🔍 Primitive - Version >= MESH_TEXTURE_ALTERNATIVES (377), serializing TextureAlternatives
🔍 Primitive - Version: 880 (0x370), Position before Material: 452525
🔍 Primitive - Version >= MESH_TEXTURE_ALTERNATIVES (377), serializing TextureAlternatives
🔍 Primitive - Version: 880 (0x370), Position before Material: 452557
🔍 Primitive - Version >= MESH_TEXTURE_ALTERNATIVES (377), serializing TextureAlternatives
🔍 Primitive - Version: 880 (0x370), Position before Material: 452592
🔍 Primitive - Version >= MESH_TEXTURE_ALTERNATIVES (377), serializing TextureAlternatives
🔍 Primitive - Version: 880 (0x370), Position before Material: 452609
🔍 Primitive - Version >= MESH_TEXTURE_ALTERNATIVES (377), serializing TextureAlternatives
🔍 Primitive - Version: 880 (0x370), Position before Material: 452642
🔍 Primitive - Version >= MESH_TEXTURE_ALTERNATIVES (377), serializing TextureAlternatives
🔍 Primitive - Version: 880 (0x370), Position before Material: 452678
🔍 Primitive - Version >= MESH_TEXTURE_ALTERNATIVES (377), serializing TextureAlternatives
🔍 Primitive - Version: 880 (0x370), Position before Material: 452688
🔍 Primitive - Version >= MESH_TEXTURE_ALTERNATIVES (377), serializing TextureAlternatives
🔍 Primitive - Version: 880 (0x370), Position before Material: 452721
🔍 Primitive - Version >= MESH_TEXTURE_ALTERNATIVES (377), serializing TextureAlternatives
🔍 Primitive - Version: 880 (0x370), Position before Material: 452775
🔍 Primitive - Version >= MESH_TEXTURE_ALTERNATIVES (377), serializing TextureAlternatives
🔍 Primitive - Version: 880 (0x370), Position before Material: 452808
🔍 Primitive - Version >= MESH_TEXTURE_ALTERNATIVES (377), serializing TextureAlternatives
🔍 Primitive - Version: 880 (0x370), Position before Material: 452829
🔍 Primitive - Version >= MESH_TEXTURE_ALTERNATIVES (377), serializing TextureAlternatives
🔍 Primitive - Version: 880 (0x370), Position before Material: 452845
🔍 Primitive - Version >= MESH_TEXTURE_ALTERNATIVES (377), serializing TextureAlternatives
🔍 Primitive - Version: 880 (0x370), Position before Material: 452880
🔍 Primitive - Version >= MESH_TEXTURE_ALTERNATIVES (377), serializing TextureAlternatives
🔍 Primitive - Version: 880 (0x370), Position before Material: 452895
🔍 Primitive - Version >= MESH_TEXTURE_ALTERNATIVES (377), serializing TextureAlternatives
🔍 Primitive - Version: 880 (0x370), Position before Material: 452929
🔍 Primitive - Version >= MESH_TEXTURE_ALTERNATIVES (377), serializing TextureAlternatives
🔍 Primitive - Version: 880 (0x370), Position before Material: 452942
🔍 Primitive - Version >= MESH_TEXTURE_ALTERNATIVES (377), serializing TextureAlternatives
🔍 Primitive - Version: 880 (0x370), Position before Material: 452955
🔍 Primitive - Version >= MESH_TEXTURE_ALTERNATIVES (377), serializing TextureAlternatives
🔍 Primitive - Version: 880 (0x370), Position before Material: 452990
🔍 Primitive - Version >= MESH_TEXTURE_ALTERNATIVES (377), serializing TextureAlternatives
🔍 Primitive - Version: 880 (0x370), Position before Material: 453009
🔍 Primitive - Version >= MESH_TEXTURE_ALTERNATIVES (377), serializing TextureAlternatives
🔍 Primitive - Version: 880 (0x370), Position before Material: 453041
🔍 Primitive - Version >= MESH_TEXTURE_ALTERNATIVES (377), serializing TextureAlternatives
🔍 Primitive - Version: 880 (0x370), Position before Material: 453076
🔍 Primitive - Version >= MESH_TEXTURE_ALTERNATIVES (377), serializing TextureAlternatives
🔍 Primitive - Version: 880 (0x370), Position before Material: 453129
🔍 Primitive - Version >= MESH_TEXTURE_ALTERNATIVES (377), serializing TextureAlternatives
🔍 Primitive - Version: 880 (0x370), Position before Material: 453163
🔍 Primitive - Version >= MESH_TEXTURE_ALTERNATIVES (377), serializing TextureAlternatives
🔍 Primitive - Version: 880 (0x370), Position before Material: 453196
🔍 Primitive - Version >= MESH_TEXTURE_ALTERNATIVES (377), serializing TextureAlternatives
🔍 Primitive - Version: 880 (0x370), Position before Material: 453249
🔍 Primitive - Version >= MESH_TEXTURE_ALTERNATIVES (377), serializing TextureAlternatives
🔍 Primitive - Version: 880 (0x370), Position before Material: 453281
🔍 Primitive - Version >= MESH_TEXTURE_ALTERNATIVES (377), serializing TextureAlternatives
🔍 Primitive - Version: 880 (0x370), Position before Material: 453298
🔍 Primitive - Version >= MESH_TEXTURE_ALTERNATIVES (377), serializing TextureAlternatives
🔍 Primitive - Version: 880 (0x370), Position before Material: 453331
🔍 Primitive - Version >= MESH_TEXTURE_ALTERNATIVES (377), serializing TextureAlternatives
🔍 Primitive - Version: 880 (0x370), Position before Material: 453369
🔍 Primitive - Version >= MESH_TEXTURE_ALTERNATIVES (377), serializing TextureAlternatives
🔍 Primitive - Version: 880 (0x370), Position before Material: 453385
🔍 Primitive - Version >= MESH_TEXTURE_ALTERNATIVES (377), serializing TextureAlternatives
🔍 Primitive - Version: 880 (0x370), Position before Material: 453419
🔍 Primitive - Version >= MESH_TEXTURE_ALTERNATIVES (377), serializing TextureAlternatives
🔍 Primitive - Version: 880 (0x370), Position before Material: 453474
🔍 Primitive - Version >= MESH_TEXTURE_ALTERNATIVES (377), serializing TextureAlternatives
🔍 Primitive - Version: 880 (0x370), Position before Material: 453509
🔍 Primitive - Version >= MESH_TEXTURE_ALTERNATIVES (377), serializing TextureAlternatives
🔍 Primitive - Version: 880 (0x370), Position before Material: 453522
🔍 Primitive - Version >= MESH_TEXTURE_ALTERNATIVES (377), serializing TextureAlternatives
🔍 Primitive - Version: 880 (0x370), Position before Material: 453557
🔍 Primitive - Version >= MESH_TEXTURE_ALTERNATIVES (377), serializing TextureAlternatives
🔍 Primitive - Version: 880 (0x370), Position before Material: 453588
🔍 Primitive - Version >= MESH_TEXTURE_ALTERNATIVES (377), serializing TextureAlternatives
🔍 Primitive - Version: 880 (0x370), Position before Material: 453639
🔍 Primitive - Version >= MESH_TEXTURE_ALTERNATIVES (377), serializing TextureAlternatives
🔍 Primitive - Version: 880 (0x370), Position before Material: 453653
🔍 Primitive - Version >= MESH_TEXTURE_ALTERNATIVES (377), serializing TextureAlternatives
🔍 Primitive - Version: 880 (0x370), Position before Material: 453685
🔍 Primitive - Version >= MESH_TEXTURE_ALTERNATIVES (377), serializing TextureAlternatives
🔍 Primitive - Version: 880 (0x370), Position before Material: 453736
🔍 Primitive - Version >= MESH_TEXTURE_ALTERNATIVES (377), serializing TextureAlternatives
🔍 Primitive - Version: 880 (0x370), Position before Material: 453766
🔍 Primitive - Version >= MESH_TEXTURE_ALTERNATIVES (377), serializing TextureAlternatives
🔍 Primitive - Version: 880 (0x370), Position before Material: 453821
🔍 Primitive - Version >= MESH_TEXTURE_ALTERNATIVES (377), serializing TextureAlternatives
🔍 Primitive - Version: 880 (0x370), Position before Material: 453873
🔍 Primitive - Version >= MESH_TEXTURE_ALTERNATIVES (377), serializing TextureAlternatives
🔍 Primitive - Version: 880 (0x370), Position before Material: 453905
🔍 Primitive - Version >= MESH_TEXTURE_ALTERNATIVES (377), serializing TextureAlternatives
🔍 Primitive - Version: 880 (0x370), Position before Material: 453961
🔍 Primitive - Version >= MESH_TEXTURE_ALTERNATIVES (377), serializing TextureAlternatives
🔍 Primitive - Version: 880 (0x370), Position before Material: 453993
🔍 Primitive - Version >= MESH_TEXTURE_ALTERNATIVES (377), serializing TextureAlternatives
🔍 Primitive - Version: 880 (0x370), Position before Material: 454026
🔍 Primitive - Version >= MESH_TEXTURE_ALTERNATIVES (377), serializing TextureAlternatives
🔍 Primitive - Version: 880 (0x370), Position before Material: 454081
🔍 Primitive - Version >= MESH_TEXTURE_ALTERNATIVES (377), serializing TextureAlternatives
🔍 Primitive - Version: 880 (0x370), Position before Material: 454137
🔍 Primitive - Version >= MESH_TEXTURE_ALTERNATIVES (377), serializing TextureAlternatives
🔍 Primitive - Version: 880 (0x370), Position before Material: 454190
🔍 Primitive - Version >= MESH_TEXTURE_ALTERNATIVES (377), serializing TextureAlternatives
🔍 Primitive - Version: 880 (0x370), Position before Material: 454220
🔍 Primitive - Version >= MESH_TEXTURE_ALTERNATIVES (377), serializing TextureAlternatives
🔍 Primitive - Version: 880 (0x370), Position before Material: 454270
🔍 Primitive - Version >= MESH_TEXTURE_ALTERNATIVES (377), serializing TextureAlternatives
🔍 Primitive - Version: 880 (0x370), Position before Material: 454305
🔍 Primitive - Version >= MESH_TEXTURE_ALTERNATIVES (377), serializing TextureAlternatives
🔍 Primitive - Version: 880 (0x370), Position before Material: 454358
🔍 Primitive - Version >= MESH_TEXTURE_ALTERNATIVES (377), serializing TextureAlternatives
🔍 Primitive - Version: 880 (0x370), Position before Material: 454390
🔍 Primitive - Version >= MESH_TEXTURE_ALTERNATIVES (377), serializing TextureAlternatives
🔍 Primitive - Version: 880 (0x370), Position before Material: 454445
🔍 Primitive - Version >= MESH_TEXTURE_ALTERNATIVES (377), serializing TextureAlternatives
🔍 Primitive - Version: 880 (0x370), Position before Material: 454476
🔍 Primitive - Version >= MESH_TEXTURE_ALTERNATIVES (377), serializing TextureAlternatives
🔍 Primitive - Version: 880 (0x370), Position before Material: 454488
🔍 Primitive - Version >= MESH_TEXTURE_ALTERNATIVES (377), serializing TextureAlternatives
🔍 Primitive - Version: 880 (0x370), Position before Material: 454519
🔍 Primitive - Version >= MESH_TEXTURE_ALTERNATIVES (377), serializing TextureAlternatives
🔍 Primitive - Version: 880 (0x370), Position before Material: 454572
🔍 Primitive - Version >= MESH_TEXTURE_ALTERNATIVES (377), serializing TextureAlternatives
🔍 Primitive - Version: 880 (0x370), Position before Material: 454587
🔍 Primitive - Version >= MESH_TEXTURE_ALTERNATIVES (377), serializing TextureAlternatives
🔍 Primitive - Version: 880 (0x370), Position before Material: 454639
🔍 Primitive - Version >= MESH_TEXTURE_ALTERNATIVES (377), serializing TextureAlternatives
🔍 Primitive - Version: 880 (0x370), Position before Material: 454689
🔍 Primitive - Version >= MESH_TEXTURE_ALTERNATIVES (377), serializing TextureAlternatives
🔍 Primitive - Version: 880 (0x370), Position before Material: 454742
🔍 Primitive - Version >= MESH_TEXTURE_ALTERNATIVES (377), serializing TextureAlternatives
🔍 Primitive - Version: 880 (0x370), Position before Material: 454776
🔍 Primitive - Version >= MESH_TEXTURE_ALTERNATIVES (377), serializing TextureAlternatives
🔍 Primitive - Version: 880 (0x370), Position before Material: 454810
🔍 Primitive - Version >= MESH_TEXTURE_ALTERNATIVES (377), serializing TextureAlternatives
🔍 Primitive - Version: 880 (0x370), Position before Material: 454839
🔍 Primitive - Version >= MESH_TEXTURE_ALTERNATIVES (377), serializing TextureAlternatives
🔍 Primitive - Version: 880 (0x370), Position before Material: 454873
🔍 Primitive - Version >= MESH_TEXTURE_ALTERNATIVES (377), serializing TextureAlternatives
🔍 Primitive - Version: 880 (0x370), Position before Material: 454884
🔍 Primitive - Version >= MESH_TEXTURE_ALTERNATIVES (377), serializing TextureAlternatives
🔍 Primitive - Version: 880 (0x370), Position before Material: 454918
🔍 Primitive - Version >= MESH_TEXTURE_ALTERNATIVES (377), serializing TextureAlternatives
🔍 Primitive - Version: 880 (0x370), Position before Material: 454955
🔍 Primitive - Version >= MESH_TEXTURE_ALTERNATIVES (377), serializing TextureAlternatives
🔍 Primitive - Version: 880 (0x370), Position before Material: 454986
🔍 Primitive - Version >= MESH_TEXTURE_ALTERNATIVES (377), serializing TextureAlternatives
🔍 Primitive - Version: 880 (0x370), Position before Material: 455027
🔍 Primitive - Version >= MESH_TEXTURE_ALTERNATIVES (377), serializing TextureAlternatives
🔍 Primitive - Version: 880 (0x370), Position before Material: 455058
🔍 Primitive - Version >= MESH_TEXTURE_ALTERNATIVES (377), serializing TextureAlternatives
🔍 Primitive - Version: 880 (0x370), Position before Material: 455099
🔍 Primitive - Version >= MESH_TEXTURE_ALTERNATIVES (377), serializing TextureAlternatives
🔍 Primitive - Version: 880 (0x370), Position before Material: 455129
🔍 Primitive - Version >= MESH_TEXTURE_ALTERNATIVES (377), serializing TextureAlternatives
🔍 Primitive - Version: 880 (0x370), Position before Material: 455164
🔍 Primitive - Version >= MESH_TEXTURE_ALTERNATIVES (377), serializing TextureAlternatives
🔍 Primitive - Version: 880 (0x370), Position before Material: 455194
🔍 Primitive - Version >= MESH_TEXTURE_ALTERNATIVES (377), serializing TextureAlternatives
🔍 Primitive - Version: 880 (0x370), Position before Material: 455204
🔍 Primitive - Version >= MESH_TEXTURE_ALTERNATIVES (377), serializing TextureAlternatives
🔍 Primitive - Version: 880 (0x370), Position before Material: 455238
🔍 Primitive - Version >= MESH_TEXTURE_ALTERNATIVES (377), serializing TextureAlternatives
🔍 Primitive - Version: 880 (0x370), Position before Material: 455270
🔍 Primitive - Version >= MESH_TEXTURE_ALTERNATIVES (377), serializing TextureAlternatives
🔍 Primitive - Version: 880 (0x370), Position before Material: 455301
🔍 Primitive - Version >= MESH_TEXTURE_ALTERNATIVES (377), serializing TextureAlternatives
🔍 Primitive - Version: 880 (0x370), Position before Material: 455337
🔍 Primitive - Version >= MESH_TEXTURE_ALTERNATIVES (377), serializing TextureAlternatives
🔍 Primitive - Version: 880 (0x370), Position before Material: 455350
🔍 Primitive - Version >= MESH_TEXTURE_ALTERNATIVES (377), serializing TextureAlternatives
🔍 Primitive - Version: 880 (0x370), Position before Material: 455384
🔍 Primitive - Version >= MESH_TEXTURE_ALTERNATIVES (377), serializing TextureAlternatives
🔍 Primitive - Version: 880 (0x370), Position before Material: 455393
🔍 Primitive - Version >= MESH_TEXTURE_ALTERNATIVES (377), serializing TextureAlternatives
🔍 Primitive - Version: 880 (0x370), Position before Material: 455424
🔍 Primitive - Version >= MESH_TEXTURE_ALTERNATIVES (377), serializing TextureAlternatives
🔍 Primitive - Version: 880 (0x370), Position before Material: 455482
🔍 Primitive - Version >= MESH_TEXTURE_ALTERNATIVES (377), serializing TextureAlternatives
🔍 Primitive - Version: 880 (0x370), Position before Material: 455512
🔍 Primitive - Version >= MESH_TEXTURE_ALTERNATIVES (377), serializing TextureAlternatives
🔍 Primitive - Version: 880 (0x370), Position before Material: 455544
🔍 Primitive - Version >= MESH_TEXTURE_ALTERNATIVES (377), serializing TextureAlternatives
🔍 Primitive - Version: 880 (0x370), Position before Material: 455601
🔍 Primitive - Version >= MESH_TEXTURE_ALTERNATIVES (377), serializing TextureAlternatives
🔍 Primitive - Version: 880 (0x370), Position before Material: 455633
🔍 Primitive - Version >= MESH_TEXTURE_ALTERNATIVES (377), serializing TextureAlternatives
🔍 Primitive - Version: 880 (0x370), Position before Material: 455685
🔍 Primitive - Version >= MESH_TEXTURE_ALTERNATIVES (377), serializing TextureAlternatives
🔍 Primitive - Version: 880 (0x370), Position before Material: 455721
🔍 Primitive - Version >= MESH_TEXTURE_ALTERNATIVES (377), serializing TextureAlternatives
🔍 Primitive - Version: 880 (0x370), Position before Material: 455772
🔍 Primitive - Version >= MESH_TEXTURE_ALTERNATIVES (377), serializing TextureAlternatives
🔍 Primitive - Version: 880 (0x370), Position before Material: 455787
🔍 Primitive - Version >= MESH_TEXTURE_ALTERNATIVES (377), serializing TextureAlternatives
🔍 Primitive - Version: 880 (0x370), Position before Material: 455820
🔍 Primitive - Version >= MESH_TEXTURE_ALTERNATIVES (377), serializing TextureAlternatives
🔍 Primitive - Version: 880 (0x370), Position before Material: 455855
🔍 Primitive - Version >= MESH_TEXTURE_ALTERNATIVES (377), serializing TextureAlternatives
🔍 Primitive - Version: 880 (0x370), Position before Material: 455889
🔍 Primitive - Version >= MESH_TEXTURE_ALTERNATIVES (377), serializing TextureAlternatives
🔍 Primitive - Version: 880 (0x370), Position before Material: 455945
🔍 Primitive - Version >= MESH_TEXTURE_ALTERNATIVES (377), serializing TextureAlternatives
🔍 Primitive - Version: 880 (0x370), Position before Material: 455997
🔍 Primitive - Version >= MESH_TEXTURE_ALTERNATIVES (377), serializing TextureAlternatives
🔍 Primitive - Version: 880 (0x370), Position before Material: 456032
🔍 Primitive - Version >= MESH_TEXTURE_ALTERNATIVES (377), serializing TextureAlternatives
🔍 Primitive - Version: 880 (0x370), Position before Material: 456068
🔍 Primitive - Version >= MESH_TEXTURE_ALTERNATIVES (377), serializing TextureAlternatives
🔍 Primitive - Version: 880 (0x370), Position before Material: 456086
🔍 Primitive - Version >= MESH_TEXTURE_ALTERNATIVES (377), serializing TextureAlternatives
🔍 Primitive - Version: 880 (0x370), Position before Material: 456123
🔍 Primitive - Version >= MESH_TEXTURE_ALTERNATIVES (377), serializing TextureAlternatives
🔍 Primitive - Version: 880 (0x370), Position before Material: 456160
🔍 Primitive - Version >= MESH_TEXTURE_ALTERNATIVES (377), serializing TextureAlternatives
🔍 Primitive - Version: 880 (0x370), Position before Material: 456192
🔍 Primitive - Version >= MESH_TEXTURE_ALTERNATIVES (377), serializing TextureAlternatives
🔍 Primitive - Version: 880 (0x370), Position before Material: 456222
🔍 Primitive - Version >= MESH_TEXTURE_ALTERNATIVES (377), serializing TextureAlternatives
🔍 Primitive - Version: 880 (0x370), Position before Material: 456259
🔍 Primitive - Version >= MESH_TEXTURE_ALTERNATIVES (377), serializing TextureAlternatives
🔍 Primitive - Version: 880 (0x370), Position before Material: 456312
🔍 Primitive - Version >= MESH_TEXTURE_ALTERNATIVES (377), serializing TextureAlternatives
🔍 Primitive - Version: 880 (0x370), Position before Material: 456343
🔍 Primitive - Version >= MESH_TEXTURE_ALTERNATIVES (377), serializing TextureAlternatives
🔍 Primitive - Version: 880 (0x370), Position before Material: 456377
🔍 Primitive - Version >= MESH_TEXTURE_ALTERNATIVES (377), serializing TextureAlternatives
🔍 Primitive - Version: 880 (0x370), Position before Material: 456429
🔍 Primitive - Version >= MESH_TEXTURE_ALTERNATIVES (377), serializing TextureAlternatives
🔍 Primitive - Version: 880 (0x370), Position before Material: 456489
🔍 Primitive - Version >= MESH_TEXTURE_ALTERNATIVES (377), serializing TextureAlternatives
🔍 Primitive - Version: 880 (0x370), Position before Material: 456545
🔍 Primitive - Version >= MESH_TEXTURE_ALTERNATIVES (377), serializing TextureAlternatives
🔍 Primitive - Version: 880 (0x370), Position before Material: 456596
🔍 Primitive - Version >= MESH_TEXTURE_ALTERNATIVES (377), serializing TextureAlternatives
🔍 Primitive - Version: 880 (0x370), Position before Material: 456629
🔍 Primitive - Version >= MESH_TEXTURE_ALTERNATIVES (377), serializing TextureAlternatives
🔍 Primitive - Version: 880 (0x370), Position before Material: 456659
🔍 Primitive - Version >= MESH_TEXTURE_ALTERNATIVES (377), serializing TextureAlternatives
🔍 Primitive - Version: 880 (0x370), Position before Material: 456714
🔍 Primitive - Version >= MESH_TEXTURE_ALTERNATIVES (377), serializing TextureAlternatives
🔍 Primitive - Version: 880 (0x370), Position before Material: 456766
🔍 Primitive - Version >= MESH_TEXTURE_ALTERNATIVES (377), serializing TextureAlternatives
🔍 Primitive - Version: 880 (0x370), Position before Material: 456797
🔍 Primitive - Version >= MESH_TEXTURE_ALTERNATIVES (377), serializing TextureAlternatives
🔍 Primitive - Version: 880 (0x370), Position before Material: 456827
🔍 Primitive - Version >= MESH_TEXTURE_ALTERNATIVES (377), serializing TextureAlternatives
🔍 Primitive - Version: 880 (0x370), Position before Material: 456882
🔍 Primitive - Version >= MESH_TEXTURE_ALTERNATIVES (377), serializing TextureAlternatives
🔍 Primitive - Version: 880 (0x370), Position before Material: 456913
🔍 Primitive - Version >= MESH_TEXTURE_ALTERNATIVES (377), serializing TextureAlternatives
🔍 Primitive - Version: 880 (0x370), Position before Material: 456966
🔍 Primitive - Version >= MESH_TEXTURE_ALTERNATIVES (377), serializing TextureAlternatives
🔍 Primitive - Version: 880 (0x370), Position before Material: 457021
🔍 Primitive - Version >= MESH_TEXTURE_ALTERNATIVES (377), serializing TextureAlternatives
🔍 Primitive - Version: 880 (0x370), Position before Material: 457052
🔍 Primitive - Version >= MESH_TEXTURE_ALTERNATIVES (377), serializing TextureAlternatives
🔍 Primitive - Version: 880 (0x370), Position before Material: 457066
🔍 Primitive - Version >= MESH_TEXTURE_ALTERNATIVES (377), serializing TextureAlternatives
🔍 Primitive - Version: 880 (0x370), Position before Material: 457122
🔍 Primitive - Version >= MESH_TEXTURE_ALTERNATIVES (377), serializing TextureAlternatives
🔍 Primitive - Version: 880 (0x370), Position before Material: 457173
🔍 Primitive - Version >= MESH_TEXTURE_ALTERNATIVES (377), serializing TextureAlternatives
🔍 Primitive - Version: 880 (0x370), Position before Material: 457206
🔍 Primitive - Version >= MESH_TEXTURE_ALTERNATIVES (377), serializing TextureAlternatives
🔍 Primitive - Version: 880 (0x370), Position before Material: 457219
🔍 Primitive - Version >= MESH_TEXTURE_ALTERNATIVES (377), serializing TextureAlternatives
🔍 Primitive - Version: 880 (0x370), Position before Material: 457272
🔍 Primitive - Version >= MESH_TEXTURE_ALTERNATIVES (377), serializing TextureAlternatives
🔍 Primitive - Version: 880 (0x370), Position before Material: 457303
🔍 Primitive - Version >= MESH_TEXTURE_ALTERNATIVES (377), serializing TextureAlternatives
🔍 Primitive - Version: 880 (0x370), Position before Material: 457338
🔍 Primitive - Version >= MESH_TEXTURE_ALTERNATIVES (377), serializing TextureAlternatives
🔍 Primitive - Version: 880 (0x370), Position before Material: 457388
🔍 Primitive - Version >= MESH_TEXTURE_ALTERNATIVES (377), serializing TextureAlternatives
🔍 Primitive - Version: 880 (0x370), Position before Material: 457441
🔍 Primitive - Version >= MESH_TEXTURE_ALTERNATIVES (377), serializing TextureAlternatives
🔍 Primitive - Version: 880 (0x370), Position before Material: 457496
🔍 Primitive - Version >= MESH_TEXTURE_ALTERNATIVES (377), serializing TextureAlternatives
🔍 Primitive - Version: 880 (0x370), Position before Material: 457532
🔍 Primitive - Version >= MESH_TEXTURE_ALTERNATIVES (377), serializing TextureAlternatives
🔍 Primitive - Version: 880 (0x370), Position before Material: 457581
🔍 Primitive - Version >= MESH_TEXTURE_ALTERNATIVES (377), serializing TextureAlternatives
🔍 Primitive - Version: 880 (0x370), Position before Material: 457631
🔍 Primitive - Version >= MESH_TEXTURE_ALTERNATIVES (377), serializing TextureAlternatives
🔍 Primitive - Version: 880 (0x370), Position before Material: 457687
🔍 Primitive - Version >= MESH_TEXTURE_ALTERNATIVES (377), serializing TextureAlternatives
🔍 Primitive - Version: 880 (0x370), Position before Material: 457738
🔍 Primitive - Version >= MESH_TEXTURE_ALTERNATIVES (377), serializing TextureAlternatives
🔍 Primitive - Version: 880 (0x370), Position before Material: 457789
🔍 Primitive - Version >= MESH_TEXTURE_ALTERNATIVES (377), serializing TextureAlternatives
🔍 Primitive - Version: 880 (0x370), Position before Material: 457825
🔍 Primitive - Version >= MESH_TEXTURE_ALTERNATIVES (377), serializing TextureAlternatives
🔍 Primitive - Version: 880 (0x370), Position before Material: 457840
🔍 Primitive - Version >= MESH_TEXTURE_ALTERNATIVES (377), serializing TextureAlternatives
🔍 Primitive - Version: 880 (0x370), Position before Material: 457873
🔍 Primitive - Version >= MESH_TEXTURE_ALTERNATIVES (377), serializing TextureAlternatives
🔍 Primitive - Version: 880 (0x370), Position before Material: 457925
🔍 Primitive - Version >= MESH_TEXTURE_ALTERNATIVES (377), serializing TextureAlternatives
🔍 Primitive - Version: 880 (0x370), Position before Material: 457978
🔍 Primitive - Version >= MESH_TEXTURE_ALTERNATIVES (377), serializing TextureAlternatives
🔍 Primitive - Version: 880 (0x370), Position before Material: 458009
🔍 Primitive - Version >= MESH_TEXTURE_ALTERNATIVES (377), serializing TextureAlternatives
🔍 Primitive - Version: 880 (0x370), Position before Material: 458045
🔍 Primitive - Version >= MESH_TEXTURE_ALTERNATIVES (377), serializing TextureAlternatives
🔍 Primitive - Version: 880 (0x370), Position before Material: 458081
🔍 Primitive - Version >= MESH_TEXTURE_ALTERNATIVES (377), serializing TextureAlternatives
🔍 Primitive - Version: 880 (0x370), Position before Material: 458132
🔍 Primitive - Version >= MESH_TEXTURE_ALTERNATIVES (377), serializing TextureAlternatives
🔍 Primitive - Version: 880 (0x370), Position before Material: 458169
🔍 Primitive - Version >= MESH_TEXTURE_ALTERNATIVES (377), serializing TextureAlternatives
🔍 Primitive - Version: 880 (0x370), Position before Material: 458203
🔍 Primitive - Version >= MESH_TEXTURE_ALTERNATIVES (377), serializing TextureAlternatives
🔍 Primitive - Version: 880 (0x370), Position before Material: 458221
🔍 Primitive - Version >= MESH_TEXTURE_ALTERNATIVES (377), serializing TextureAlternatives
🔍 Primitive - Version: 880 (0x370), Position before Material: 458233
🔍 Primitive - Version >= MESH_TEXTURE_ALTERNATIVES (377), serializing TextureAlternatives
🔍 Primitive - Version: 880 (0x370), Position before Material: 458265
🔍 Primitive - Version >= MESH_TEXTURE_ALTERNATIVES (377), serializing TextureAlternatives
🔍 Primitive - Version: 880 (0x370), Position before Material: 458300
🔍 Primitive - Version >= MESH_TEXTURE_ALTERNATIVES (377), serializing TextureAlternatives
🔍 Primitive - Version: 880 (0x370), Position before Material: 458332
🔍 Primitive - Version >= MESH_TEXTURE_ALTERNATIVES (377), serializing TextureAlternatives
🔍 Primitive - Version: 880 (0x370), Position before Material: 458363
🔍 Primitive - Version >= MESH_TEXTURE_ALTERNATIVES (377), serializing TextureAlternatives
🔍 Primitive - Version: 880 (0x370), Position before Material: 458418
🔍 Primitive - Version >= MESH_TEXTURE_ALTERNATIVES (377), serializing TextureAlternatives
🔍 Primitive - Version: 880 (0x370), Position before Material: 458433
🔍 Primitive - Version >= MESH_TEXTURE_ALTERNATIVES (377), serializing TextureAlternatives
🔍 Primitive - Version: 880 (0x370), Position before Material: 458468
🔍 Primitive - Version >= MESH_TEXTURE_ALTERNATIVES (377), serializing TextureAlternatives
🔍 Primitive - Version: 880 (0x370), Position before Material: 458502
🔍 Primitive - Version >= MESH_TEXTURE_ALTERNATIVES (377), serializing TextureAlternatives
🔍 Primitive - Version: 880 (0x370), Position before Material: 458553
🔍 Primitive - Version >= MESH_TEXTURE_ALTERNATIVES (377), serializing TextureAlternatives
🔍 Primitive - Version: 880 (0x370), Position before Material: 458588
🔍 Primitive - Version >= MESH_TEXTURE_ALTERNATIVES (377), serializing TextureAlternatives
🔍 Primitive - Version: 880 (0x370), Position before Material: 458621
🔍 Primitive - Version >= MESH_TEXTURE_ALTERNATIVES (377), serializing TextureAlternatives
🔍 Primitive - Version: 880 (0x370), Position before Material: 458656
🔍 Primitive - Version >= MESH_TEXTURE_ALTERNATIVES (377), serializing TextureAlternatives
🔍 Primitive - Version: 880 (0x370), Position before Material: 458708
🔍 Primitive - Version >= MESH_TEXTURE_ALTERNATIVES (377), serializing TextureAlternatives
🔍 Primitive - Version: 880 (0x370), Position before Material: 458741
🔍 Primitive - Version >= MESH_TEXTURE_ALTERNATIVES (377), serializing TextureAlternatives
🔍 Primitive - Version: 880 (0x370), Position before Material: 458756
🔍 Primitive - Version >= MESH_TEXTURE_ALTERNATIVES (377), serializing TextureAlternatives
🔍 Primitive - Version: 880 (0x370), Position before Material: 458793
🔍 Primitive - Version >= MESH_TEXTURE_ALTERNATIVES (377), serializing TextureAlternatives
🔍 Primitive - Version: 880 (0x370), Position before Material: 458848
🔍 Primitive - Version >= MESH_TEXTURE_ALTERNATIVES (377), serializing TextureAlternatives
🔍 Primitive - Version: 880 (0x370), Position before Material: 458900
🔍 Primitive - Version >= MESH_TEXTURE_ALTERNATIVES (377), serializing TextureAlternatives
🔍 Primitive - Version: 880 (0x370), Position before Material: 458957
🔍 Primitive - Version >= MESH_TEXTURE_ALTERNATIVES (377), serializing TextureAlternatives
🔍 Primitive - Version: 880 (0x370), Position before Material: 458972
🔍 Primitive - Version >= MESH_TEXTURE_ALTERNATIVES (377), serializing TextureAlternatives
🔍 Primitive - Version: 880 (0x370), Position before Material: 459010
🔍 Primitive - Version >= MESH_TEXTURE_ALTERNATIVES (377), serializing TextureAlternatives
🔍 Primitive - Version: 880 (0x370), Position before Material: 459027
🔍 Primitive - Version >= MESH_TEXTURE_ALTERNATIVES (377), serializing TextureAlternatives
🔍 Primitive - Version: 880 (0x370), Position before Material: 459060
🔍 Primitive - Version >= MESH_TEXTURE_ALTERNATIVES (377), serializing TextureAlternatives
🔍 Primitive - Version: 880 (0x370), Position before Material: 459097
🔍 Primitive - Version >= MESH_TEXTURE_ALTERNATIVES (377), serializing TextureAlternatives
🔍 Primitive - Version: 880 (0x370), Position before Material: 459130
🔍 Primitive - Version >= MESH_TEXTURE_ALTERNATIVES (377), serializing TextureAlternatives
🔍 Primitive - Version: 880 (0x370), Position before Material: 459189
🔍 Primitive - Version >= MESH_TEXTURE_ALTERNATIVES (377), serializing TextureAlternatives
🔍 Primitive - Version: 880 (0x370), Position before Material: 459204
🔍 Primitive - Version >= MESH_TEXTURE_ALTERNATIVES (377), serializing TextureAlternatives
🔍 Primitive - Version: 880 (0x370), Position before Material: 459219
🔍 Primitive - Version >= MESH_TEXTURE_ALTERNATIVES (377), serializing TextureAlternatives
🔍 Primitive - Version: 880 (0x370), Position before Material: 459254
🔍 Primitive - Version >= MESH_TEXTURE_ALTERNATIVES (377), serializing TextureAlternatives
🔍 Primitive - Version: 880 (0x370), Position before Material: 459309
🔍 Primitive - Version >= MESH_TEXTURE_ALTERNATIVES (377), serializing TextureAlternatives
🔍 Primitive - Version: 880 (0x370), Position before Material: 459342
🔍 Primitive - Version >= MESH_TEXTURE_ALTERNATIVES (377), serializing TextureAlternatives
🔍 Primitive - Version: 880 (0x370), Position before Material: 459395
🔍 Primitive - Version >= MESH_TEXTURE_ALTERNATIVES (377), serializing TextureAlternatives
🔍 Primitive - Version: 880 (0x370), Position before Material: 459449
🔍 Primitive - Version >= MESH_TEXTURE_ALTERNATIVES (377), serializing TextureAlternatives
🔍 Primitive - Version: 880 (0x370), Position before Material: 459499
🔍 Primitive - Version >= MESH_TEXTURE_ALTERNATIVES (377), serializing TextureAlternatives
🔍 Primitive - Version: 880 (0x370), Position before Material: 459554
🔍 Primitive - Version >= MESH_TEXTURE_ALTERNATIVES (377), serializing TextureAlternatives
🔍 Primitive - Version: 880 (0x370), Position before Material: 459586
🔍 Primitive - Version >= MESH_TEXTURE_ALTERNATIVES (377), serializing TextureAlternatives
🔍 Primitive - Version: 880 (0x370), Position before Material: 459602
🔍 Primitive - Version >= MESH_TEXTURE_ALTERNATIVES (377), serializing TextureAlternatives
🔍 Primitive - Version: 880 (0x370), Position before Material: 459636
🔍 Primitive - Version >= MESH_TEXTURE_ALTERNATIVES (377), serializing TextureAlternatives
🔍 Primitive - Version: 880 (0x370), Position before Material: 459648
🔍 Primitive - Version >= MESH_TEXTURE_ALTERNATIVES (377), serializing TextureAlternatives
🔍 Primitive - Version: 880 (0x370), Position before Material: 459679
🔍 Primitive - Version >= MESH_TEXTURE_ALTERNATIVES (377), serializing TextureAlternatives
🔍 Primitive - Version: 880 (0x370), Position before Material: 459732
🔍 Primitive - Version >= MESH_TEXTURE_ALTERNATIVES (377), serializing TextureAlternatives
🔍 Primitive - Version: 880 (0x370), Position before Material: 459765
🔍 Primitive - Version >= MESH_TEXTURE_ALTERNATIVES (377), serializing TextureAlternatives
🔍 Primitive - Version: 880 (0x370), Position before Material: 459801
🔍 Primitive - Version >= MESH_TEXTURE_ALTERNATIVES (377), serializing TextureAlternatives
🔍 Primitive - Version: 880 (0x370), Position before Material: 459833
🔍 Primitive - Version >= MESH_TEXTURE_ALTERNATIVES (377), serializing TextureAlternatives
🔍 Primitive - Version: 880 (0x370), Position before Material: 459885
🔍 Primitive - Version >= MESH_TEXTURE_ALTERNATIVES (377), serializing TextureAlternatives
🔍 Primitive - Version: 880 (0x370), Position before Material: 459921
🔍 Primitive - Version >= MESH_TEXTURE_ALTERNATIVES (377), serializing TextureAlternatives
🔍 Primitive - Version: 880 (0x370), Position before Material: 459953
🔍 Primitive - Version >= MESH_TEXTURE_ALTERNATIVES (377), serializing TextureAlternatives
🔍 Primitive - Version: 880 (0x370), Position before Material: 460009
🔍 Primitive - Version >= MESH_TEXTURE_ALTERNATIVES (377), serializing TextureAlternatives
🔍 Primitive - Version: 880 (0x370), Position before Material: 460041
🔍 Primitive - Version >= MESH_TEXTURE_ALTERNATIVES (377), serializing TextureAlternatives
🔍 Primitive - Version: 880 (0x370), Position before Material: 460058
🔍 Primitive - Version >= MESH_TEXTURE_ALTERNATIVES (377), serializing TextureAlternatives
🔍 Primitive - Version: 880 (0x370), Position before Material: 460073
🔍 Primitive - Version >= MESH_TEXTURE_ALTERNATIVES (377), serializing TextureAlternatives
🔍 Primitive - Version: 880 (0x370), Position before Material: 460129
🔍 Primitive - Version >= MESH_TEXTURE_ALTERNATIVES (377), serializing TextureAlternatives
🔍 Primitive - Version: 880 (0x370), Position before Material: 460141
🔍 Primitive - Version >= MESH_TEXTURE_ALTERNATIVES (377), serializing TextureAlternatives
🔍 Primitive - Version: 880 (0x370), Position before Material: 460178
🔍 Primitive - Version >= MESH_TEXTURE_ALTERNATIVES (377), serializing TextureAlternatives
🔍 Primitive - Version: 880 (0x370), Position before Material: 460210
🔍 Primitive - Version >= MESH_TEXTURE_ALTERNATIVES (377), serializing TextureAlternatives
🔍 Primitive - Version: 880 (0x370), Position before Material: 460265
🔍 Primitive - Version >= MESH_TEXTURE_ALTERNATIVES (377), serializing TextureAlternatives
🔍 Primitive - Version: 880 (0x370), Position before Material: 460319
🔍 Primitive - Version >= MESH_TEXTURE_ALTERNATIVES (377), serializing TextureAlternatives
🔍 Primitive - Version: 880 (0x370), Position before Material: 460331
🔍 Primitive - Version >= MESH_TEXTURE_ALTERNATIVES (377), serializing TextureAlternatives
🔍 Primitive - Version: 880 (0x370), Position before Material: 460362
🔍 Primitive - Version >= MESH_TEXTURE_ALTERNATIVES (377), serializing TextureAlternatives
🔍 Primitive - Version: 880 (0x370), Position before Material: 460380
🔍 Primitive - Version >= MESH_TEXTURE_ALTERNATIVES (377), serializing TextureAlternatives
🔍 Primitive - Version: 880 (0x370), Position before Material: 460413
🔍 Primitive - Version >= MESH_TEXTURE_ALTERNATIVES (377), serializing TextureAlternatives
🔍 Primitive - Version: 880 (0x370), Position before Material: 460426
🔍 Primitive - Version >= MESH_TEXTURE_ALTERNATIVES (377), serializing TextureAlternatives
🔍 Primitive - Version: 880 (0x370), Position before Material: 460483
🔍 Primitive - Version >= MESH_TEXTURE_ALTERNATIVES (377), serializing TextureAlternatives
🔍 Primitive - Version: 880 (0x370), Position before Material: 460515
🔍 Primitive - Version >= MESH_TEXTURE_ALTERNATIVES (377), serializing TextureAlternatives
🔍 Primitive - Version: 880 (0x370), Position before Material: 460549
🔍 Primitive - Version >= MESH_TEXTURE_ALTERNATIVES (377), serializing TextureAlternatives
🔍 Primitive - Version: 880 (0x370), Position before Material: 460601
🔍 Primitive - Version >= MESH_TEXTURE_ALTERNATIVES (377), serializing TextureAlternatives
🔍 Primitive - Version: 880 (0x370), Position before Material: 460651
🔍 Primitive - Version >= MESH_TEXTURE_ALTERNATIVES (377), serializing TextureAlternatives
🔍 Primitive - Version: 880 (0x370), Position before Material: 460683
🔍 Primitive - Version >= MESH_TEXTURE_ALTERNATIVES (377), serializing TextureAlternatives
🔍 Primitive - Version: 880 (0x370), Position before Material: 460715
🔍 Primitive - Version >= MESH_TEXTURE_ALTERNATIVES (377), serializing TextureAlternatives
🔍 Primitive - Version: 880 (0x370), Position before Material: 460745
🔍 Primitive - Version >= MESH_TEXTURE_ALTERNATIVES (377), serializing TextureAlternatives
🔍 Primitive - Version: 880 (0x370), Position before Material: 460798
🔍 Primitive - Version >= MESH_TEXTURE_ALTERNATIVES (377), serializing TextureAlternatives
🔍 Primitive - Version: 880 (0x370), Position before Material: 460850
🔍 Primitive - Version >= MESH_TEXTURE_ALTERNATIVES (377), serializing TextureAlternatives
🔍 Primitive - Version: 880 (0x370), Position before Material: 460862
🔍 Primitive - Version >= MESH_TEXTURE_ALTERNATIVES (377), serializing TextureAlternatives
🔍 Primitive - Version: 880 (0x370), Position before Material: 460895
🔍 Primitive - Version >= MESH_TEXTURE_ALTERNATIVES (377), serializing TextureAlternatives
🔍 Primitive - Version: 880 (0x370), Position before Material: 460931
🔍 Primitive - Version >= MESH_TEXTURE_ALTERNATIVES (377), serializing TextureAlternatives
🔍 Primitive - Version: 880 (0x370), Position before Material: 460984
🔍 Primitive - Version >= MESH_TEXTURE_ALTERNATIVES (377), serializing TextureAlternatives
🔍 Primitive - Version: 880 (0x370), Position before Material: 461015
🔍 Primitive - Version >= MESH_TEXTURE_ALTERNATIVES (377), serializing TextureAlternatives
🔍 Primitive - Version: 880 (0x370), Position before Material: 461052
🔍 Primitive - Version >= MESH_TEXTURE_ALTERNATIVES (377), serializing TextureAlternatives
🔍 Primitive - Version: 880 (0x370), Position before Material: 461103
🔍 Primitive - Version >= MESH_TEXTURE_ALTERNATIVES (377), serializing TextureAlternatives
🔍 Primitive - Version: 880 (0x370), Position before Material: 461118
🔍 Primitive - Version >= MESH_TEXTURE_ALTERNATIVES (377), serializing TextureAlternatives
🔍 Primitive - Version: 880 (0x370), Position before Material: 461153
🔍 Primitive - Version >= MESH_TEXTURE_ALTERNATIVES (377), serializing TextureAlternatives
🔍 Primitive - Version: 880 (0x370), Position before Material: 461203
🔍 Primitive - Version >= MESH_TEXTURE_ALTERNATIVES (377), serializing TextureAlternatives
🔍 Primitive - Version: 880 (0x370), Position before Material: 461238
🔍 Primitive - Version >= MESH_TEXTURE_ALTERNATIVES (377), serializing TextureAlternatives
🔍 Primitive - Version: 880 (0x370), Position before Material: 461292
🔍 Primitive - Version >= MESH_TEXTURE_ALTERNATIVES (377), serializing TextureAlternatives
🔍 Primitive - Version: 880 (0x370), Position before Material: 461322
🔍 Primitive - Version >= MESH_TEXTURE_ALTERNATIVES (377), serializing TextureAlternatives
🔍 Primitive - Version: 880 (0x370), Position before Material: 461338
🔍 Primitive - Version >= MESH_TEXTURE_ALTERNATIVES (377), serializing TextureAlternatives
🔍 Primitive - Version: 880 (0x370), Position before Material: 461395
🔍 Primitive - Version >= MESH_TEXTURE_ALTERNATIVES (377), serializing TextureAlternatives
🔍 Primitive - Version: 880 (0x370), Position before Material: 461410
🔍 Primitive - Version >= MESH_TEXTURE_ALTERNATIVES (377), serializing TextureAlternatives
🔍 Primitive - Version: 880 (0x370), Position before Material: 461467
🔍 Primitive - Version >= MESH_TEXTURE_ALTERNATIVES (377), serializing TextureAlternatives
🔍 Primitive - Version: 880 (0x370), Position before Material: 461499
🔍 Primitive - Version >= MESH_TEXTURE_ALTERNATIVES (377), serializing TextureAlternatives
🔍 Primitive - Version: 880 (0x370), Position before Material: 461513
🔍 Primitive - Version >= MESH_TEXTURE_ALTERNATIVES (377), serializing TextureAlternatives
🔍 Primitive - Version: 880 (0x370), Position before Material: 461546
🔍 Primitive - Version >= MESH_TEXTURE_ALTERNATIVES (377), serializing TextureAlternatives
🔍 Primitive - Version: 880 (0x370), Position before Material: 461561
🔍 Primitive - Version >= MESH_TEXTURE_ALTERNATIVES (377), serializing TextureAlternatives
🔍 Primitive - Version: 880 (0x370), Position before Material: 461617
🔍 Primitive - Version >= MESH_TEXTURE_ALTERNATIVES (377), serializing TextureAlternatives
🔍 Primitive - Version: 880 (0x370), Position before Material: 461653
🔍 Primitive - Version >= MESH_TEXTURE_ALTERNATIVES (377), serializing TextureAlternatives
🔍 Primitive - Version: 880 (0x370), Position before Material: 461690
🔍 Primitive - Version >= MESH_TEXTURE_ALTERNATIVES (377), serializing TextureAlternatives
🔍 Primitive - Version: 880 (0x370), Position before Material: 461702
🔍 Primitive - Version >= MESH_TEXTURE_ALTERNATIVES (377), serializing TextureAlternatives
🔍 Primitive - Version: 880 (0x370), Position before Material: 461741
🔍 Primitive - Version >= MESH_TEXTURE_ALTERNATIVES (377), serializing TextureAlternatives
🔍 Primitive - Version: 880 (0x370), Position before Material: 461774
🔍 Primitive - Version >= MESH_TEXTURE_ALTERNATIVES (377), serializing TextureAlternatives
🔍 Primitive - Version: 880 (0x370), Position before Material: 461833
🔍 Primitive - Version >= MESH_TEXTURE_ALTERNATIVES (377), serializing TextureAlternatives
🔍 Primitive - Version: 880 (0x370), Position before Material: 461865
🔍 Primitive - Version >= MESH_TEXTURE_ALTERNATIVES (377), serializing TextureAlternatives
🔍 Primitive - Version: 880 (0x370), Position before Material: 461917
🔍 Primitive - Version >= MESH_TEXTURE_ALTERNATIVES (377), serializing TextureAlternatives
🔍 Primitive - Version: 880 (0x370), Position before Material: 461948
🔍 Primitive - Version >= MESH_TEXTURE_ALTERNATIVES (377), serializing TextureAlternatives
🔍 Primitive - Version: 880 (0x370), Position before Material: 461986
🔍 Primitive - Version >= MESH_TEXTURE_ALTERNATIVES (377), serializing TextureAlternatives
🔍 Primitive - Version: 880 (0x370), Position before Material: 462043
🔍 Primitive - Version >= MESH_TEXTURE_ALTERNATIVES (377), serializing TextureAlternatives
🔍 Primitive - Version: 880 (0x370), Position before Material: 462075
🔍 Primitive - Version >= MESH_TEXTURE_ALTERNATIVES (377), serializing TextureAlternatives
🔍 Primitive - Version: 880 (0x370), Position before Material: 462086
🔍 Primitive - Version >= MESH_TEXTURE_ALTERNATIVES (377), serializing TextureAlternatives
🔍 Primitive - Version: 880 (0x370), Position before Material: 462116
🔍 Primitive - Version >= MESH_TEXTURE_ALTERNATIVES (377), serializing TextureAlternatives
🔍 Primitive - Version: 880 (0x370), Position before Material: 462151
🔍 Primitive - Version >= MESH_TEXTURE_ALTERNATIVES (377), serializing TextureAlternatives
🔍 Primitive - Version: 880 (0x370), Position before Material: 462184
🔍 Primitive - Version >= MESH_TEXTURE_ALTERNATIVES (377), serializing TextureAlternatives
🔍 Primitive - Version: 880 (0x370), Position before Material: 462215
🔍 Primitive - Version >= MESH_TEXTURE_ALTERNATIVES (377), serializing TextureAlternatives
🔍 Primitive - Version: 880 (0x370), Position before Material: 462228
🔍 Primitive - Version >= MESH_TEXTURE_ALTERNATIVES (377), serializing TextureAlternatives
🔍 Primitive - Version: 880 (0x370), Position before Material: 462260
🔍 Primitive - Version >= MESH_TEXTURE_ALTERNATIVES (377), serializing TextureAlternatives
🔍 Primitive - Version: 880 (0x370), Position before Material: 462295
🔍 Primitive - Version >= MESH_TEXTURE_ALTERNATIVES (377), serializing TextureAlternatives
🔍 Primitive - Version: 880 (0x370), Position before Material: 462346
🔍 Primitive - Version >= MESH_TEXTURE_ALTERNATIVES (377), serializing TextureAlternatives
🔍 Primitive - Version: 880 (0x370), Position before Material: 462403
🔍 Primitive - Version >= MESH_TEXTURE_ALTERNATIVES (377), serializing TextureAlternatives
🔍 Primitive - Version: 880 (0x370), Position before Material: 462458
🔍 Primitive - Version >= MESH_TEXTURE_ALTERNATIVES (377), serializing TextureAlternatives
🔍 Primitive - Version: 880 (0x370), Position before Material: 462468
🔍 Primitive - Version >= MESH_TEXTURE_ALTERNATIVES (377), serializing TextureAlternatives
🔍 Primitive - Version: 880 (0x370), Position before Material: 462522
🔍 Primitive - Version >= MESH_TEXTURE_ALTERNATIVES (377), serializing TextureAlternatives
🔍 Primitive - Version: 880 (0x370), Position before Material: 462556
🔍 Primitive - Version >= MESH_TEXTURE_ALTERNATIVES (377), serializing TextureAlternatives
🔍 Primitive - Version: 880 (0x370), Position before Material: 462593
🔍 Primitive - Version >= MESH_TEXTURE_ALTERNATIVES (377), serializing TextureAlternatives
🔍 Primitive - Version: 880 (0x370), Position before Material: 462649
🔍 Primitive - Version >= MESH_TEXTURE_ALTERNATIVES (377), serializing TextureAlternatives
🔍 Primitive - Version: 880 (0x370), Position before Material: 462661
🔍 Primitive - Version >= MESH_TEXTURE_ALTERNATIVES (377), serializing TextureAlternatives
🔍 Primitive - Version: 880 (0x370), Position before Material: 462674
🔍 Primitive - Version >= MESH_TEXTURE_ALTERNATIVES (377), serializing TextureAlternatives
🔍 Primitive - Version: 880 (0x370), Position before Material: 462709
🔍 Primitive - Version >= MESH_TEXTURE_ALTERNATIVES (377), serializing TextureAlternatives
🔍 Primitive - Version: 880 (0x370), Position before Material: 462742
🔍 Primitive - Version >= MESH_TEXTURE_ALTERNATIVES (377), serializing TextureAlternatives
🔍 Primitive - Version: 880 (0x370), Position before Material: 462759
🔍 Primitive - Version >= MESH_TEXTURE_ALTERNATIVES (377), serializing TextureAlternatives
🔍 Primitive - Version: 880 (0x370), Position before Material: 462795
🔍 Primitive - Version >= MESH_TEXTURE_ALTERNATIVES (377), serializing TextureAlternatives
🔍 Primitive - Version: 880 (0x370), Position before Material: 462811
🔍 Primitive - Version >= MESH_TEXTURE_ALTERNATIVES (377), serializing TextureAlternatives
🔍 Primitive - Version: 880 (0x370), Position before Material: 462842
🔍 Primitive - Version >= MESH_TEXTURE_ALTERNATIVES (377), serializing TextureAlternatives
🔍 Primitive - Version: 880 (0x370), Position before Material: 462874
🔍 Primitive - Version >= MESH_TEXTURE_ALTERNATIVES (377), serializing TextureAlternatives
🔍 Primitive - Version: 880 (0x370), Position before Material: 462930
🔍 Primitive - Version >= MESH_TEXTURE_ALTERNATIVES (377), serializing TextureAlternatives
🔍 Primitive - Version: 880 (0x370), Position before Material: 462982
🔍 Primitive - Version >= MESH_TEXTURE_ALTERNATIVES (377), serializing TextureAlternatives
🔍 Primitive - Version: 880 (0x370), Position before Material: 463014
🔍 Primitive - Version >= MESH_TEXTURE_ALTERNATIVES (377), serializing TextureAlternatives
🔍 Primitive - Version: 880 (0x370), Position before Material: 463045
🔍 Primitive - Version >= MESH_TEXTURE_ALTERNATIVES (377), serializing TextureAlternatives
🔍 Primitive - Version: 880 (0x370), Position before Material: 463058
🔍 Primitive - Version >= MESH_TEXTURE_ALTERNATIVES (377), serializing TextureAlternatives
🔍 Primitive - Version: 880 (0x370), Position before Material: 463070
🔍 Primitive - Version >= MESH_TEXTURE_ALTERNATIVES (377), serializing TextureAlternatives
🔍 Primitive - Version: 880 (0x370), Position before Material: 463105
🔍 Primitive - Version >= MESH_TEXTURE_ALTERNATIVES (377), serializing TextureAlternatives
🔍 Primitive - Version: 880 (0x370), Position before Material: 463137
🔍 Primitive - Version >= MESH_TEXTURE_ALTERNATIVES (377), serializing TextureAlternatives
🔍 Primitive - Version: 880 (0x370), Position before Material: 463190
🔍 Primitive - Version >= MESH_TEXTURE_ALTERNATIVES (377), serializing TextureAlternatives
🔍 Primitive - Version: 880 (0x370), Position before Material: 463225
🔍 Primitive - Version >= MESH_TEXTURE_ALTERNATIVES (377), serializing TextureAlternatives
🔍 Primitive - Version: 880 (0x370), Position before Material: 463261
🔍 Primitive - Version >= MESH_TEXTURE_ALTERNATIVES (377), serializing TextureAlternatives
🔍 Primitive - Version: 880 (0x370), Position before Material: 463314
🔍 Primitive - Version >= MESH_TEXTURE_ALTERNATIVES (377), serializing TextureAlternatives
🔍 Primitive - Version: 880 (0x370), Position before Material: 463369
🔍 Primitive - Version >= MESH_TEXTURE_ALTERNATIVES (377), serializing TextureAlternatives
🔍 Primitive - Version: 880 (0x370), Position before Material: 463382
🔍 Primitive - Version >= MESH_TEXTURE_ALTERNATIVES (377), serializing TextureAlternatives
🔍 Primitive - Version: 880 (0x370), Position before Material: 463419
🔍 Primitive - Version >= MESH_TEXTURE_ALTERNATIVES (377), serializing TextureAlternatives
🔍 Primitive - Version: 880 (0x370), Position before Material: 463453
🔍 Primitive - Version >= MESH_TEXTURE_ALTERNATIVES (377), serializing TextureAlternatives
🔍 Primitive - Version: 880 (0x370), Position before Material: 463506
🔍 Primitive - Version >= MESH_TEXTURE_ALTERNATIVES (377), serializing TextureAlternatives
🔍 Primitive - Version: 880 (0x370), Position before Material: 463558
🔍 Primitive - Version >= MESH_TEXTURE_ALTERNATIVES (377), serializing TextureAlternatives
🔍 Primitive - Version: 880 (0x370), Position before Material: 463572
🔍 Primitive - Version >= MESH_TEXTURE_ALTERNATIVES (377), serializing TextureAlternatives
🔍 Primitive - Version: 880 (0x370), Position before Material: 463623
🔍 Primitive - Version >= MESH_TEXTURE_ALTERNATIVES (377), serializing TextureAlternatives
🔍 Primitive - Version: 880 (0x370), Position before Material: 463659
🔍 Primitive - Version >= MESH_TEXTURE_ALTERNATIVES (377), serializing TextureAlternatives
🔍 Primitive - Version: 880 (0x370), Position before Material: 463695
🔍 Primitive - Version >= MESH_TEXTURE_ALTERNATIVES (377), serializing TextureAlternatives
🔍 Primitive - Version: 880 (0x370), Position before Material: 463729
🔍 Primitive - Version >= MESH_TEXTURE_ALTERNATIVES (377), serializing TextureAlternatives
🔍 Primitive - Version: 880 (0x370), Position before Material: 463762
🔍 Primitive - Version >= MESH_TEXTURE_ALTERNATIVES (377), serializing TextureAlternatives
🔍 Primitive - Version: 880 (0x370), Position before Material: 463777
🔍 Primitive - Version >= MESH_TEXTURE_ALTERNATIVES (377), serializing TextureAlternatives
🔍 Primitive - Version: 880 (0x370), Position before Material: 463789
🔍 Primitive - Version >= MESH_TEXTURE_ALTERNATIVES (377), serializing TextureAlternatives
🔍 Primitive - Version: 880 (0x370), Position before Material: 463805
🔍 Primitive - Version >= MESH_TEXTURE_ALTERNATIVES (377), serializing TextureAlternatives
🔍 Primitive - Version: 880 (0x370), Position before Material: 463840
🔍 Primitive - Version >= MESH_TEXTURE_ALTERNATIVES (377), serializing TextureAlternatives
🔍 Primitive - Version: 880 (0x370), Position before Material: 463896
🔍 Primitive - Version >= MESH_TEXTURE_ALTERNATIVES (377), serializing TextureAlternatives
🔍 Primitive - Version: 880 (0x370), Position before Material: 463932
🔍 Primitive - Version >= MESH_TEXTURE_ALTERNATIVES (377), serializing TextureAlternatives
🔍 Primitive - Version: 880 (0x370), Position before Material: 463969
🔍 Primitive - Version >= MESH_TEXTURE_ALTERNATIVES (377), serializing TextureAlternatives
🔍 Primitive - Version: 880 (0x370), Position before Material: 464003
🔍 Primitive - Version >= MESH_TEXTURE_ALTERNATIVES (377), serializing TextureAlternatives
🔍 Primitive - Version: 880 (0x370), Position before Material: 464021
🔍 Primitive - Version >= MESH_TEXTURE_ALTERNATIVES (377), serializing TextureAlternatives
🔍 Primitive - Version: 880 (0x370), Position before Material: 464034
🔍 Primitive - Version >= MESH_TEXTURE_ALTERNATIVES (377), serializing TextureAlternatives
🔍 Primitive - Version: 880 (0x370), Position before Material: 464047
🔍 Primitive - Version >= MESH_TEXTURE_ALTERNATIVES (377), serializing TextureAlternatives
🔍 Primitive - Version: 880 (0x370), Position before Material: 464101
🔍 Primitive - Version >= MESH_TEXTURE_ALTERNATIVES (377), serializing TextureAlternatives
🔍 Primitive - Version: 880 (0x370), Position before Material: 464132
🔍 Primitive - Version >= MESH_TEXTURE_ALTERNATIVES (377), serializing TextureAlternatives
🔍 Primitive - Version: 880 (0x370), Position before Material: 464148
🔍 Primitive - Version >= MESH_TEXTURE_ALTERNATIVES (377), serializing TextureAlternatives
🔍 Primitive - Version: 880 (0x370), Position before Material: 464180
🔍 Primitive - Version >= MESH_TEXTURE_ALTERNATIVES (377), serializing TextureAlternatives
🔍 Primitive - Version: 880 (0x370), Position before Material: 464193
🔍 Primitive - Version >= MESH_TEXTURE_ALTERNATIVES (377), serializing TextureAlternatives
🔍 Primitive - Version: 880 (0x370), Position before Material: 464245
🔍 Primitive - Version >= MESH_TEXTURE_ALTERNATIVES (377), serializing TextureAlternatives
🔍 Primitive - Version: 880 (0x370), Position before Material: 464279
🔍 Primitive - Version >= MESH_TEXTURE_ALTERNATIVES (377), serializing TextureAlternatives
🔍 Primitive - Version: 880 (0x370), Position before Material: 464296
🔍 Primitive - Version >= MESH_TEXTURE_ALTERNATIVES (377), serializing TextureAlternatives
🔍 Primitive - Version: 880 (0x370), Position before Material: 464327
🔍 Primitive - Version >= MESH_TEXTURE_ALTERNATIVES (377), serializing TextureAlternatives
🔍 Primitive - Version: 880 (0x370), Position before Material: 464344
🔍 Primitive - Version >= MESH_TEXTURE_ALTERNATIVES (377), serializing TextureAlternatives
🔍 Primitive - Version: 880 (0x370), Position before Material: 464375
🔍 Primitive - Version >= MESH_TEXTURE_ALTERNATIVES (377), serializing TextureAlternatives
🔍 Primitive - Version: 880 (0x370), Position before Material: 464386
🔍 Primitive - Version >= MESH_TEXTURE_ALTERNATIVES (377), serializing TextureAlternatives
🔍 Primitive - Version: 880 (0x370), Position before Material: 464418
🔍 Primitive - Version >= MESH_TEXTURE_ALTERNATIVES (377), serializing TextureAlternatives
🔍 Primitive - Version: 880 (0x370), Position before Material: 464430
🔍 Primitive - Version >= MESH_TEXTURE_ALTERNATIVES (377), serializing TextureAlternatives
🔍 Primitive - Version: 880 (0x370), Position before Material: 464440
🔍 Primitive - Version >= MESH_TEXTURE_ALTERNATIVES (377), serializing TextureAlternatives
🔍 Primitive - Version: 880 (0x370), Position before Material: 464491
🔍 Primitive - Version >= MESH_TEXTURE_ALTERNATIVES (377), serializing TextureAlternatives
🔍 Primitive - Version: 880 (0x370), Position before Material: 464506
🔍 Primitive - Version >= MESH_TEXTURE_ALTERNATIVES (377), serializing TextureAlternatives
🔍 Primitive - Version: 880 (0x370), Position before Material: 464522
🔍 Primitive - Version >= MESH_TEXTURE_ALTERNATIVES (377), serializing TextureAlternatives
🔍 Primitive - Version: 880 (0x370), Position before Material: 464533
🔍 Primitive - Version >= MESH_TEXTURE_ALTERNATIVES (377), serializing TextureAlternatives
🔍 Primitive - Version: 880 (0x370), Position before Material: 464567
🔍 Primitive - Version >= MESH_TEXTURE_ALTERNATIVES (377), serializing TextureAlternatives
🔍 Primitive - Version: 880 (0x370), Position before Material: 464581
🔍 Primitive - Version >= MESH_TEXTURE_ALTERNATIVES (377), serializing TextureAlternatives
🔍 Primitive - Version: 880 (0x370), Position before Material: 464612
🔍 Primitive - Version >= MESH_TEXTURE_ALTERNATIVES (377), serializing TextureAlternatives
🔍 Primitive - Version: 880 (0x370), Position before Material: 464625
🔍 Primitive - Version >= MESH_TEXTURE_ALTERNATIVES (377), serializing TextureAlternatives
🔍 Primitive - Version: 880 (0x370), Position before Material: 464636
🔍 Primitive - Version >= MESH_TEXTURE_ALTERNATIVES (377), serializing TextureAlternatives
🔍 Primitive - Version: 880 (0x370), Position before Material: 464670
🔍 Primitive - Version >= MESH_TEXTURE_ALTERNATIVES (377), serializing TextureAlternatives
🔍 Primitive - Version: 880 (0x370), Position before Material: 464721
🔍 Primitive - Version >= MESH_TEXTURE_ALTERNATIVES (377), serializing TextureAlternatives
🔍 Primitive - Version: 880 (0x370), Position before Material: 464752
🔍 Primitive - Version >= MESH_TEXTURE_ALTERNATIVES (377), serializing TextureAlternatives
🔍 Primitive - Version: 880 (0x370), Position before Material: 464766
🔍 Primitive - Version >= MESH_TEXTURE_ALTERNATIVES (377), serializing TextureAlternatives
🔍 Primitive - Version: 880 (0x370), Position before Material: 464798
🔍 Primitive - Version >= MESH_TEXTURE_ALTERNATIVES (377), serializing TextureAlternatives
🔍 Primitive - Version: 880 (0x370), Position before Material: 464830
🔍 Primitive - Version >= MESH_TEXTURE_ALTERNATIVES (377), serializing TextureAlternatives
🔍 Primitive - Version: 880 (0x370), Position before Material: 464842
🔍 Primitive - Version >= MESH_TEXTURE_ALTERNATIVES (377), serializing TextureAlternatives
🔍 Primitive - Version: 880 (0x370), Position before Material: 464878
🔍 Primitive - Version >= MESH_TEXTURE_ALTERNATIVES (377), serializing TextureAlternatives
🔍 Primitive - Version: 880 (0x370), Position before Material: 464909
🔍 Primitive - Version >= MESH_TEXTURE_ALTERNATIVES (377), serializing TextureAlternatives
🔍 Primitive - Version: 880 (0x370), Position before Material: 464941
🔍 Primitive - Version >= MESH_TEXTURE_ALTERNATIVES (377), serializing TextureAlternatives
🔍 Primitive - Version: 880 (0x370), Position before Material: 464953
🔍 Primitive - Version >= MESH_TEXTURE_ALTERNATIVES (377), serializing TextureAlternatives
🔍 Primitive - Version: 880 (0x370), Position before Material: 464985
🔍 Primitive - Version >= MESH_TEXTURE_ALTERNATIVES (377), serializing TextureAlternatives
🔍 Primitive - Version: 880 (0x370), Position before Material: 464998
🔍 Primitive - Version >= MESH_TEXTURE_ALTERNATIVES (377), serializing TextureAlternatives
🔍 Primitive - Version: 880 (0x370), Position before Material: 465010
🔍 Primitive - Version >= MESH_TEXTURE_ALTERNATIVES (377), serializing TextureAlternatives
🔍 Primitive - Version: 880 (0x370), Position before Material: 465046
🔍 Primitive - Version >= MESH_TEXTURE_ALTERNATIVES (377), serializing TextureAlternatives
🔍 Primitive - Version: 880 (0x370), Position before Material: 465097
🔍 Primitive - Version >= MESH_TEXTURE_ALTERNATIVES (377), serializing TextureAlternatives
🔍 Primitive - Version: 880 (0x370), Position before Material: 465129
🔍 Primitive - Version >= MESH_TEXTURE_ALTERNATIVES (377), serializing TextureAlternatives
🔍 Primitive - Version: 880 (0x370), Position before Material: 465182
🔍 Primitive - Version >= MESH_TEXTURE_ALTERNATIVES (377), serializing TextureAlternatives
🔍 Primitive - Version: 880 (0x370), Position before Material: 465236
🔍 Primitive - Version >= MESH_TEXTURE_ALTERNATIVES (377), serializing TextureAlternatives
🔍 Primitive - Version: 880 (0x370), Position before Material: 465250
🔍 Primitive - Version >= MESH_TEXTURE_ALTERNATIVES (377), serializing TextureAlternatives
🔍 Primitive - Version: 880 (0x370), Position before Material: 465283
🔍 Primitive - Version >= MESH_TEXTURE_ALTERNATIVES (377), serializing TextureAlternatives
🔍 Primitive - Version: 880 (0x370), Position before Material: 465318
🔍 Primitive - Version >= MESH_TEXTURE_ALTERNATIVES (377), serializing TextureAlternatives
🔍 Primitive - Version: 880 (0x370), Position before Material: 465351
🔍 Primitive - Version >= MESH_TEXTURE_ALTERNATIVES (377), serializing TextureAlternatives
🔍 Primitive - Version: 880 (0x370), Position before Material: 465385
🔍 Primitive - Version >= MESH_TEXTURE_ALTERNATIVES (377), serializing TextureAlternatives
🔍 Primitive - Version: 880 (0x370), Position before Material: 465398
🔍 Primitive - Version >= MESH_TEXTURE_ALTERNATIVES (377), serializing TextureAlternatives
🔍 Primitive - Version: 880 (0x370), Position before Material: 465451
🔍 Primitive - Version >= MESH_TEXTURE_ALTERNATIVES (377), serializing TextureAlternatives
🔍 Primitive - Version: 880 (0x370), Position before Material: 465505
🔍 Primitive - Version >= MESH_TEXTURE_ALTERNATIVES (377), serializing TextureAlternatives
🔍 Primitive - Version: 880 (0x370), Position before Material: 465558
🔍 Primitive - Version >= MESH_TEXTURE_ALTERNATIVES (377), serializing TextureAlternatives
🔍 Primitive - Version: 880 (0x370), Position before Material: 465612
🔍 Primitive - Version >= MESH_TEXTURE_ALTERNATIVES (377), serializing TextureAlternatives
🔍 Primitive - Version: 880 (0x370), Position before Material: 465644
🔍 Primitive - Version >= MESH_TEXTURE_ALTERNATIVES (377), serializing TextureAlternatives
🔍 Primitive - Version: 880 (0x370), Position before Material: 465698
🔍 Primitive - Version >= MESH_TEXTURE_ALTERNATIVES (377), serializing TextureAlternatives
🔍 Primitive - Version: 880 (0x370), Position before Material: 465713
🔍 Primitive - Version >= MESH_TEXTURE_ALTERNATIVES (377), serializing TextureAlternatives
🔍 Primitive - Version: 880 (0x370), Position before Material: 465746
🔍 Primitive - Version >= MESH_TEXTURE_ALTERNATIVES (377), serializing TextureAlternatives
🔍 Primitive - Version: 880 (0x370), Position before Material: 465782
🔍 Primitive - Version >= MESH_TEXTURE_ALTERNATIVES (377), serializing TextureAlternatives
🔍 Primitive - Version: 880 (0x370), Position before Material: 465812
🔍 Primitive - Version >= MESH_TEXTURE_ALTERNATIVES (377), serializing TextureAlternatives
🔍 Primitive - Version: 880 (0x370), Position before Material: 465868
🔍 Primitive - Version >= MESH_TEXTURE_ALTERNATIVES (377), serializing TextureAlternatives
🔍 Primitive - Version: 880 (0x370), Position before Material: 465904
🔍 Primitive - Version >= MESH_TEXTURE_ALTERNATIVES (377), serializing TextureAlternatives
🔍 Primitive - Version: 880 (0x370), Position before Material: 465937
🔍 Primitive - Version >= MESH_TEXTURE_ALTERNATIVES (377), serializing TextureAlternatives
🔍 Primitive - Version: 880 (0x370), Position before Material: 465970
🔍 Primitive - Version >= MESH_TEXTURE_ALTERNATIVES (377), serializing TextureAlternatives
🔍 Primitive - Version: 880 (0x370), Position before Material: 465984
🔍 Primitive - Version >= MESH_TEXTURE_ALTERNATIVES (377), serializing TextureAlternatives
🔍 Primitive - Version: 880 (0x370), Position before Material: 465997
🔍 Primitive - Version >= MESH_TEXTURE_ALTERNATIVES (377), serializing TextureAlternatives
🔍 Primitive - Version: 880 (0x370), Position before Material: 466049
🔍 Primitive - Version >= MESH_TEXTURE_ALTERNATIVES (377), serializing TextureAlternatives
🔍 Primitive - Version: 880 (0x370), Position before Material: 466101
🔍 Primitive - Version >= MESH_TEXTURE_ALTERNATIVES (377), serializing TextureAlternatives
🔍 Primitive - Version: 880 (0x370), Position before Material: 466114
🔍 Primitive - Version >= MESH_TEXTURE_ALTERNATIVES (377), serializing TextureAlternatives
🔍 Primitive - Version: 880 (0x370), Position before Material: 466128
🔍 Primitive - Version >= MESH_TEXTURE_ALTERNATIVES (377), serializing TextureAlternatives
🔍 Primitive - Version: 880 (0x370), Position before Material: 466161
🔍 Primitive - Version >= MESH_TEXTURE_ALTERNATIVES (377), serializing TextureAlternatives
🔍 Primitive - Version: 880 (0x370), Position before Material: 466177
🔍 Primitive - Version >= MESH_TEXTURE_ALTERNATIVES (377), serializing TextureAlternatives
🔍 Primitive - Version: 880 (0x370), Position before Material: 466189
🔍 Primitive - Version >= MESH_TEXTURE_ALTERNATIVES (377), serializing TextureAlternatives
🔍 Primitive - Version: 880 (0x370), Position before Material: 466241
🔍 Primitive - Version >= MESH_TEXTURE_ALTERNATIVES (377), serializing TextureAlternatives
🔍 Primitive - Version: 880 (0x370), Position before Material: 466292
🔍 Primitive - Version >= MESH_TEXTURE_ALTERNATIVES (377), serializing TextureAlternatives
🔍 Primitive - Version: 880 (0x370), Position before Material: 466305
🔍 Primitive - Version >= MESH_TEXTURE_ALTERNATIVES (377), serializing TextureAlternatives
🔍 Primitive - Version: 880 (0x370), Position before Material: 466341
🔍 Primitive - Version >= MESH_TEXTURE_ALTERNATIVES (377), serializing TextureAlternatives
🔍 Primitive - Version: 880 (0x370), Position before Material: 466378
🔍 Primitive - Version >= MESH_TEXTURE_ALTERNATIVES (377), serializing TextureAlternatives
🔍 Primitive - Version: 880 (0x370), Position before Material: 466430
🔍 Primitive - Version >= MESH_TEXTURE_ALTERNATIVES (377), serializing TextureAlternatives
🔍 Primitive - Version: 880 (0x370), Position before Material: 466465
🔍 Primitive - Version >= MESH_TEXTURE_ALTERNATIVES (377), serializing TextureAlternatives
🔍 Primitive - Version: 880 (0x370), Position before Material: 466519
🔍 Primitive - Version >= MESH_TEXTURE_ALTERNATIVES (377), serializing TextureAlternatives
🔍 Primitive - Version: 880 (0x370), Position before Material: 466551
🔍 Primitive - Version >= MESH_TEXTURE_ALTERNATIVES (377), serializing TextureAlternatives
🔍 Primitive - Version: 880 (0x370), Position before Material: 466604
🔍 Primitive - Version >= MESH_TEXTURE_ALTERNATIVES (377), serializing TextureAlternatives
🔍 Primitive - Version: 880 (0x370), Position before Material: 466655
🔍 Primitive - Version >= MESH_TEXTURE_ALTERNATIVES (377), serializing TextureAlternatives
🔍 Primitive - Version: 880 (0x370), Position before Material: 466710
🔍 Primitive - Version >= MESH_TEXTURE_ALTERNATIVES (377), serializing TextureAlternatives
🔍 Primitive - Version: 880 (0x370), Position before Material: 466725
🔍 Primitive - Version >= MESH_TEXTURE_ALTERNATIVES (377), serializing TextureAlternatives
🔍 Primitive - Version: 880 (0x370), Position before Material: 466777
🔍 Primitive - Version >= MESH_TEXTURE_ALTERNATIVES (377), serializing TextureAlternatives
🔍 Primitive - Version: 880 (0x370), Position before Material: 466789
🔍 Primitive - Version >= MESH_TEXTURE_ALTERNATIVES (377), serializing TextureAlternatives
🔍 Primitive - Version: 880 (0x370), Position before Material: 466821
🔍 Primitive - Version >= MESH_TEXTURE_ALTERNATIVES (377), serializing TextureAlternatives
🔍 Primitive - Version: 880 (0x370), Position before Material: 466871
🔍 Primitive - Version >= MESH_TEXTURE_ALTERNATIVES (377), serializing TextureAlternatives
🔍 Primitive - Version: 880 (0x370), Position before Material: 466929
🔍 Primitive - Version >= MESH_TEXTURE_ALTERNATIVES (377), serializing TextureAlternatives
🔍 Primitive - Version: 880 (0x370), Position before Material: 466960
🔍 Primitive - Version >= MESH_TEXTURE_ALTERNATIVES (377), serializing TextureAlternatives
🔍 Primitive - Version: 880 (0x370), Position before Material: 467012
🔍 Primitive - Version >= MESH_TEXTURE_ALTERNATIVES (377), serializing TextureAlternatives
🔍 Primitive - Version: 880 (0x370), Position before Material: 467045
🔍 Primitive - Version >= MESH_TEXTURE_ALTERNATIVES (377), serializing TextureAlternatives
🔍 Primitive - Version: 880 (0x370), Position before Material: 467082
🔍 Primitive - Version >= MESH_TEXTURE_ALTERNATIVES (377), serializing TextureAlternatives
🔍 Primitive - Version: 880 (0x370), Position before Material: 467134
🔍 Primitive - Version >= MESH_TEXTURE_ALTERNATIVES (377), serializing TextureAlternatives
🔍 Primitive - Version: 880 (0x370), Position before Material: 467145
🔍 Primitive - Version >= MESH_TEXTURE_ALTERNATIVES (377), serializing TextureAlternatives
🔍 Primitive - Version: 880 (0x370), Position before Material: 467177
🔍 Primitive - Version >= MESH_TEXTURE_ALTERNATIVES (377), serializing TextureAlternatives
🔍 Primitive - Version: 880 (0x370), Position before Material: 467229
🔍 Primitive - Version >= MESH_TEXTURE_ALTERNATIVES (377), serializing TextureAlternatives
🔍 Primitive - Version: 880 (0x370), Position before Material: 467280
🔍 Primitive - Version >= MESH_TEXTURE_ALTERNATIVES (377), serializing TextureAlternatives
🔍 Primitive - Version: 880 (0x370), Position before Material: 467312
🔍 Primitive - Version >= MESH_TEXTURE_ALTERNATIVES (377), serializing TextureAlternatives
🔍 Primitive - Version: 880 (0x370), Position before Material: 467345
🔍 Primitive - Version >= MESH_TEXTURE_ALTERNATIVES (377), serializing TextureAlternatives
🔍 Primitive - Version: 880 (0x370), Position before Material: 467397
🔍 Primitive - Version >= MESH_TEXTURE_ALTERNATIVES (377), serializing TextureAlternatives
🔍 Primitive - Version: 880 (0x370), Position before Material: 467448
🔍 Primitive - Version >= MESH_TEXTURE_ALTERNATIVES (377), serializing TextureAlternatives
🔍 Primitive - Version: 880 (0x370), Position before Material: 467480
🔍 Primitive - Version >= MESH_TEXTURE_ALTERNATIVES (377), serializing TextureAlternatives
🔍 Primitive - Version: 880 (0x370), Position before Material: 467513
🔍 Primitive - Version >= MESH_TEXTURE_ALTERNATIVES (377), serializing TextureAlternatives
🔍 Primitive - Version: 880 (0x370), Position before Material: 467564
🔍 Primitive - Version >= MESH_TEXTURE_ALTERNATIVES (377), serializing TextureAlternatives
🔍 Primitive - Version: 880 (0x370), Position before Material: 467617
🔍 Primitive - Version >= MESH_TEXTURE_ALTERNATIVES (377), serializing TextureAlternatives
🔍 Primitive - Version: 880 (0x370), Position before Material: 467670
🔍 Primitive - Version >= MESH_TEXTURE_ALTERNATIVES (377), serializing TextureAlternatives
🔍 Primitive - Version: 880 (0x370), Position before Material: 467723
🔍 Primitive - Version >= MESH_TEXTURE_ALTERNATIVES (377), serializing TextureAlternatives
🔍 Primitive - Version: 880 (0x370), Position before Material: 467776
🔍 Primitive - Version >= MESH_TEXTURE_ALTERNATIVES (377), serializing TextureAlternatives
🔍 Primitive - Version: 880 (0x370), Position before Material: 467831
🔍 Primitive - Version >= MESH_TEXTURE_ALTERNATIVES (377), serializing TextureAlternatives
🔍 Primitive - Version: 880 (0x370), Position before Material: 467865
🔍 Primitive - Version >= MESH_TEXTURE_ALTERNATIVES (377), serializing TextureAlternatives
🔍 Primitive - Version: 880 (0x370), Position before Material: 467900
🔍 Primitive - Version >= MESH_TEXTURE_ALTERNATIVES (377), serializing TextureAlternatives
🔍 Primitive - Version: 880 (0x370), Position before Material: 467914
🔍 Primitive - Version >= MESH_TEXTURE_ALTERNATIVES (377), serializing TextureAlternatives
🔍 Primitive - Version: 880 (0x370), Position before Material: 467966
🔍 Primitive - Version >= MESH_TEXTURE_ALTERNATIVES (377), serializing TextureAlternatives
🔍 Primitive - Version: 880 (0x370), Position before Material: 468002
🔍 Primitive - Version >= MESH_TEXTURE_ALTERNATIVES (377), serializing TextureAlternatives
🔍 Primitive - Version: 880 (0x370), Position before Material: 468041
🔍 Primitive - Version >= MESH_TEXTURE_ALTERNATIVES (377), serializing TextureAlternatives
🔍 Primitive - Version: 880 (0x370), Position before Material: 468077
🔍 Primitive - Version >= MESH_TEXTURE_ALTERNATIVES (377), serializing TextureAlternatives
🔍 Primitive - Version: 880 (0x370), Position before Material: 468109
🔍 Primitive - Version >= MESH_TEXTURE_ALTERNATIVES (377), serializing TextureAlternatives
🔍 Primitive - Version: 880 (0x370), Position before Material: 468145
🔍 Primitive - Version >= MESH_TEXTURE_ALTERNATIVES (377), serializing TextureAlternatives
🔍 Primitive - Version: 880 (0x370), Position before Material: 468197
🔍 Primitive - Version >= MESH_TEXTURE_ALTERNATIVES (377), serializing TextureAlternatives
🔍 Primitive - Version: 880 (0x370), Position before Material: 468231
🔍 Primitive - Version >= MESH_TEXTURE_ALTERNATIVES (377), serializing TextureAlternatives
🔍 Primitive - Version: 880 (0x370), Position before Material: 468246
🔍 Primitive - Version >= MESH_TEXTURE_ALTERNATIVES (377), serializing TextureAlternatives
🔍 Primitive - Version: 880 (0x370), Position before Material: 468301
🔍 Primitive - Version >= MESH_TEXTURE_ALTERNATIVES (377), serializing TextureAlternatives
🔍 Primitive - Version: 880 (0x370), Position before Material: 468331
🔍 Primitive - Version >= MESH_TEXTURE_ALTERNATIVES (377), serializing TextureAlternatives
🔍 Primitive - Version: 880 (0x370), Position before Material: 468384
🔍 Primitive - Version >= MESH_TEXTURE_ALTERNATIVES (377), serializing TextureAlternatives
🔍 Primitive - Version: 880 (0x370), Position before Material: 468394
🔍 Primitive - Version >= MESH_TEXTURE_ALTERNATIVES (377), serializing TextureAlternatives
🔍 Primitive - Version: 880 (0x370), Position before Material: 468447
🔍 Primitive - Version >= MESH_TEXTURE_ALTERNATIVES (377), serializing TextureAlternatives
🔍 Primitive - Version: 880 (0x370), Position before Material: 468499
🔍 Primitive - Version >= MESH_TEXTURE_ALTERNATIVES (377), serializing TextureAlternatives
🔍 Primitive - Version: 880 (0x370), Position before Material: 468551
🔍 Primitive - Version >= MESH_TEXTURE_ALTERNATIVES (377), serializing TextureAlternatives
🔍 Primitive - Version: 880 (0x370), Position before Material: 468583
🔍 Primitive - Version >= MESH_TEXTURE_ALTERNATIVES (377), serializing TextureAlternatives
🔍 Primitive - Version: 880 (0x370), Position before Material: 468634
🔍 Primitive - Version >= MESH_TEXTURE_ALTERNATIVES (377), serializing TextureAlternatives
🔍 Primitive - Version: 880 (0x370), Position before Material: 468673
🔍 Primitive - Version >= MESH_TEXTURE_ALTERNATIVES (377), serializing TextureAlternatives
🔍 Primitive - Version: 880 (0x370), Position before Material: 468724
🔍 Primitive - Version >= MESH_TEXTURE_ALTERNATIVES (377), serializing TextureAlternatives
🔍 Primitive - Version: 880 (0x370), Position before Material: 468757
🔍 Primitive - Version >= MESH_TEXTURE_ALTERNATIVES (377), serializing TextureAlternatives
🔍 Primitive - Version: 880 (0x370), Position before Material: 468793
🔍 Primitive - Version >= MESH_TEXTURE_ALTERNATIVES (377), serializing TextureAlternatives
🔍 Primitive - Version: 880 (0x370), Position before Material: 468810
🔍 Primitive - Version >= MESH_TEXTURE_ALTERNATIVES (377), serializing TextureAlternatives
🔍 Primitive - Version: 880 (0x370), Position before Material: 468826
🔍 Primitive - Version >= MESH_TEXTURE_ALTERNATIVES (377), serializing TextureAlternatives
🔍 Primitive - Version: 880 (0x370), Position before Material: 468861
🔍 Primitive - Version >= MESH_TEXTURE_ALTERNATIVES (377), serializing TextureAlternatives
🔍 Primitive - Version: 880 (0x370), Position before Material: 468893
🔍 Primitive - Version >= MESH_TEXTURE_ALTERNATIVES (377), serializing TextureAlternatives
🔍 Primitive - Version: 880 (0x370), Position before Material: 468905
🔍 Primitive - Version >= MESH_TEXTURE_ALTERNATIVES (377), serializing TextureAlternatives
🔍 Primitive - Version: 880 (0x370), Position before Material: 468959
🔍 Primitive - Version >= MESH_TEXTURE_ALTERNATIVES (377), serializing TextureAlternatives
🔍 Primitive - Version: 880 (0x370), Position before Material: 468993
🔍 Primitive - Version >= MESH_TEXTURE_ALTERNATIVES (377), serializing TextureAlternatives
🔍 Primitive - Version: 880 (0x370), Position before Material: 469023
🔍 Primitive - Version >= MESH_TEXTURE_ALTERNATIVES (377), serializing TextureAlternatives
🔍 Primitive - Version: 880 (0x370), Position before Material: 469075
🔍 Primitive - Version >= MESH_TEXTURE_ALTERNATIVES (377), serializing TextureAlternatives
🔍 Primitive - Version: 880 (0x370), Position before Material: 469126
🔍 Primitive - Version >= MESH_TEXTURE_ALTERNATIVES (377), serializing TextureAlternatives
🔍 Primitive - Version: 880 (0x370), Position before Material: 469181
🔍 Primitive - Version >= MESH_TEXTURE_ALTERNATIVES (377), serializing TextureAlternatives
🔍 Primitive - Version: 880 (0x370), Position before Material: 469197
🔍 Primitive - Version >= MESH_TEXTURE_ALTERNATIVES (377), serializing TextureAlternatives
🔍 Primitive - Version: 880 (0x370), Position before Material: 469250
🔍 Primitive - Version >= MESH_TEXTURE_ALTERNATIVES (377), serializing TextureAlternatives
🔍 Primitive - Version: 880 (0x370), Position before Material: 469262
🔍 Primitive - Version >= MESH_TEXTURE_ALTERNATIVES (377), serializing TextureAlternatives
🔍 Primitive - Version: 880 (0x370), Position before Material: 469294
🔍 Primitive - Version >= MESH_TEXTURE_ALTERNATIVES (377), serializing TextureAlternatives
🔍 Primitive - Version: 880 (0x370), Position before Material: 469305
🔍 Primitive - Version >= MESH_TEXTURE_ALTERNATIVES (377), serializing TextureAlternatives
🔍 Primitive - Version: 880 (0x370), Position before Material: 469358
🔍 Primitive - Version >= MESH_TEXTURE_ALTERNATIVES (377), serializing TextureAlternatives
🔍 Primitive - Version: 880 (0x370), Position before Material: 469394
🔍 Primitive - Version >= MESH_TEXTURE_ALTERNATIVES (377), serializing TextureAlternatives
🔍 Primitive - Version: 880 (0x370), Position before Material: 469427
🔍 Primitive - Version >= MESH_TEXTURE_ALTERNATIVES (377), serializing TextureAlternatives
🔍 Primitive - Version: 880 (0x370), Position before Material: 469458
🔍 Primitive - Version >= MESH_TEXTURE_ALTERNATIVES (377), serializing TextureAlternatives
🔍 Primitive - Version: 880 (0x370), Position before Material: 469509
🔍 Primitive - Version >= MESH_TEXTURE_ALTERNATIVES (377), serializing TextureAlternatives
🔍 Primitive - Version: 880 (0x370), Position before Material: 469542
🔍 Primitive - Version >= MESH_TEXTURE_ALTERNATIVES (377), serializing TextureAlternatives
🔍 Primitive - Version: 880 (0x370), Position before Material: 469557
🔍 Primitive - Version >= MESH_TEXTURE_ALTERNATIVES (377), serializing TextureAlternatives
🔍 Primitive - Version: 880 (0x370), Position before Material: 469577
🔍 Primitive - Version >= MESH_TEXTURE_ALTERNATIVES (377), serializing TextureAlternatives
🔍 Primitive - Version: 880 (0x370), Position before Material: 469613
🔍 Primitive - Version >= MESH_TEXTURE_ALTERNATIVES (377), serializing TextureAlternatives
🔍 Primitive - Version: 880 (0x370), Position before Material: 469645
🔍 Primitive - Version >= MESH_TEXTURE_ALTERNATIVES (377), serializing TextureAlternatives
🔍 Primitive - Version: 880 (0x370), Position before Material: 469675
🔍 Primitive - Version >= MESH_TEXTURE_ALTERNATIVES (377), serializing TextureAlternatives
🔍 Primitive - Version: 880 (0x370), Position before Material: 469710
🔍 Primitive - Version >= MESH_TEXTURE_ALTERNATIVES (377), serializing TextureAlternatives
🔍 Primitive - Version: 880 (0x370), Position before Material: 469767
🔍 Primitive - Version >= MESH_TEXTURE_ALTERNATIVES (377), serializing TextureAlternatives
🔍 Primitive - Version: 880 (0x370), Position before Material: 469806
🔍 Primitive - Version >= MESH_TEXTURE_ALTERNATIVES (377), serializing TextureAlternatives
🔍 Primitive - Version: 880 (0x370), Position before Material: 469836
🔍 Primitive - Version >= MESH_TEXTURE_ALTERNATIVES (377), serializing TextureAlternatives
🔍 Primitive - Version: 880 (0x370), Position before Material: 469873
🔍 Primitive - Version >= MESH_TEXTURE_ALTERNATIVES (377), serializing TextureAlternatives
🔍 Primitive - Version: 880 (0x370), Position before Material: 469885
🔍 Primitive - Version >= MESH_TEXTURE_ALTERNATIVES (377), serializing TextureAlternatives
🔍 Primitive - Version: 880 (0x370), Position before Material: 469922
🔍 Primitive - Version >= MESH_TEXTURE_ALTERNATIVES (377), serializing TextureAlternatives
🔍 Primitive - Version: 880 (0x370), Position before Material: 469955
🔍 Primitive - Version >= MESH_TEXTURE_ALTERNATIVES (377), serializing TextureAlternatives
🔍 Primitive - Version: 880 (0x370), Position before Material: 470009
🔍 Primitive - Version >= MESH_TEXTURE_ALTERNATIVES (377), serializing TextureAlternatives
🔍 Primitive - Version: 880 (0x370), Position before Material: 470063
🔍 Primitive - Version >= MESH_TEXTURE_ALTERNATIVES (377), serializing TextureAlternatives
🔍 Primitive - Version: 880 (0x370), Position before Material: 470074
🔍 Primitive - Version >= MESH_TEXTURE_ALTERNATIVES (377), serializing TextureAlternatives
🔍 Primitive - Version: 880 (0x370), Position before Material: 470109
🔍 Primitive - Version >= MESH_TEXTURE_ALTERNATIVES (377), serializing TextureAlternatives
🔍 Primitive - Version: 880 (0x370), Position before Material: 470144
🔍 Primitive - Version >= MESH_TEXTURE_ALTERNATIVES (377), serializing TextureAlternatives
🔍 Primitive - Version: 880 (0x370), Position before Material: 470154
🔍 Primitive - Version >= MESH_TEXTURE_ALTERNATIVES (377), serializing TextureAlternatives
🔍 Primitive - Version: 880 (0x370), Position before Material: 470207
🔍 Primitive - Version >= MESH_TEXTURE_ALTERNATIVES (377), serializing TextureAlternatives
🔍 Primitive - Version: 880 (0x370), Position before Material: 470238
🔍 Primitive - Version >= MESH_TEXTURE_ALTERNATIVES (377), serializing TextureAlternatives
🔍 Primitive - Version: 880 (0x370), Position before Material: 470275
🔍 Primitive - Version >= MESH_TEXTURE_ALTERNATIVES (377), serializing TextureAlternatives
🔍 Primitive - Version: 880 (0x370), Position before Material: 470310
🔍 Primitive - Version >= MESH_TEXTURE_ALTERNATIVES (377), serializing TextureAlternatives
🔍 Primitive - Version: 880 (0x370), Position before Material: 470364
🔍 Primitive - Version >= MESH_TEXTURE_ALTERNATIVES (377), serializing TextureAlternatives
🔍 Primitive - Version: 880 (0x370), Position before Material: 470399
🔍 Primitive - Version >= MESH_TEXTURE_ALTERNATIVES (377), serializing TextureAlternatives
🔍 Primitive - Version: 880 (0x370), Position before Material: 470431
🔍 Primitive - Version >= MESH_TEXTURE_ALTERNATIVES (377), serializing TextureAlternatives
🔍 Primitive - Version: 880 (0x370), Position before Material: 470447
🔍 Primitive - Version >= MESH_TEXTURE_ALTERNATIVES (377), serializing TextureAlternatives
🔍 Primitive - Version: 880 (0x370), Position before Material: 470458
🔍 Primitive - Version >= MESH_TEXTURE_ALTERNATIVES (377), serializing TextureAlternatives
🔍 Primitive - Version: 880 (0x370), Position before Material: 470476
🔍 Primitive - Version >= MESH_TEXTURE_ALTERNATIVES (377), serializing TextureAlternatives
🔍 Primitive - Version: 880 (0x370), Position before Material: 470507
🔍 Primitive - Version >= MESH_TEXTURE_ALTERNATIVES (377), serializing TextureAlternatives
🔍 Primitive - Version: 880 (0x370), Position before Material: 470540
🔍 Primitive - Version >= MESH_TEXTURE_ALTERNATIVES (377), serializing TextureAlternatives
🔍 Primitive - Version: 880 (0x370), Position before Material: 470577
🔍 Primitive - Version >= MESH_TEXTURE_ALTERNATIVES (377), serializing TextureAlternatives
🔍 Primitive - Version: 880 (0x370), Position before Material: 470611
🔍 Primitive - Version >= MESH_TEXTURE_ALTERNATIVES (377), serializing TextureAlternatives
🔍 Primitive - Version: 880 (0x370), Position before Material: 470623
🔍 Primitive - Version >= MESH_TEXTURE_ALTERNATIVES (377), serializing TextureAlternatives
🔍 Primitive - Version: 880 (0x370), Position before Material: 470661
🔍 Primitive - Version >= MESH_TEXTURE_ALTERNATIVES (377), serializing TextureAlternatives
🔍 Primitive - Version: 880 (0x370), Position before Material: 470714
🔍 Primitive - Version >= MESH_TEXTURE_ALTERNATIVES (377), serializing TextureAlternatives
🔍 Primitive - Version: 880 (0x370), Position before Material: 470749
🔍 Primitive - Version >= MESH_TEXTURE_ALTERNATIVES (377), serializing TextureAlternatives
🔍 Primitive - Version: 880 (0x370), Position before Material: 470781
🔍 Primitive - Version >= MESH_TEXTURE_ALTERNATIVES (377), serializing TextureAlternatives
🔍 Primitive - Version: 880 (0x370), Position before Material: 470795
🔍 Primitive - Version >= MESH_TEXTURE_ALTERNATIVES (377), serializing TextureAlternatives
🔍 Primitive - Version: 880 (0x370), Position before Material: 470829
🔍 Primitive - Version >= MESH_TEXTURE_ALTERNATIVES (377), serializing TextureAlternatives
🔍 Primitive - Version: 880 (0x370), Position before Material: 470841
🔍 Primitive - Version >= MESH_TEXTURE_ALTERNATIVES (377), serializing TextureAlternatives
🔍 Primitive - Version: 880 (0x370), Position before Material: 470875
🔍 Primitive - Version >= MESH_TEXTURE_ALTERNATIVES (377), serializing TextureAlternatives
🔍 Primitive - Version: 880 (0x370), Position before Material: 470887
🔍 Primitive - Version >= MESH_TEXTURE_ALTERNATIVES (377), serializing TextureAlternatives
🔍 Primitive - Version: 880 (0x370), Position before Material: 470897
🔍 Primitive - Version >= MESH_TEXTURE_ALTERNATIVES (377), serializing TextureAlternatives
🔍 Primitive - Version: 880 (0x370), Position before Material: 470933
🔍 Primitive - Version >= MESH_TEXTURE_ALTERNATIVES (377), serializing TextureAlternatives
🔍 Primitive - Version: 880 (0x370), Position before Material: 470964
🔍 Primitive - Version >= MESH_TEXTURE_ALTERNATIVES (377), serializing TextureAlternatives
🔍 Primitive - Version: 880 (0x370), Position before Material: 470999
🔍 Primitive - Version >= MESH_TEXTURE_ALTERNATIVES (377), serializing TextureAlternatives
🔍 Primitive - Version: 880 (0x370), Position before Material: 471011
🔍 Primitive - Version >= MESH_TEXTURE_ALTERNATIVES (377), serializing TextureAlternatives
🔍 Primitive - Version: 880 (0x370), Position before Material: 471049
🔍 Primitive - Version >= MESH_TEXTURE_ALTERNATIVES (377), serializing TextureAlternatives
🔍 Primitive - Version: 880 (0x370), Position before Material: 471061
🔍 Primitive - Version >= MESH_TEXTURE_ALTERNATIVES (377), serializing TextureAlternatives
🔍 Primitive - Version: 880 (0x370), Position before Material: 471076
🔍 Primitive - Version >= MESH_TEXTURE_ALTERNATIVES (377), serializing TextureAlternatives
🔍 Primitive - Version: 880 (0x370), Position before Material: 471106
🔍 Primitive - Version >= MESH_TEXTURE_ALTERNATIVES (377), serializing TextureAlternatives
🔍 Primitive - Version: 880 (0x370), Position before Material: 471117
🔍 Primitive - Version >= MESH_TEXTURE_ALTERNATIVES (377), serializing TextureAlternatives
🔍 Primitive - Version: 880 (0x370), Position before Material: 471170
🔍 Primitive - Version >= MESH_TEXTURE_ALTERNATIVES (377), serializing TextureAlternatives
🔍 Primitive - Version: 880 (0x370), Position before Material: 471202
🔍 Primitive - Version >= MESH_TEXTURE_ALTERNATIVES (377), serializing TextureAlternatives
🔍 Primitive - Version: 880 (0x370), Position before Material: 471214
🔍 Primitive - Version >= MESH_TEXTURE_ALTERNATIVES (377), serializing TextureAlternatives
🔍 Primitive - Version: 880 (0x370), Position before Material: 471223
🔍 Primitive - Version >= MESH_TEXTURE_ALTERNATIVES (377), serializing TextureAlternatives
🔍 Primitive - Version: 880 (0x370), Position before Material: 471274
🔍 Primitive - Version >= MESH_TEXTURE_ALTERNATIVES (377), serializing TextureAlternatives
🔍 Primitive - Version: 880 (0x370), Position before Material: 471285
🔍 Primitive - Version >= MESH_TEXTURE_ALTERNATIVES (377), serializing TextureAlternatives
🔍 Primitive - Version: 880 (0x370), Position before Material: 471337
🔍 Primitive - Version >= MESH_TEXTURE_ALTERNATIVES (377), serializing TextureAlternatives
🔍 Primitive - Version: 880 (0x370), Position before Material: 471390
🔍 Primitive - Version >= MESH_TEXTURE_ALTERNATIVES (377), serializing TextureAlternatives
🔍 Primitive - Version: 880 (0x370), Position before Material: 471401
🔍 Primitive - Version >= MESH_TEXTURE_ALTERNATIVES (377), serializing TextureAlternatives
🔍 Primitive - Version: 880 (0x370), Position before Material: 471457
🔍 Primitive - Version >= MESH_TEXTURE_ALTERNATIVES (377), serializing TextureAlternatives
🔍 Primitive - Version: 880 (0x370), Position before Material: 471489
🔍 Primitive - Version >= MESH_TEXTURE_ALTERNATIVES (377), serializing TextureAlternatives
🔍 Primitive - Version: 880 (0x370), Position before Material: 471521
🔍 Primitive - Version >= MESH_TEXTURE_ALTERNATIVES (377), serializing TextureAlternatives
🔍 Primitive - Version: 880 (0x370), Position before Material: 471573
🔍 Primitive - Version >= MESH_TEXTURE_ALTERNATIVES (377), serializing TextureAlternatives
🔍 Primitive - Version: 880 (0x370), Position before Material: 471606
🔍 Primitive - Version >= MESH_TEXTURE_ALTERNATIVES (377), serializing TextureAlternatives
🔍 Primitive - Version: 880 (0x370), Position before Material: 471641
🔍 Primitive - Version >= MESH_TEXTURE_ALTERNATIVES (377), serializing TextureAlternatives
🔍 Primitive - Version: 880 (0x370), Position before Material: 471674
🔍 Primitive - Version >= MESH_TEXTURE_ALTERNATIVES (377), serializing TextureAlternatives
🔍 Primitive - Version: 880 (0x370), Position before Material: 471687
🔍 Primitive - Version >= MESH_TEXTURE_ALTERNATIVES (377), serializing TextureAlternatives
🔍 Primitive - Version: 880 (0x370), Position before Material: 471719
🔍 Primitive - Version >= MESH_TEXTURE_ALTERNATIVES (377), serializing TextureAlternatives
🔍 Primitive - Version: 880 (0x370), Position before Material: 471735
🔍 Primitive - Version >= MESH_TEXTURE_ALTERNATIVES (377), serializing TextureAlternatives
🔍 Primitive - Version: 880 (0x370), Position before Material: 471766
🔍 Primitive - Version >= MESH_TEXTURE_ALTERNATIVES (377), serializing TextureAlternatives
🔍 Primitive - Version: 880 (0x370), Position before Material: 471797
🔍 Primitive - Version >= MESH_TEXTURE_ALTERNATIVES (377), serializing TextureAlternatives
🔍 Primitive - Version: 880 (0x370), Position before Material: 471830
🔍 Primitive - Version >= MESH_TEXTURE_ALTERNATIVES (377), serializing TextureAlternatives
🔍 Primitive - Version: 880 (0x370), Position before Material: 471862
🔍 Primitive - Version >= MESH_TEXTURE_ALTERNATIVES (377), serializing TextureAlternatives
🔍 Primitive - Version: 880 (0x370), Position before Material: 471875
🔍 Primitive - Version >= MESH_TEXTURE_ALTERNATIVES (377), serializing TextureAlternatives
🔍 Primitive - Version: 880 (0x370), Position before Material: 471929
🔍 Primitive - Version >= MESH_TEXTURE_ALTERNATIVES (377), serializing TextureAlternatives
🔍 Primitive - Version: 880 (0x370), Position before Material: 471981
🔍 Primitive - Version >= MESH_TEXTURE_ALTERNATIVES (377), serializing TextureAlternatives
🔍 Primitive - Version: 880 (0x370), Position before Material: 472014
🔍 Primitive - Version >= MESH_TEXTURE_ALTERNATIVES (377), serializing TextureAlternatives
🔍 Primitive - Version: 880 (0x370), Position before Material: 472025
🔍 Primitive - Version >= MESH_TEXTURE_ALTERNATIVES (377), serializing TextureAlternatives
🔍 Primitive - Version: 880 (0x370), Position before Material: 472057
🔍 Primitive - Version >= MESH_TEXTURE_ALTERNATIVES (377), serializing TextureAlternatives
🔍 Primitive - Version: 880 (0x370), Position before Material: 472069
🔍 Primitive - Version >= MESH_TEXTURE_ALTERNATIVES (377), serializing TextureAlternatives
🔍 Primitive - Version: 880 (0x370), Position before Material: 472120
🔍 Primitive - Version >= MESH_TEXTURE_ALTERNATIVES (377), serializing TextureAlternatives
RMesh Debug - Starting Bones search from position: 472150
RMesh Debug - Testing offset 0 (pos 472150): count = 1056653
RMesh Debug - 🎯 Found promising count 7 at offset 96 (pos 472246)
RMesh Debug - First bone string size: 1064908 at position 472250
RMesh Debug - 🎯 Found promising count 20 at offset 160 (pos 472310)
RMesh Debug - First bone string size: 11691 at position 472314
RMesh Debug - 🎯 Found promising count 7 at offset 176 (pos 472326)
RMesh Debug - First bone string size: 58 at position 472330
RMesh Debug - Long string preview: '?LVa?-O' (looks like text: False)
RMesh Debug - Long string doesn't look like text, skipping
RMesh Debug - 🎯 Found promising count 17 at offset 208 (pos 472358)
RMesh Debug - First bone string size: 79 at position 472362
RMesh Debug - 🎯 Found promising count 17 at offset 256 (pos 472406)
RMesh Debug - First bone string size: 62 at position 472410
RMesh Debug - Long string preview: '�A��@_�' (looks like text: False)
RMesh Debug - Long string doesn't look like text, skipping
RMesh Debug - 🎯 Found promising count 20 at offset 304 (pos 472454)
RMesh Debug - First bone string size: 3054 at position 472458
RMesh Debug - 🎯 Found promising count 7 at offset 320 (pos 472470)
RMesh Debug - First bone string size: 6959 at position 472474
RMesh Debug - 🎯 Found promising count 20 at offset 328 (pos 472478)
RMesh Debug - First bone string size: 11691 at position 472482
RMesh Debug - 🎯 Found promising count 7 at offset 344 (pos 472494)
RMesh Debug - First bone string size: 6959 at position 472498
RMesh Debug - 🎯 Found promising count 17 at offset 376 (pos 472526)
RMesh Debug - First bone string size: 79 at position 472530
RMesh Debug - 🎯 Found promising count 17 at offset 424 (pos 472574)
RMesh Debug - First bone string size: 62 at position 472578
RMesh Debug - Long string preview: '�A��@_�' (looks like text: False)
RMesh Debug - Long string doesn't look like text, skipping
RMesh Debug - 🎯 Found promising count 20 at offset 472 (pos 472622)
RMesh Debug - First bone string size: 3054 at position 472626
RMesh Debug - 🎯 Found promising count 7 at offset 488 (pos 472638)
RMesh Debug - First bone string size: 116 at position 472642
RMesh Debug - Testing offset 512 (pos 472662): count = 1032703
RMesh Debug - 🎯 Found promising count 0 at offset 736 (pos 472886)
RMesh Debug - ✅ Accepting small bone count 0 at offset 736 (pos 472886)
Pod mesh - Vertices: 11664, Indices: 19908
[xUnit.net 00:00:00.14]   Finished:    CwLibNetTests
  Passed CwLibNetTests.PodTests.DeserializePodMolAsRMesh [49 ms]

Test Run Successful.
Total tests: 1
     Passed: 1
 Total time: 0.4489 Seconds
     3>Done Building Project "/home/dylan/Documents/GitHub/CwLibNet/CwLibNetTests/CwLibNetTests.csproj" (VSTest target(s)).
     1>Done Building Project "/home/dylan/Documents/GitHub/CwLibNet/CwLibNet.sln" (VSTest target(s)).

Build succeeded.
    0 Warning(s)
    0 Error(s)

Time Elapsed 00:00:01.60
